<*GCC-Win32-Linker-generated-mapfile*>
Archive member included to satisfy reference by file (symbol)

C:/Users/DSPACE~1/AppData/Local/Temp/VEOS_S~1/BinaryArtifacts/turnlamp/HostPC32_GCC/VEOS_turnlamp.lib(turnlamp_dsrtmdlfcn.obj)
                              .\BinaryArtifacts\turnlamp\HostPC32_GCC\SicAppFrm.o (turnlamp_DSRTInitMdl)
C:/Users/DSPACE~1/AppData/Local/Temp/VEOS_S~1/BinaryArtifacts/turnlamp/HostPC32_GCC/VEOS_turnlamp.lib(turnlamp_dsrttf.obj)
                              .\BinaryArtifacts\turnlamp\HostPC32_GCC\SicAppFrm_Task_generated.o (turnlamp_DSRTMdlOutputs0)
C:/Users/DSPACE~1/AppData/Local/Temp/VEOS_S~1/BinaryArtifacts/turnlamp/HostPC32_GCC/VEOS_turnlamp.lib(turnlamp.obj)
                              C:/Users/DSPACE~1/AppData/Local/Temp/VEOS_S~1/BinaryArtifacts/turnlamp/HostPC32_GCC/VEOS_turnlamp.lib(turnlamp_dsrttf.obj) (turnlamp_output0)
C:/Users/DSPACE~1/AppData/Local/Temp/VEOS_S~1/BinaryArtifacts/turnlamp/HostPC32_GCC/VEOS_turnlamp.lib(rt_nonfinite.obj)
                              C:/Users/DSPACE~1/AppData/Local/Temp/VEOS_S~1/BinaryArtifacts/turnlamp/HostPC32_GCC/VEOS_turnlamp.lib(turnlamp.obj) (rt_InitInfAndNaN)
C:/Users/DSPACE~1/AppData/Local/Temp/VEOS_S~1/BinaryArtifacts/turnlamp/HostPC32_GCC/VEOS_turnlamp.lib(turnlamp_data.obj)
                              C:/Users/DSPACE~1/AppData/Local/Temp/VEOS_S~1/BinaryArtifacts/turnlamp/HostPC32_GCC/VEOS_turnlamp.lib(turnlamp.obj) (turnlamp_P)
C:/Users/DSPACE~1/AppData/Local/Temp/VEOS_S~1/BinaryArtifacts/turnlamp/HostPC32_GCC/VEOS_turnlamp.lib(turnlamp_dsrtvdf.obj)
                              C:/Users/DSPACE~1/AppData/Local/Temp/VEOS_S~1/BinaryArtifacts/turnlamp/HostPC32_GCC/VEOS_turnlamp.lib(turnlamp.obj) (turnlamp_rti_init_trc_pointers)
C:/Users/DSPACE~1/AppData/Local/Temp/VEOS_S~1/BinaryArtifacts/turnlamp/HostPC32_GCC/VEOS_turnlamp.lib(rtGetInf.obj)
                              C:/Users/DSPACE~1/AppData/Local/Temp/VEOS_S~1/BinaryArtifacts/turnlamp/HostPC32_GCC/VEOS_turnlamp.lib(rt_nonfinite.obj) (rtGetInf)
C:/Users/DSPACE~1/AppData/Local/Temp/VEOS_S~1/BinaryArtifacts/turnlamp/HostPC32_GCC/VEOS_turnlamp.lib(rtGetNaN.obj)
                              C:/Users/DSPACE~1/AppData/Local/Temp/VEOS_S~1/BinaryArtifacts/turnlamp/HostPC32_GCC/VEOS_turnlamp.lib(rt_nonfinite.obj) (rtGetNaN)
C:/Users/DSPACE~1/AppData/Local/Temp/VEOS_S~1/GeneratedCode/LibraryFiles/ModelInit/ModelInit_HostPC32_GCC_Debug.lib(ModelInit.obj)
                              .\BinaryArtifacts\turnlamp\HostPC32_GCC\VEOS_Impl.o (VEOS_MdlInitApiImpl_CheckModel)
C:/Users/DSPACE~1/AppData/Local/Temp/VEOS_S~1/GeneratedCode/LibraryFiles/ModelInit/ModelInit_HostPC32_GCC_Debug.lib(VEOS_FrmRef.obj)
                              .\BinaryArtifacts\turnlamp\HostPC32_GCC\VEOS_MsgApi.o (gp_VEOS_MsgApi_ShowMessageVarArgs)
C:/Users/DSPACE~1/AppData/Local/Temp/VEOS_S~1/GeneratedCode/LibraryFiles/ModelInit/NoEcuIoCore_HostPC32_GCC_Debug.lib(NoEcuInit.obj)
                              C:/Users/DSPACE~1/AppData/Local/Temp/VEOS_S~1/GeneratedCode/LibraryFiles/ModelInit/ModelInit_HostPC32_GCC_Debug.lib(ModelInit.obj) (VEOS_ModelInit_EcuCoreInit)
C:/Users/DSPACE~1/AppData/Local/Temp/VEOS_S~1/GeneratedCode/LibraryFiles/ModelInit/NoCanIoCore_HostPC32_GCC_Debug.lib(NoCanInit.obj)
                              C:/Users/DSPACE~1/AppData/Local/Temp/VEOS_S~1/GeneratedCode/LibraryFiles/ModelInit/ModelInit_HostPC32_GCC_Debug.lib(ModelInit.obj) (VEOS_ModelInit_CanCoreInit)
C:/Users/DSPACE~1/AppData/Local/Temp/VEOS_S~1/GeneratedCode/LibraryFiles/ModelInit/NoLinIoCore_HostPC32_GCC_Debug.lib(NoLinInit.obj)
                              C:/Users/DSPACE~1/AppData/Local/Temp/VEOS_S~1/GeneratedCode/LibraryFiles/ModelInit/ModelInit_HostPC32_GCC_Debug.lib(ModelInit.obj) (VEOS_ModelInit_LinCoreInit)
C:/Users/DSPACE~1/AppData/Local/Temp/VEOS_S~1/GeneratedCode/LibraryFiles/ModelInit/NoEthIoCore_HostPC32_GCC_Debug.lib(NoEthInit.obj)
                              C:/Users/DSPACE~1/AppData/Local/Temp/VEOS_S~1/GeneratedCode/LibraryFiles/ModelInit/ModelInit_HostPC32_GCC_Debug.lib(ModelInit.obj) (VEOS_ModelInit_EthCoreInit)
C:/Program Files/Common Files/dSPACE/GCC/13.2/i686/bin/../lib/gcc/i686-w64-mingw32/13.2.0/../../../../i686-w64-mingw32/lib/../lib/libmingw32.a(lib32_libmingw32_a-gccmain.o)
                              C:/Program Files/Common Files/dSPACE/GCC/13.2/i686/bin/../lib/gcc/i686-w64-mingw32/13.2.0/../../../../i686-w64-mingw32/lib/../lib/dllcrt2.o (__main)
C:/Program Files/Common Files/dSPACE/GCC/13.2/i686/bin/../lib/gcc/i686-w64-mingw32/13.2.0/../../../../i686-w64-mingw32/lib/../lib/libmingw32.a(lib32_libmingw32_a-natstart.o)
                              C:/Program Files/Common Files/dSPACE/GCC/13.2/i686/bin/../lib/gcc/i686-w64-mingw32/13.2.0/../../../../i686-w64-mingw32/lib/../lib/dllcrt2.o (__native_startup_lock)
[...]
Memory Configuration

Name             Origin             Length             Attributes
*default*        0x00000000         0xffffffff

Linker script and memory map

                0x00000000                __image_base__ = 0x0
                0x00000000                __dll__ = 0x0
                0x00000000                ___ImageBase = 0x0
                0x00001000                __section_alignment__ = 0x1000
                0x00000200                __file_alignment__ = 0x200
                0x00000004                __major_os_version__ = 0x4
                0x00000000                __minor_os_version__ = 0x0
                0x00000001                __major_image_version__ = 0x1
                0x00000000                __minor_image_version__ = 0x0
                0x00000004                __major_subsystem_version__ = 0x4
                0x00000000                __minor_subsystem_version__ = 0x0
                0x00000003                __subsystem__ = 0x3
                0x00200000                __size_of_stack_reserve__ = 0x200000
                0x00001000                __size_of_stack_commit__ = 0x1000
                0x00100000                __size_of_heap_reserve__ = 0x100000
                0x00001000                __size_of_heap_commit__ = 0x1000
                0x00000000                __loader_flags__ = 0x0
                0x00000140                __dll_characteristics__ = 0x140
LOAD C:/Program Files/Common Files/dSPACE/GCC/13.2/i686/bin/../lib/gcc/i686-w64-mingw32/13.2.0/../../../../i686-w64-mingw32/lib/../lib/dllcrt2.o
LOAD C:/Program Files/Common Files/dSPACE/GCC/13.2/i686/bin/../lib/gcc/i686-w64-mingw32/13.2.0/crtbegin.o
LOAD C:/Program Files/Common Files/dSPACE/GCC/13.2/i686/bin/../lib/gcc/i686-w64-mingw32/13.2.0/../../../../i686-w64-mingw32/lib/../lib/libws2_32.a
LOAD C:/Program Files/Common Files/dSPACE/GCC/13.2/i686/bin/../lib/gcc/i686-w64-mingw32/13.2.0/../../../../i686-w64-mingw32/lib/../lib/libpsapi.a
START GROUP
LOAD .\BinaryArtifacts\turnlamp\HostPC32_GCC\SmartServices_Cfg_generated.o
LOAD .\BinaryArtifacts\turnlamp\HostPC32_GCC\SmartServices.o
LOAD .\BinaryArtifacts\turnlamp\HostPC32_GCC\SicAppFrm_Task_generated.o
LOAD .\BinaryArtifacts\turnlamp\HostPC32_GCC\SicAppFrm_AccPt_generated.o
LOAD .\BinaryArtifacts\turnlamp\HostPC32_GCC\SicAppFrm.o
LOAD .\BinaryArtifacts\turnlamp\HostPC32_GCC\SicAppFrm_Queue.o
LOAD .\BinaryArtifacts\turnlamp\HostPC32_GCC\VEOS_Api.o
LOAD .\BinaryArtifacts\turnlamp\HostPC32_GCC\VEOS_BusApi.o
LOAD .\BinaryArtifacts\turnlamp\HostPC32_GCC\VEOS_ExpApi.o
LOAD .\BinaryArtifacts\turnlamp\HostPC32_GCC\VEOS_SimApi.o
LOAD .\BinaryArtifacts\turnlamp\HostPC32_GCC\VEOS_NotiApi.o
LOAD .\BinaryArtifacts\turnlamp\HostPC32_GCC\VEOS_MsgApi.o
LOAD .\BinaryArtifacts\turnlamp\HostPC32_GCC\VEOS_PortApi.o
LOAD .\BinaryArtifacts\turnlamp\HostPC32_GCC\VEOS_OsTskApi.o
LOAD .\BinaryArtifacts\turnlamp\HostPC32_GCC\VEOS_Interaction.o
LOAD .\BinaryArtifacts\turnlamp\HostPC32_GCC\VEOS.o
LOAD .\BinaryArtifacts\turnlamp\HostPC32_GCC\VEOS_Impl.o
LOAD .\BinaryArtifacts\turnlamp\HostPC32_GCC\DsMsgApi.o
LOAD C:/Users/DSPACE~1/AppData/Local/Temp/VEOS_S~1/BinaryArtifacts/turnlamp/HostPC32_GCC/VEOS_turnlamp.lib
LOAD C:/Users/DSPACE~1/AppData/Local/Temp/VEOS_S~1/GeneratedCode/LibraryFiles/ModelInit/ModelInit_HostPC32_GCC_Debug.lib
LOAD C:/Users/DSPACE~1/AppData/Local/Temp/VEOS_S~1/GeneratedCode/LibraryFiles/ModelInit/NoEcuIoCore_HostPC32_GCC_Debug.lib
LOAD C:/Users/DSPACE~1/AppData/Local/Temp/VEOS_S~1/GeneratedCode/LibraryFiles/ModelInit/NoCanIoCore_HostPC32_GCC_Debug.lib
LOAD C:/Users/DSPACE~1/AppData/Local/Temp/VEOS_S~1/GeneratedCode/LibraryFiles/ModelInit/NoLinIoCore_HostPC32_GCC_Debug.lib
LOAD C:/Users/DSPACE~1/AppData/Local/Temp/VEOS_S~1/GeneratedCode/LibraryFiles/ModelInit/NoEthIoCore_HostPC32_GCC_Debug.lib
LOAD C:/Users/DSPACE~1/AppData/Local/Temp/VEOS_S~1/GeneratedCode/LibraryFiles/DsFxp/DSFxp_GCC.lib
LOAD C:/Users/DSPACE~1/AppData/Local/Temp/VEOS_S~1/BinaryArtifacts/turnlamp/HostPC32_GCC/VEOS_turnlamp.lib
LOAD C:/Users/DSPACE~1/AppData/Local/Temp/VEOS_S~1/GeneratedCode/LibraryFiles/ModelInit/ModelInit_HostPC32_GCC_Debug.lib
LOAD C:/Users/DSPACE~1/AppData/Local/Temp/VEOS_S~1/GeneratedCode/LibraryFiles/ModelInit/NoEcuIoCore_HostPC32_GCC_Debug.lib
LOAD C:/Users/DSPACE~1/AppData/Local/Temp/VEOS_S~1/GeneratedCode/LibraryFiles/ModelInit/NoCanIoCore_HostPC32_GCC_Debug.lib
LOAD C:/Users/DSPACE~1/AppData/Local/Temp/VEOS_S~1/GeneratedCode/LibraryFiles/ModelInit/NoLinIoCore_HostPC32_GCC_Debug.lib
LOAD C:/Users/DSPACE~1/AppData/Local/Temp/VEOS_S~1/GeneratedCode/LibraryFiles/ModelInit/NoEthIoCore_HostPC32_GCC_Debug.lib
LOAD C:/Users/DSPACE~1/AppData/Local/Temp/VEOS_S~1/GeneratedCode/LibraryFiles/DsFxp/DSFxp_GCC.lib
LOAD C:/Program Files/Common Files/dSPACE/GCC/13.2/i686/bin/../lib/gcc/i686-w64-mingw32/13.2.0/../../../../i686-w64-mingw32/lib/../lib/libws2_32.a
LOAD C:/Program Files/Common Files/dSPACE/GCC/13.2/i686/bin/../lib/gcc/i686-w64-mingw32/13.2.0/../../../../i686-w64-mingw32/lib/../lib/libpsapi.a
LOAD C:/Program Files/Common Files/dSPACE/GCC/13.2/i686/bin/../lib/gcc/i686-w64-mingw32/13.2.0/../../../../i686-w64-mingw32/lib/../lib/libshlwapi.a
END GROUP
LOAD C:/Program Files/Common Files/dSPACE/GCC/13.2/i686/bin/../lib/gcc/i686-w64-mingw32/13.2.0\libstdc++.a
LOAD C:/Program Files/Common Files/dSPACE/GCC/13.2/i686/bin/../lib/gcc/i686-w64-mingw32/13.2.0/../../../../i686-w64-mingw32/lib/../lib/libmingw32.a
LOAD C:/Program Files/Common Files/dSPACE/GCC/13.2/i686/bin/../lib/gcc/i686-w64-mingw32/13.2.0/libgcc.a
LOAD C:/Program Files/Common Files/dSPACE/GCC/13.2/i686/bin/../lib/gcc/i686-w64-mingw32/13.2.0/libgcc_eh.a
LOAD C:/Program Files/Common Files/dSPACE/GCC/13.2/i686/bin/../lib/gcc/i686-w64-mingw32/13.2.0/../../../../i686-w64-mingw32/lib/../lib/libmoldname.a
LOAD C:/Program Files/Common Files/dSPACE/GCC/13.2/i686/bin/../lib/gcc/i686-w64-mingw32/13.2.0/../../../../i686-w64-mingw32/lib/../lib/libmingwex.a
LOAD C:/Program Files/Common Files/dSPACE/GCC/13.2/i686/bin/../lib/gcc/i686-w64-mingw32/13.2.0/../../../../i686-w64-mingw32/lib/../lib/libmsvcrt.a
LOAD C:/Program Files/Common Files/dSPACE/GCC/13.2/i686/bin/../lib/gcc/i686-w64-mingw32/13.2.0/../../../../i686-w64-mingw32/lib/../lib/libkernel32.a
LOAD C:/Program Files/Common Files/dSPACE/GCC/13.2/i686/bin/../lib/gcc/i686-w64-mingw32/13.2.0/../../../../i686-w64-mingw32/lib/../lib/libadvapi32.a
LOAD C:/Program Files/Common Files/dSPACE/GCC/13.2/i686/bin/../lib/gcc/i686-w64-mingw32/13.2.0/../../../../i686-w64-mingw32/lib/../lib/libshell32.a
LOAD C:/Program Files/Common Files/dSPACE/GCC/13.2/i686/bin/../lib/gcc/i686-w64-mingw32/13.2.0/../../../../i686-w64-mingw32/lib/../lib/libuser32.a
LOAD C:/Program Files/Common Files/dSPACE/GCC/13.2/i686/bin/../lib/gcc/i686-w64-mingw32/13.2.0/../../../../i686-w64-mingw32/lib/../lib/libkernel32.a
LOAD C:/Program Files/Common Files/dSPACE/GCC/13.2/i686/bin/../lib/gcc/i686-w64-mingw32/13.2.0/../../../../i686-w64-mingw32/lib/../lib/libiconv.a
LOAD C:/Program Files/Common Files/dSPACE/GCC/13.2/i686/bin/../lib/gcc/i686-w64-mingw32/13.2.0/../../../../i686-w64-mingw32/lib/../lib/libmingw32.a
LOAD C:/Program Files/Common Files/dSPACE/GCC/13.2/i686/bin/../lib/gcc/i686-w64-mingw32/13.2.0/libgcc.a
LOAD C:/Program Files/Common Files/dSPACE/GCC/13.2/i686/bin/../lib/gcc/i686-w64-mingw32/13.2.0/libgcc_eh.a
LOAD C:/Program Files/Common Files/dSPACE/GCC/13.2/i686/bin/../lib/gcc/i686-w64-mingw32/13.2.0/../../../../i686-w64-mingw32/lib/../lib/libmoldname.a
LOAD C:/Program Files/Common Files/dSPACE/GCC/13.2/i686/bin/../lib/gcc/i686-w64-mingw32/13.2.0/../../../../i686-w64-mingw32/lib/../lib/libmingwex.a
LOAD C:/Program Files/Common Files/dSPACE/GCC/13.2/i686/bin/../lib/gcc/i686-w64-mingw32/13.2.0/../../../../i686-w64-mingw32/lib/../lib/libmsvcrt.a
LOAD C:/Program Files/Common Files/dSPACE/GCC/13.2/i686/bin/../lib/gcc/i686-w64-mingw32/13.2.0/../../../../i686-w64-mingw32/lib/../lib/libkernel32.a
LOAD C:/Program Files/Common Files/dSPACE/GCC/13.2/i686/bin/../lib/gcc/i686-w64-mingw32/13.2.0/crtend.o
                0x00000498                . = SIZEOF_HEADERS
                0x00001000                . = ALIGN (__section_alignment__)

.text           0x00001000     0x6600
 *(SORT_NONE(.init))
 *(.text)
 .text          0x00001000      0x3e0 C:/Program Files/Common Files/dSPACE/GCC/13.2/i686/bin/../lib/gcc/i686-w64-mingw32/13.2.0/../../../../i686-w64-mingw32/lib/../lib/dllcrt2.o
                0x00001020                _CRT_INIT@12
                0x00001390                DllMainCRTStartup@12
                0x000013c0                atexit
 .text          0x000013e0       0xd0 C:/Program Files/Common Files/dSPACE/GCC/13.2/i686/bin/../lib/gcc/i686-w64-mingw32/13.2.0/crtbegin.o
                0x000013e0                __gcc_register_frame
                0x00001480                __gcc_deregister_frame
 .text          0x000014b0        0x0 .\BinaryArtifacts\turnlamp\HostPC32_GCC\SmartServices_Cfg_generated.o
 .text          0x000014b0       0x54 .\BinaryArtifacts\turnlamp\HostPC32_GCC\SmartServices.o
                0x000014b0                SmartServices_Initialize
 .text          0x00001504      0x23c .\BinaryArtifacts\turnlamp\HostPC32_GCC\SicAppFrm_Task_generated.o
                0x00001504                SicAppFrm_ExecTask_Periodic_Task_2
                0x000015a8                SicAppFrm_ExecTask_Virtual_Task_0
                0x000016a2                SicAppFrm_ExecuteTask
                0x000016f8                turnlamp_DSRTTriggerFunction2
                0x00001717                SicAppFrm_ResetTasks
 .text          0x00001740      0x134 .\BinaryArtifacts\turnlamp\HostPC32_GCC\SicAppFrm_AccPt_generated.o
                0x00001740                turnlamp_APTerminateSimulation
                0x0000179a                turnlamp_APLastApplStateStopped
                0x000017b4                turnlamp_APPrintMessage
                0x000017d7                turnlamp_APStopSimulation
                0x00001806                SicAppFrm_DAQServiceCall1
                0x0000183c                SicAppFrm_DAQServiceCall0
 .text          0x00001874      0x7b8 .\BinaryArtifacts\turnlamp\HostPC32_GCC\SicAppFrm.o
                0x00001a4b                SicAppFrm_WasLastApplStateStopped
                0x00001a53                SicAppFrm_EnforceState
                0x00001ad9                SicAppFrm_Download
                0x00001b31                SicAppFrm_Start
                0x00001b8d                SicAppFrm_Stop
                0x00001bfe                SicAppFrm_CheckRunAllowed
                0x00001ced                SicAppFrm_Trigger
                0x00001e1a                SicAppFrm_CheckEvents
                0x00001ff1                SicAppFrm_TaskExitInAllModelTasks
                0x00002003                SicAppFrm_TriggerEvent
 .text          0x0000202c      0x390 .\BinaryArtifacts\turnlamp\HostPC32_GCC\SicAppFrm_Queue.o
                0x0000202c                SicAppFrm_CheckQueueItem
                0x00002052                SicAppFrm_QueueCheckNullPtr
                0x00002069                SicAppFrm_ReserveQueueBuffer
                0x000020bf                SicAppFrm_FillQueueBuffer
                0x00002112                SicAppFrm_Clear
                0x00002171                SicAppFrm_IsQueueEmpty
                0x000021bc                SicAppFrm_Dequeue
                0x00002293                SicAppFrm_SortQueue
                0x00002303                SicAppFrm_Enqueue
 .text          0x000023bc       0x60 .\BinaryArtifacts\turnlamp\HostPC32_GCC\VEOS_Api.o
                0x000023bc                VEOS_API_Start
                0x00002407                VEOS_API_Stop
                0x0000240d                VEOS_API_Download
 .text          0x0000241c        0x8 .\BinaryArtifacts\turnlamp\HostPC32_GCC\VEOS_BusApi.o
                0x0000241c                VEOS_BusApi_Start
 .text          0x00002424      0x1a8 .\BinaryArtifacts\turnlamp\HostPC32_GCC\VEOS_ExpApi.o
                0x00002460                VEOS_ExpApi_Download
                0x00002480                VEOS_ExpApi_Start
                0x00002486                VEOS_ExpApi_GetRasterService
                0x000024db                VEOS_ExpApi_CallDaqService
                0x00002540                VEOS_ExpApi_CallBypassingService
                0x00002546                VEOS_ExpApi_CallStimServicePostStep
                0x00002559                VEOS_ExpApi_CallStimServicePreStep
                0x0000256c                VEOS_ExpApi_StimSvcSyncMode
                0x00002586                VEOS_ExpApi_StimSvcAsyncMode
                0x000025a0                VEOS_ExpApi_DsModelAccessRead
                0x000025b5                VEOS_ExpApi_DsModelAccessWrite
 .text          0x000025cc      0x4a0 .\BinaryArtifacts\turnlamp\HostPC32_GCC\VEOS_SimApi.o
                0x000025cc                VEOS_SimApi_Start
                0x0000261b                VEOS_PauseSimulation
                0x00002678                VEOS_SimApi_TerminateSimulation
                0x000026dc                VEOS_SimApi_TerminateSimulationFatal
                0x00002714                VEOS_SimApi_DownloadEvent
                0x00002780                VEOS_SimApi_StartEvent
                0x000027d1                VEOS_SimApi_TriggerEvent
                0x00002822                VEOS_SimApi_StopEvent
                0x00002873                VEOS_SimApi_ResetEvent
                0x000028ca                VEOS_SimApi_UnloadEvent
                0x0000291b                VEOS_StopSimulation
                0x0000292f                VEOS_GetCurrentOsaPath
                0x00002970                VEOS_GetCurrentOsaPathW
                0x000029b2                VEOS_SimApi_ReportError
                0x00002a00                VEOS_SimApi_SignalApiError
                0x00002a29                VEOS_SimApi_CallIoHandler
                0x00002a3c                VEOS_SimApi_SetCurrentEventStatus
                0x00002a54                VEOS_SimApi_ResetCurrentEventStatus
                0x00002a63                VEOS_SimApi_GetCurrentEventStatus
 .text          0x00002a6c        0x8 .\BinaryArtifacts\turnlamp\HostPC32_GCC\VEOS_NotiApi.o
                0x00002a6c                VEOS_NotiApi_Start
 .text          0x00002a74      0x13c .\BinaryArtifacts\turnlamp\HostPC32_GCC\VEOS_MsgApi.o
                0x00002a74                VEOS_MsgApi_Start
                0x00002a98                VEOS_MsgApi_ShowMessage
                0x00002b0b                VEOS_MsgApi_ShowMessageVarArgs
                0x00002b85                VEOS_MsgApi_ShowMessageFormat
 .text          0x00002bb0        0x8 .\BinaryArtifacts\turnlamp\HostPC32_GCC\VEOS_PortApi.o
                0x00002bb0                VEOS_PortApi_Start
 .text          0x00002bb8        0x8 .\BinaryArtifacts\turnlamp\HostPC32_GCC\VEOS_OsTskApi.o
                0x00002bb8                VEOS_OsTskApi_Start
 .text          0x00002bc0        0x0 .\BinaryArtifacts\turnlamp\HostPC32_GCC\VEOS_Interaction.o
 .text          0x00002bc0      0x258 .\BinaryArtifacts\turnlamp\HostPC32_GCC\VEOS.o
                0x00002bc0                VEOS_ErrorCodeToMessageConverter
 .text          0x00002e18      0x3e4 .\BinaryArtifacts\turnlamp\HostPC32_GCC\VEOS_Impl.o
                0x00002e72                VEOS_BusApiImpl_MessageReceivedEvent
                0x00002e84                VEOS_BusApiImpl_LinHeaderReceivedEvent
                0x00002e96                VEOS_BusApiImpl_ChannelStatusEvent
                0x00002ea8                VEOS_SimApiImpl_CallIoHandler
                0x00002eae                VEOS_SimApiImpl_DownloadEvent
                0x00002f2a                VEOS_SimApiImpl_StartEvent
                0x00002fd2                VEOS_SimApiImpl_TriggerEvent
                0x00003010                VEOS_SimApiImpl_StopEvent
                0x0000306f                VEOS_SimApiImpl_ResetEvent
                0x0000309d                VEOS_SimApiImpl_UnloadEvent
                0x000030e6                VEOS_SimApiImpl_InterruptEvent
                0x00003106                VEOS_EnableInterruptHandlers
                0x00003107                VEOS_DisableInterruptHandlers
                0x00003108                VEOS_CheckDataType
 .text          0x000031fc      0x104 .\BinaryArtifacts\turnlamp\HostPC32_GCC\DsMsgApi.o
                0x000031fc                msg_printf
                0x00003271                msg_error_printf
                0x000032a0                msg_info_printf
                0x000032cf                msg_warning_printf
                0x000032fe                msg_default_dialog_set
 .text          0x00003300      0x108 C:/Users/DSPACE~1/AppData/Local/Temp/VEOS_S~1/BinaryArtifacts/turnlamp/HostPC32_GCC/VEOS_turnlamp.lib(turnlamp_dsrtmdlfcn.obj)
                0x00003300                turnlamp_DSRTCheckForErrorStatus
                0x00003346                turnlamp_DSRTInitMdl
                0x00003362                turnlamp_DSRTStartMdl
                0x00003382                turnlamp_DSRTStopMdl
                0x00003394                turnlamp_DSRTCheckForSimulationStopCondition
 .text          0x00003408       0x90 C:/Users/DSPACE~1/AppData/Local/Temp/VEOS_S~1/BinaryArtifacts/turnlamp/HostPC32_GCC/VEOS_turnlamp.lib(turnlamp_dsrttf.obj)
                0x00003408                turnlamp_DSRTMdlOutputs0
                0x00003415                turnlamp_DSRTMdlUpdate0
                0x00003422                turnlamp_DSRTMdlOutputs2
                0x0000342f                turnlamp_DSRTMdlUpdate2
                0x0000343c                turnlamp_DSRTTriggerTaskFunctions
 .text          0x00003498     0x2198 C:/Users/DSPACE~1/AppData/Local/Temp/VEOS_S~1/BinaryArtifacts/turnlamp/HostPC32_GCC/VEOS_turnlamp.lib(turnlamp.obj)
                0x00003498                turnlamp_PassSignal_Init
                0x000034b5                turnlamp_PassSignal
                0x0000350c                turnlamp_PassSignal_d_Init
                0x0000351f                turnlamp_PassSignal_Disable
                0x0000352a                turnlamp_PassSignal_n_Start
                0x00003535                turnlamp_PassSignal_h
                0x0000359e                rt_urand_Upu32_Yd_f_pw_snf
                0x00003626                turnlamp_output0
                0x00004e02                turnlamp_derivatives
                0x00004eb2                turnlamp_update0
                0x0000502a                turnlamp_output2
                0x0000503b                turnlamp_update2
                0x0000503c                turnlamp_initialize
                0x0000562d                turnlamp_terminate
 .text          0x00005630      0x134 C:/Users/DSPACE~1/AppData/Local/Temp/VEOS_S~1/BinaryArtifacts/turnlamp/HostPC32_GCC/VEOS_turnlamp.lib(rt_nonfinite.obj)
                0x00005630                rt_InitInfAndNaN
                0x0000567a                rtIsInf
                0x000056b7                rtIsInfF
                0x000056f2                rtIsNaN
                0x00005734                rtIsNaNF
 .text          0x00005764        0x0 C:/Users/DSPACE~1/AppData/Local/Temp/VEOS_S~1/BinaryArtifacts/turnlamp/HostPC32_GCC/VEOS_turnlamp.lib(turnlamp_data.obj)
 .text          0x00005764      0x104 C:/Users/DSPACE~1/AppData/Local/Temp/VEOS_S~1/BinaryArtifacts/turnlamp/HostPC32_GCC/VEOS_turnlamp.lib(turnlamp_dsrtvdf.obj)
                0x0000585a                turnlamp_rti_init_trc_pointers
 .text          0x00005868       0x1c C:/Users/DSPACE~1/AppData/Local/Temp/VEOS_S~1/BinaryArtifacts/turnlamp/HostPC32_GCC/VEOS_turnlamp.lib(rtGetInf.obj)
                0x00005868                rtGetInf
                0x0000586f                rtGetInfF
                0x00005876                rtGetMinusInf
                0x0000587d                rtGetMinusInfF
 .text          0x00005884       0x10 C:/Users/DSPACE~1/AppData/Local/Temp/VEOS_S~1/BinaryArtifacts/turnlamp/HostPC32_GCC/VEOS_turnlamp.lib(rtGetNaN.obj)
                0x00005884                rtGetNaN
                0x0000588b                rtGetNaNF
 .text          0x00005894       0x7c C:/Users/DSPACE~1/AppData/Local/Temp/VEOS_S~1/GeneratedCode/LibraryFiles/ModelInit/ModelInit_HostPC32_GCC_Debug.lib(ModelInit.obj)
                0x00005894                VEOS_MdlInitApiImpl_CheckModel
 .text          0x00005910        0x0 C:/Users/DSPACE~1/AppData/Local/Temp/VEOS_S~1/GeneratedCode/LibraryFiles/ModelInit/ModelInit_HostPC32_GCC_Debug.lib(VEOS_FrmRef.obj)
 .text          0x00005910      0x2bc C:/Users/DSPACE~1/AppData/Local/Temp/VEOS_S~1/GeneratedCode/LibraryFiles/ModelInit/NoEcuIoCore_HostPC32_GCC_Debug.lib(NoEcuInit.obj)
                0x00005a6a                VEOS_ModelInit_EcuCoreInit
 .text          0x00005bcc      0x2bc C:/Users/DSPACE~1/AppData/Local/Temp/VEOS_S~1/GeneratedCode/LibraryFiles/ModelInit/NoCanIoCore_HostPC32_GCC_Debug.lib(NoCanInit.obj)
                0x00005d26                VEOS_ModelInit_CanCoreInit
 .text          0x00005e88      0x2bc C:/Users/DSPACE~1/AppData/Local/Temp/VEOS_S~1/GeneratedCode/LibraryFiles/ModelInit/NoLinIoCore_HostPC32_GCC_Debug.lib(NoLinInit.obj)
                0x00005fe2                VEOS_ModelInit_LinCoreInit
 .text          0x00006144      0x2bc C:/Users/DSPACE~1/AppData/Local/Temp/VEOS_S~1/GeneratedCode/LibraryFiles/ModelInit/NoEthIoCore_HostPC32_GCC_Debug.lib(NoEthInit.obj)
                0x0000629e                VEOS_ModelInit_EthCoreInit
 .text          0x00006400       0xc0 C:/Program Files/Common Files/dSPACE/GCC/13.2/i686/bin/../lib/gcc/i686-w64-mingw32/13.2.0/../../../../i686-w64-mingw32/lib/../lib/libmingw32.a(lib32_libmingw32_a-gccmain.o)
                0x00006400                __do_global_dtors
                0x00006440                __do_global_ctors
                0x000064a0                __main
 .text          0x000064c0        0x0 C:/Program Files/Common Files/dSPACE/GCC/13.2/i686/bin/../lib/gcc/i686-w64-mingw32/13.2.0/../../../../i686-w64-mingw32/lib/../lib/libmingw32.a(lib32_libmingw32_a-natstart.o)
 .text          0x000064c0      0x100 C:/Program Files/Common Files/dSPACE/GCC/13.2/i686/bin/../lib/gcc/i686-w64-mingw32/13.2.0/../../../../i686-w64-mingw32/lib/../lib/libmingw32.a(lib32_libmingw32_a-tlssup.o)
                0x00006510                __dyn_tls_init@12
                0x000065b0                __tlregdtor
 .text          0x000065c0        0x0 C:/Program Files/Common Files/dSPACE/GCC/13.2/i686/bin/../lib/gcc/i686-w64-mingw32/13.2.0/../../../../i686-w64-mingw32/lib/../lib/libmingw32.a(lib32_libmingw32_a-cinitexe.o)
 .text          0x000065c0        0x0 C:/Program Files/Common Files/dSPACE/GCC/13.2/i686/bin/../lib/gcc/i686-w64-mingw32/13.2.0/../../../../i686-w64-mingw32/lib/../lib/libmingw32.a(lib32_libmingw32_a-mingw_helpers.o)
 .text          0x000065c0      0x4c0 C:/Program Files/Common Files/dSPACE/GCC/13.2/i686/bin/../lib/gcc/i686-w64-mingw32/13.2.0/../../../../i686-w64-mingw32/lib/../lib/libmingw32.a(lib32_libmingw32_a-pseudo-reloc.o)
                0x00006780                _pei386_runtime_relocator
 .text          0x00006a80      0x280 C:/Program Files/Common Files/dSPACE/GCC/13.2/i686/bin/../lib/gcc/i686-w64-mingw32/13.2.0/../../../../i686-w64-mingw32/lib/../lib/libmingw32.a(lib32_libmingw32_a-tlsthrd.o)
                0x00006af0                ___w64_mingwthr_add_key_dtor
                0x00006b70                ___w64_mingwthr_remove_key_dtor
                0x00006c00                __mingw_TLScallback
 .text          0x00006d00        0x0 C:/Program Files/Common Files/dSPACE/GCC/13.2/i686/bin/../lib/gcc/i686-w64-mingw32/13.2.0/../../../../i686-w64-mingw32/lib/../lib/libmingw32.a(lib32_libmingw32_a-tlsmcrt.o)
 .text          0x00006d00        0x0 C:/Program Files/Common Files/dSPACE/GCC/13.2/i686/bin/../lib/gcc/i686-w64-mingw32/13.2.0/../../../../i686-w64-mingw32/lib/../lib/libmingw32.a(lib32_libmingw32_a-pseudo-reloc-list.o)
 .text          0x00006d00      0x3e0 C:/Program Files/Common Files/dSPACE/GCC/13.2/i686/bin/../lib/gcc/i686-w64-mingw32/13.2.0/../../../../i686-w64-mingw32/lib/../lib/libmingw32.a(lib32_libmingw32_a-pesect.o)
                0x00006d00                _ValidateImageBase
                0x00006d30                _FindPESection
                0x00006d70                _FindPESectionByName
                0x00006e10                __mingw_GetSectionForAddress
                0x00006e90                __mingw_GetSectionCount
                0x00006ed0                _FindPESectionExec
                0x00006f50                _GetPEImageBase
                0x00006f90                _IsNonwritableInCurrentImage
                0x00007020                __mingw_enum_import_library_names
 .text          0x000070e0       0x10 C:/Program Files/Common Files/dSPACE/GCC/13.2/i686/bin/../lib/gcc/i686-w64-mingw32/13.2.0/../../../../i686-w64-mingw32/lib/../lib/libmingw32.a(lib32_libmingw32_a-CRT_fp10.o)
                0x000070e0                fpreset
                0x000070e0                _fpreset
 .text          0x000070f0       0x2c C:/Program Files/Common Files/dSPACE/GCC/13.2/i686/bin/../lib/gcc/i686-w64-mingw32/13.2.0/libgcc.a(_chkstk_ms.o)
                0x000070f0                __chkstk_ms
 .text          0x0000711c        0x0 C:/Program Files/Common Files/dSPACE/GCC/13.2/i686/bin/../lib/gcc/i686-w64-mingw32/13.2.0/libgcc.a(_ctors.o)
 *fill*         0x0000711c        0x4 
 .text          0x00007120       0x10 C:/Program Files/Common Files/dSPACE/GCC/13.2/i686/bin/../lib/gcc/i686-w64-mingw32/13.2.0/../../../../i686-w64-mingw32/lib/../lib/libmingwex.a(lib32_libmingwex_a-dllentry.o)
                0x00007120                DllEntryPoint@12
 .text          0x00007130       0x10 C:/Program Files/Common Files/dSPACE/GCC/13.2/i686/bin/../lib/gcc/i686-w64-mingw32/13.2.0/../../../../i686-w64-mingw32/lib/../lib/libmingwex.a(lib32_libmingwex_a-dllmain.o)
                0x00007130                DllMain@12
 .text          0x00007140       0x20 C:/Program Files/Common Files/dSPACE/GCC/13.2/i686/bin/../lib/gcc/i686-w64-mingw32/13.2.0/../../../../i686-w64-mingw32/lib/../lib/libmingwex.a(lib32_libmingwex_a-fmod.o)
                0x00007140                fmod
 .text          0x00007160       0x40 C:/Program Files/Common Files/dSPACE/GCC/13.2/i686/bin/../lib/gcc/i686-w64-mingw32/13.2.0/../../../../i686-w64-mingw32/lib/../lib/libmsvcrt.a(lib32_libucrt_extra_a-ucrt_vfprintf.o)
                0x00007160                vfprintf
 .text          0x000071a0      0x1f0 C:/Program Files/Common Files/dSPACE/GCC/13.2/i686/bin/../lib/gcc/i686-w64-mingw32/13.2.0/../../../../i686-w64-mingw32/lib/../lib/libmsvcrt.a(lib32_libucrt_extra_a-ucrtbase_compat.o)
                0x000071a0                _get_output_format
                0x000071b0                __getmainargs
                0x00007210                __wgetmainargs
                0x00007270                _onexit
                0x00007290                at_quick_exit
                0x000072b0                _amsg_exit
                0x000072f0                __ms_fwprintf
                0x00007330                tzset
                0x00007360                _tzset
 .text          0x00007390        0x8 C:/Program Files/Common Files/dSPACE/GCC/13.2/i686/bin/../lib/gcc/i686-w64-mingw32/13.2.0/../../../../i686-w64-mingw32/lib/../lib/libmsvcrt.a(libapi-ms-win-crt-time-l1-1-0s00008.o)
                0x00007390                __daylight
 .text          0x00007398        0x8 C:/Program Files/Common Files/dSPACE/GCC/13.2/i686/bin/../lib/gcc/i686-w64-mingw32/13.2.0/../../../../i686-w64-mingw32/lib/../lib/libmsvcrt.a(libapi-ms-win-crt-time-l1-1-0s00010.o)
                0x00007398                __timezone
 .text          0x000073a0        0x8 C:/Program Files/Common Files/dSPACE/GCC/13.2/i686/bin/../lib/gcc/i686-w64-mingw32/13.2.0/../../../../i686-w64-mingw32/lib/../lib/libmsvcrt.a(libapi-ms-win-crt-time-l1-1-0s00011.o)
                0x000073a0                __tzname
 .text          0x000073a8        0x0 C:/Program Files/Common Files/dSPACE/GCC/13.2/i686/bin/../lib/gcc/i686-w64-mingw32/13.2.0/../../../../i686-w64-mingw32/lib/../lib/libmsvcrt.a(libapi-ms-win-crt-time-l1-1-0s00058.o)
 .text          0x000073a8        0x0 C:/Program Files/Common Files/dSPACE/GCC/13.2/i686/bin/../lib/gcc/i686-w64-mingw32/13.2.0/../../../../i686-w64-mingw32/lib/../lib/libmsvcrt.a(libapi-ms-win-crt-time-l1-1-0h.o)
 .text          0x000073a8        0x0 C:/Program Files/Common Files/dSPACE/GCC/13.2/i686/bin/../lib/gcc/i686-w64-mingw32/13.2.0/../../../../i686-w64-mingw32/lib/../lib/libmsvcrt.a(libapi-ms-win-crt-time-l1-1-0t.o)
 .text          0x000073a8        0x8 C:/Program Files/Common Files/dSPACE/GCC/13.2/i686/bin/../lib/gcc/i686-w64-mingw32/13.2.0/../../../../i686-w64-mingw32/lib/../lib/libmsvcrt.a(libapi-ms-win-crt-string-l1-1-0s00162.o)
                0x000073a8                strcmp
 .text          0x000073b0        0x8 C:/Program Files/Common Files/dSPACE/GCC/13.2/i686/bin/../lib/gcc/i686-w64-mingw32/13.2.0/../../../../i686-w64-mingw32/lib/../lib/libmsvcrt.a(libapi-ms-win-crt-string-l1-1-0s00167.o)
                0x000073b0                strlen
 .text          0x000073b8        0x8 C:/Program Files/Common Files/dSPACE/GCC/13.2/i686/bin/../lib/gcc/i686-w64-mingw32/13.2.0/../../../../i686-w64-mingw32/lib/../lib/libmsvcrt.a(libapi-ms-win-crt-string-l1-1-0s00170.o)
                0x000073b8                strncmp
 .text          0x000073c0        0x0 C:/Program Files/Common Files/dSPACE/GCC/13.2/i686/bin/../lib/gcc/i686-w64-mingw32/13.2.0/../../../../i686-w64-mingw32/lib/../lib/libmsvcrt.a(libapi-ms-win-crt-string-l1-1-0h.o)
 .text          0x000073c0        0x0 C:/Program Files/Common Files/dSPACE/GCC/13.2/i686/bin/../lib/gcc/i686-w64-mingw32/13.2.0/../../../../i686-w64-mingw32/lib/../lib/libmsvcrt.a(libapi-ms-win-crt-string-l1-1-0t.o)
 .text          0x000073c0        0x8 C:/Program Files/Common Files/dSPACE/GCC/13.2/i686/bin/../lib/gcc/i686-w64-mingw32/13.2.0/../../../../i686-w64-mingw32/lib/../lib/libmsvcrt.a(libapi-ms-win-crt-stdio-l1-1-0s00000.o)
                0x000073c0                __acrt_iob_func
 .text          0x000073c8        0x8 C:/Program Files/Common Files/dSPACE/GCC/13.2/i686/bin/../lib/gcc/i686-w64-mingw32/13.2.0/../../../../i686-w64-mingw32/lib/../lib/libmsvcrt.a(libapi-ms-win-crt-stdio-l1-1-0s00003.o)
                0x000073c8                __stdio_common_vfprintf
 .text          0x000073d0        0x8 C:/Program Files/Common Files/dSPACE/GCC/13.2/i686/bin/../lib/gcc/i686-w64-mingw32/13.2.0/../../../../i686-w64-mingw32/lib/../lib/libmsvcrt.a(libapi-ms-win-crt-stdio-l1-1-0s00007.o)
                0x000073d0                __stdio_common_vfwprintf
 .text          0x000073d8        0x8 C:/Program Files/Common Files/dSPACE/GCC/13.2/i686/bin/../lib/gcc/i686-w64-mingw32/13.2.0/../../../../i686-w64-mingw32/lib/../lib/libmsvcrt.a(libapi-ms-win-crt-stdio-l1-1-0s00168.o)
                0x000073d8                fwrite
 .text          0x000073e0        0x0 C:/Program Files/Common Files/dSPACE/GCC/13.2/i686/bin/../lib/gcc/i686-w64-mingw32/13.2.0/../../../../i686-w64-mingw32/lib/../lib/libmsvcrt.a(libapi-ms-win-crt-stdio-l1-1-0h.o)
 .text          0x000073e0        0x0 C:/Program Files/Common Files/dSPACE/GCC/13.2/i686/bin/../lib/gcc/i686-w64-mingw32/13.2.0/../../../../i686-w64-mingw32/lib/../lib/libmsvcrt.a(libapi-ms-win-crt-stdio-l1-1-0t.o)
 .text          0x000073e0        0x8 C:/Program Files/Common Files/dSPACE/GCC/13.2/i686/bin/../lib/gcc/i686-w64-mingw32/13.2.0/../../../../i686-w64-mingw32/lib/../lib/libmsvcrt.a(libapi-ms-win-crt-runtime-l1-1-0s00005.o)
                0x000073e0                __p___argc
 .text          0x000073e8        0x8 C:/Program Files/Common Files/dSPACE/GCC/13.2/i686/bin/../lib/gcc/i686-w64-mingw32/13.2.0/../../../../i686-w64-mingw32/lib/../lib/libmsvcrt.a(libapi-ms-win-crt-runtime-l1-1-0s00006.o)
                0x000073e8                __p___argv
 .text          0x000073f0        0x8 C:/Program Files/Common Files/dSPACE/GCC/13.2/i686/bin/../lib/gcc/i686-w64-mingw32/13.2.0/../../../../i686-w64-mingw32/lib/../lib/libmsvcrt.a(libapi-ms-win-crt-runtime-l1-1-0s00007.o)
                0x000073f0                __p___wargv
 .text          0x000073f8        0x8 C:/Program Files/Common Files/dSPACE/GCC/13.2/i686/bin/../lib/gcc/i686-w64-mingw32/13.2.0/../../../../i686-w64-mingw32/lib/../lib/libmsvcrt.a(libapi-ms-win-crt-runtime-l1-1-0s00025.o)
                0x000073f8                _configure_narrow_argv
 .text          0x00007400        0x8 C:/Program Files/Common Files/dSPACE/GCC/13.2/i686/bin/../lib/gcc/i686-w64-mingw32/13.2.0/../../../../i686-w64-mingw32/lib/../lib/libmsvcrt.a(libapi-ms-win-crt-runtime-l1-1-0s00026.o)
                0x00007400                _configure_wide_argv
 .text          0x00007408        0x8 C:/Program Files/Common Files/dSPACE/GCC/13.2/i686/bin/../lib/gcc/i686-w64-mingw32/13.2.0/../../../../i686-w64-mingw32/lib/../lib/libmsvcrt.a(libapi-ms-win-crt-runtime-l1-1-0s00030.o)
                0x00007408                _crt_at_quick_exit
 .text          0x00007410        0x8 C:/Program Files/Common Files/dSPACE/GCC/13.2/i686/bin/../lib/gcc/i686-w64-mingw32/13.2.0/../../../../i686-w64-mingw32/lib/../lib/libmsvcrt.a(libapi-ms-win-crt-runtime-l1-1-0s00031.o)
                0x00007410                _crt_atexit
 .text          0x00007418        0x8 C:/Program Files/Common Files/dSPACE/GCC/13.2/i686/bin/../lib/gcc/i686-w64-mingw32/13.2.0/../../../../i686-w64-mingw32/lib/../lib/libmsvcrt.a(libapi-ms-win-crt-runtime-l1-1-0s00036.o)
                0x00007418                _execute_onexit_table
 .text          0x00007420        0x0 C:/Program Files/Common Files/dSPACE/GCC/13.2/i686/bin/../lib/gcc/i686-w64-mingw32/13.2.0/../../../../i686-w64-mingw32/lib/../lib/libmsvcrt.a(libapi-ms-win-crt-runtime-l1-1-0s00037.o)
 .text          0x00007420        0x8 C:/Program Files/Common Files/dSPACE/GCC/13.2/i686/bin/../lib/gcc/i686-w64-mingw32/13.2.0/../../../../i686-w64-mingw32/lib/../lib/libmsvcrt.a(libapi-ms-win-crt-runtime-l1-1-0s00052.o)
                0x00007420                _initialize_narrow_environment
 .text          0x00007428        0x8 C:/Program Files/Common Files/dSPACE/GCC/13.2/i686/bin/../lib/gcc/i686-w64-mingw32/13.2.0/../../../../i686-w64-mingw32/lib/../lib/libmsvcrt.a(libapi-ms-win-crt-runtime-l1-1-0s00054.o)
                0x00007428                _initialize_onexit_table
 .text          0x00007430        0x8 C:/Program Files/Common Files/dSPACE/GCC/13.2/i686/bin/../lib/gcc/i686-w64-mingw32/13.2.0/../../../../i686-w64-mingw32/lib/../lib/libmsvcrt.a(libapi-ms-win-crt-runtime-l1-1-0s00056.o)
                0x00007430                _initialize_wide_environment
 .text          0x00007438        0x8 C:/Program Files/Common Files/dSPACE/GCC/13.2/i686/bin/../lib/gcc/i686-w64-mingw32/13.2.0/../../../../i686-w64-mingw32/lib/../lib/libmsvcrt.a(libapi-ms-win-crt-runtime-l1-1-0s00057.o)
                0x00007438                _initterm
 .text          0x00007440        0x8 C:/Program Files/Common Files/dSPACE/GCC/13.2/i686/bin/../lib/gcc/i686-w64-mingw32/13.2.0/../../../../i686-w64-mingw32/lib/../lib/libmsvcrt.a(libapi-ms-win-crt-runtime-l1-1-0s00063.o)
                0x00007440                _register_onexit_function
 .text          0x00007448        0x8 C:/Program Files/Common Files/dSPACE/GCC/13.2/i686/bin/../lib/gcc/i686-w64-mingw32/13.2.0/../../../../i686-w64-mingw32/lib/../lib/libmsvcrt.a(libapi-ms-win-crt-runtime-l1-1-0s00088.o)
                0x00007448                abort
 .text          0x00007450        0x0 C:/Program Files/Common Files/dSPACE/GCC/13.2/i686/bin/../lib/gcc/i686-w64-mingw32/13.2.0/../../../../i686-w64-mingw32/lib/../lib/libmsvcrt.a(libapi-ms-win-crt-runtime-l1-1-0h.o)
 .text          0x00007450        0x0 C:/Program Files/Common Files/dSPACE/GCC/13.2/i686/bin/../lib/gcc/i686-w64-mingw32/13.2.0/../../../../i686-w64-mingw32/lib/../lib/libmsvcrt.a(libapi-ms-win-crt-runtime-l1-1-0t.o)
 .text          0x00007450        0x8 C:/Program Files/Common Files/dSPACE/GCC/13.2/i686/bin/../lib/gcc/i686-w64-mingw32/13.2.0/../../../../i686-w64-mingw32/lib/../lib/libmsvcrt.a(libapi-ms-win-crt-heap-l1-1-0s00023.o)
                0x00007450                _set_new_mode
 .text          0x00007458        0x8 C:/Program Files/Common Files/dSPACE/GCC/13.2/i686/bin/../lib/gcc/i686-w64-mingw32/13.2.0/../../../../i686-w64-mingw32/lib/../lib/libmsvcrt.a(libapi-ms-win-crt-heap-l1-1-0s00024.o)
                0x00007458                calloc
 .text          0x00007460        0x8 C:/Program Files/Common Files/dSPACE/GCC/13.2/i686/bin/../lib/gcc/i686-w64-mingw32/13.2.0/../../../../i686-w64-mingw32/lib/../lib/libmsvcrt.a(libapi-ms-win-crt-heap-l1-1-0s00025.o)
                0x00007460                free
 .text          0x00007468        0x0 C:/Program Files/Common Files/dSPACE/GCC/13.2/i686/bin/../lib/gcc/i686-w64-mingw32/13.2.0/../../../../i686-w64-mingw32/lib/../lib/libmsvcrt.a(libapi-ms-win-crt-heap-l1-1-0h.o)
 .text          0x00007468        0x0 C:/Program Files/Common Files/dSPACE/GCC/13.2/i686/bin/../lib/gcc/i686-w64-mingw32/13.2.0/../../../../i686-w64-mingw32/lib/../lib/libmsvcrt.a(libapi-ms-win-crt-heap-l1-1-0t.o)
 .text          0x00007468        0x8 C:/Program Files/Common Files/dSPACE/GCC/13.2/i686/bin/../lib/gcc/i686-w64-mingw32/13.2.0/../../../../i686-w64-mingw32/lib/../lib/libmsvcrt.a(libapi-ms-win-crt-environment-l1-1-0s00000.o)
                0x00007468                __p__environ
 .text          0x00007470        0x8 C:/Program Files/Common Files/dSPACE/GCC/13.2/i686/bin/../lib/gcc/i686-w64-mingw32/13.2.0/../../../../i686-w64-mingw32/lib/../lib/libmsvcrt.a(libapi-ms-win-crt-environment-l1-1-0s00001.o)
                0x00007470                __p__wenviron
 .text          0x00007478        0x8 C:/Program Files/Common Files/dSPACE/GCC/13.2/i686/bin/../lib/gcc/i686-w64-mingw32/13.2.0/../../../../i686-w64-mingw32/lib/../lib/libmsvcrt.a(libapi-ms-win-crt-environment-l1-1-0s00018.o)
                0x00007478                getenv
 .text          0x00007480        0x0 C:/Program Files/Common Files/dSPACE/GCC/13.2/i686/bin/../lib/gcc/i686-w64-mingw32/13.2.0/../../../../i686-w64-mingw32/lib/../lib/libmsvcrt.a(libapi-ms-win-crt-environment-l1-1-0h.o)
 .text          0x00007480        0x0 C:/Program Files/Common Files/dSPACE/GCC/13.2/i686/bin/../lib/gcc/i686-w64-mingw32/13.2.0/../../../../i686-w64-mingw32/lib/../lib/libmsvcrt.a(libapi-ms-win-crt-environment-l1-1-0t.o)
 .text          0x00007480       0x40 C:/Program Files/Common Files/dSPACE/GCC/13.2/i686/bin/../lib/gcc/i686-w64-mingw32/13.2.0/../../../../i686-w64-mingw32/lib/../lib/libmsvcrt.a(lib32_libucrt_extra_a-ucrt_fprintf.o)
                0x00007480                fprintf
 .text          0x000074c0        0x0 C:/Program Files/Common Files/dSPACE/GCC/13.2/i686/bin/../lib/gcc/i686-w64-mingw32/13.2.0/../../../../i686-w64-mingw32/lib/../lib/libkernel32.a(libkernel32h.o)
 .text          0x000074c0        0x0 C:/Program Files/Common Files/dSPACE/GCC/13.2/i686/bin/../lib/gcc/i686-w64-mingw32/13.2.0/../../../../i686-w64-mingw32/lib/../lib/libkernel32.a(libkernel32t.o)
 .text          0x000074c0        0x0 C:/Program Files/Common Files/dSPACE/GCC/13.2/i686/bin/../lib/gcc/i686-w64-mingw32/13.2.0/crtend.o
 *(SORT_BY_NAME(.text$*))
 *(.text.*)
 .text.startup  0x000074c0       0x10 C:/Program Files/Common Files/dSPACE/GCC/13.2/i686/bin/../lib/gcc/i686-w64-mingw32/13.2.0/crtend.o
 *(.gnu.linkonce.t.*)
 *(.glue_7t)
 *(.glue_7)
                0x000074d0                ___CTOR_LIST__ = .
                0x000074d0                __CTOR_LIST__ = .
                0x000074d0        0x4 LONG 0xffffffff
 *(.ctors)
 *(.ctor)
 *(SORT_BY_NAME(.ctors.*))
 .ctors.65535   0x000074d4        0x4 C:/Program Files/Common Files/dSPACE/GCC/13.2/i686/bin/../lib/gcc/i686-w64-mingw32/13.2.0/crtend.o
                0x000074d8        0x4 LONG 0x0
                0x000074dc                ___DTOR_LIST__ = .
                0x000074dc                __DTOR_LIST__ = .
                0x000074dc        0x4 LONG 0xffffffff
 *(.dtors)
 *(.dtor)
 *(SORT_BY_NAME(.dtors.*))
                0x000074e0        0x4 LONG 0x0
 *(SORT_NONE(.fini))
 *(.gcc_exc)
                [!provide]                PROVIDE (etext = .)
                [!provide]                PROVIDE (_etext = .)
 *(.gcc_except_table)

.data           0x00008000      0x800
                0x00008000                __data_start__ = .
 *(.data)
 .data          0x00008000        0x4 C:/Program Files/Common Files/dSPACE/GCC/13.2/i686/bin/../lib/gcc/i686-w64-mingw32/13.2.0/../../../../i686-w64-mingw32/lib/../lib/dllcrt2.o
                0x00008000                __mingw_module_is_dll
 .data          0x00008004        0x4 C:/Program Files/Common Files/dSPACE/GCC/13.2/i686/bin/../lib/gcc/i686-w64-mingw32/13.2.0/crtbegin.o
 .data          0x00008008        0xc .\BinaryArtifacts\turnlamp\HostPC32_GCC\SmartServices_Cfg_generated.o
                0x00008008                XilApiEesPortErrorSwitching
                0x0000800c                XilApiEesPortErrorActivated
                0x00008010                XilApiEesPortActiveErrorSet
 .data          0x00008014        0x4 .\BinaryArtifacts\turnlamp\HostPC32_GCC\SmartServices.o
                0x00008014                g_SmartServices_DsModelAccessEnabled
 .data          0x00008018        0x8 .\BinaryArtifacts\turnlamp\HostPC32_GCC\SicAppFrm_Task_generated.o
                0x00008018                g_SicAppFrm_SampleTimeOffset_RunnableFunction1_PeriodicTask1_
                0x0000801c                g_SicAppFrm_SampleTimeOffset_RunnableFunction2_PeriodicTask2_
 .data          0x00008020        0x0 .\BinaryArtifacts\turnlamp\HostPC32_GCC\SicAppFrm_AccPt_generated.o
 .data          0x00008020       0x24 .\BinaryArtifacts\turnlamp\HostPC32_GCC\SicAppFrm.o
                0x00008020                ga_SicAppFrm_TimerEventCounters
                0x00008030                ga_SicAppFrm_TaskPriorities
                0x00008038                g_SicAppFrm_TaskSchedule
 .data          0x00008044        0x0 .\BinaryArtifacts\turnlamp\HostPC32_GCC\SicAppFrm_Queue.o
 .data          0x00008044        0x0 .\BinaryArtifacts\turnlamp\HostPC32_GCC\VEOS_Api.o
 .data          0x00008044        0x0 .\BinaryArtifacts\turnlamp\HostPC32_GCC\VEOS_BusApi.o
 .data          0x00008044        0xc .\BinaryArtifacts\turnlamp\HostPC32_GCC\VEOS_ExpApi.o
                0x00008044                ga_VEOS_ExpApi_Rasters
 .data          0x00008050        0x0 .\BinaryArtifacts\turnlamp\HostPC32_GCC\VEOS_SimApi.o
 .data          0x00008050        0x0 .\BinaryArtifacts\turnlamp\HostPC32_GCC\VEOS_NotiApi.o
 .data          0x00008050        0x0 .\BinaryArtifacts\turnlamp\HostPC32_GCC\VEOS_MsgApi.o
 .data          0x00008050        0x0 .\BinaryArtifacts\turnlamp\HostPC32_GCC\VEOS_PortApi.o
 .data          0x00008050        0x0 .\BinaryArtifacts\turnlamp\HostPC32_GCC\VEOS_OsTskApi.o
 .data          0x00008050        0x0 .\BinaryArtifacts\turnlamp\HostPC32_GCC\VEOS_Interaction.o
 .data          0x00008050       0x10 .\BinaryArtifacts\turnlamp\HostPC32_GCC\VEOS.o
                0x00008050                ga_VEOS_ModelHash
 .data          0x00008060        0x8 .\BinaryArtifacts\turnlamp\HostPC32_GCC\VEOS_Impl.o
 .data          0x00008068        0x0 .\BinaryArtifacts\turnlamp\HostPC32_GCC\DsMsgApi.o
 .data          0x00008068        0x0 C:/Users/DSPACE~1/AppData/Local/Temp/VEOS_S~1/BinaryArtifacts/turnlamp/HostPC32_GCC/VEOS_turnlamp.lib(turnlamp_dsrtmdlfcn.obj)
 .data          0x00008068        0x0 C:/Users/DSPACE~1/AppData/Local/Temp/VEOS_S~1/BinaryArtifacts/turnlamp/HostPC32_GCC/VEOS_turnlamp.lib(turnlamp_dsrttf.obj)
 .data          0x00008068        0x0 C:/Users/DSPACE~1/AppData/Local/Temp/VEOS_S~1/BinaryArtifacts/turnlamp/HostPC32_GCC/VEOS_turnlamp.lib(turnlamp.obj)
 .data          0x00008068        0x0 C:/Users/DSPACE~1/AppData/Local/Temp/VEOS_S~1/BinaryArtifacts/turnlamp/HostPC32_GCC/VEOS_turnlamp.lib(rt_nonfinite.obj)
 *fill*         0x00008068       0x18 
 .data          0x00008080      0x260 C:/Users/DSPACE~1/AppData/Local/Temp/VEOS_S~1/BinaryArtifacts/turnlamp/HostPC32_GCC/VEOS_turnlamp.lib(turnlamp_data.obj)
                0x00008080                turnlamp_P
 .data          0x000082e0        0x0 C:/Users/DSPACE~1/AppData/Local/Temp/VEOS_S~1/BinaryArtifacts/turnlamp/HostPC32_GCC/VEOS_turnlamp.lib(turnlamp_dsrtvdf.obj)
 .data          0x000082e0        0x0 C:/Users/DSPACE~1/AppData/Local/Temp/VEOS_S~1/BinaryArtifacts/turnlamp/HostPC32_GCC/VEOS_turnlamp.lib(rtGetInf.obj)
 .data          0x000082e0        0x0 C:/Users/DSPACE~1/AppData/Local/Temp/VEOS_S~1/BinaryArtifacts/turnlamp/HostPC32_GCC/VEOS_turnlamp.lib(rtGetNaN.obj)
 .data          0x000082e0        0x0 C:/Users/DSPACE~1/AppData/Local/Temp/VEOS_S~1/GeneratedCode/LibraryFiles/ModelInit/ModelInit_HostPC32_GCC_Debug.lib(ModelInit.obj)
 .data          0x000082e0        0x0 C:/Users/DSPACE~1/AppData/Local/Temp/VEOS_S~1/GeneratedCode/LibraryFiles/ModelInit/ModelInit_HostPC32_GCC_Debug.lib(VEOS_FrmRef.obj)
 .data          0x000082e0       0xe0 C:/Users/DSPACE~1/AppData/Local/Temp/VEOS_S~1/GeneratedCode/LibraryFiles/ModelInit/NoEcuIoCore_HostPC32_GCC_Debug.lib(NoEcuInit.obj)
                0x000082e0                g_VEOS_ModelInit_Ecu
 .data          0x000083c0       0xe0 C:/Users/DSPACE~1/AppData/Local/Temp/VEOS_S~1/GeneratedCode/LibraryFiles/ModelInit/NoCanIoCore_HostPC32_GCC_Debug.lib(NoCanInit.obj)
                0x000083c0                g_VEOS_ModelInit_Can
 .data          0x000084a0       0xe0 C:/Users/DSPACE~1/AppData/Local/Temp/VEOS_S~1/GeneratedCode/LibraryFiles/ModelInit/NoLinIoCore_HostPC32_GCC_Debug.lib(NoLinInit.obj)
                0x000084a0                g_VEOS_ModelInit_Lin
 .data          0x00008580       0xe0 C:/Users/DSPACE~1/AppData/Local/Temp/VEOS_S~1/GeneratedCode/LibraryFiles/ModelInit/NoEthIoCore_HostPC32_GCC_Debug.lib(NoEthInit.obj)
                0x00008580                g_VEOS_ModelInit_Eth
 .data          0x00008660        0x4 C:/Program Files/Common Files/dSPACE/GCC/13.2/i686/bin/../lib/gcc/i686-w64-mingw32/13.2.0/../../../../i686-w64-mingw32/lib/../lib/libmingw32.a(lib32_libmingw32_a-gccmain.o)
 .data          0x00008664        0x8 C:/Program Files/Common Files/dSPACE/GCC/13.2/i686/bin/../lib/gcc/i686-w64-mingw32/13.2.0/../../../../i686-w64-mingw32/lib/../lib/libmingw32.a(lib32_libmingw32_a-natstart.o)
                0x00008664                __native_vcclrit_reason
                0x00008668                __native_dllmain_reason
 .data          0x0000866c        0x0 C:/Program Files/Common Files/dSPACE/GCC/13.2/i686/bin/../lib/gcc/i686-w64-mingw32/13.2.0/../../../../i686-w64-mingw32/lib/../lib/libmingw32.a(lib32_libmingw32_a-tlssup.o)
 .data          0x0000866c        0x0 C:/Program Files/Common Files/dSPACE/GCC/13.2/i686/bin/../lib/gcc/i686-w64-mingw32/13.2.0/../../../../i686-w64-mingw32/lib/../lib/libmingw32.a(lib32_libmingw32_a-cinitexe.o)
 .data          0x0000866c        0x0 C:/Program Files/Common Files/dSPACE/GCC/13.2/i686/bin/../lib/gcc/i686-w64-mingw32/13.2.0/../../../../i686-w64-mingw32/lib/../lib/libmingw32.a(lib32_libmingw32_a-mingw_helpers.o)
 .data          0x0000866c        0x0 C:/Program Files/Common Files/dSPACE/GCC/13.2/i686/bin/../lib/gcc/i686-w64-mingw32/13.2.0/../../../../i686-w64-mingw32/lib/../lib/libmingw32.a(lib32_libmingw32_a-pseudo-reloc.o)
 .data          0x0000866c        0x0 C:/Program Files/Common Files/dSPACE/GCC/13.2/i686/bin/../lib/gcc/i686-w64-mingw32/13.2.0/../../../../i686-w64-mingw32/lib/../lib/libmingw32.a(lib32_libmingw32_a-tlsthrd.o)
 .data          0x0000866c        0x4 C:/Program Files/Common Files/dSPACE/GCC/13.2/i686/bin/../lib/gcc/i686-w64-mingw32/13.2.0/../../../../i686-w64-mingw32/lib/../lib/libmingw32.a(lib32_libmingw32_a-tlsmcrt.o)
                0x0000866c                _CRT_MT
 .data          0x00008670        0x0 C:/Program Files/Common Files/dSPACE/GCC/13.2/i686/bin/../lib/gcc/i686-w64-mingw32/13.2.0/../../../../i686-w64-mingw32/lib/../lib/libmingw32.a(lib32_libmingw32_a-pseudo-reloc-list.o)
 .data          0x00008670        0x0 C:/Program Files/Common Files/dSPACE/GCC/13.2/i686/bin/../lib/gcc/i686-w64-mingw32/13.2.0/../../../../i686-w64-mingw32/lib/../lib/libmingw32.a(lib32_libmingw32_a-pesect.o)
 .data          0x00008670        0x0 C:/Program Files/Common Files/dSPACE/GCC/13.2/i686/bin/../lib/gcc/i686-w64-mingw32/13.2.0/../../../../i686-w64-mingw32/lib/../lib/libmingw32.a(lib32_libmingw32_a-CRT_fp10.o)
 .data          0x00008670        0x0 C:/Program Files/Common Files/dSPACE/GCC/13.2/i686/bin/../lib/gcc/i686-w64-mingw32/13.2.0/libgcc.a(_chkstk_ms.o)
 .data          0x00008670        0x0 C:/Program Files/Common Files/dSPACE/GCC/13.2/i686/bin/../lib/gcc/i686-w64-mingw32/13.2.0/libgcc.a(_ctors.o)
 .data          0x00008670        0x0 C:/Program Files/Common Files/dSPACE/GCC/13.2/i686/bin/../lib/gcc/i686-w64-mingw32/13.2.0/../../../../i686-w64-mingw32/lib/../lib/libmingwex.a(lib32_libmingwex_a-dllentry.o)
 .data          0x00008670        0x0 C:/Program Files/Common Files/dSPACE/GCC/13.2/i686/bin/../lib/gcc/i686-w64-mingw32/13.2.0/../../../../i686-w64-mingw32/lib/../lib/libmingwex.a(lib32_libmingwex_a-dllmain.o)
 .data          0x00008670        0x0 C:/Program Files/Common Files/dSPACE/GCC/13.2/i686/bin/../lib/gcc/i686-w64-mingw32/13.2.0/../../../../i686-w64-mingw32/lib/../lib/libmingwex.a(lib32_libmingwex_a-fmod.o)
 .data          0x00008670        0x4 C:/Program Files/Common Files/dSPACE/GCC/13.2/i686/bin/../lib/gcc/i686-w64-mingw32/13.2.0/../../../../i686-w64-mingw32/lib/../lib/libmsvcrt.a(lib32_libucrt_extra_a-ucrt_vfprintf.o)
                0x00008670                _imp__vfprintf
 .data          0x00008674       0x44 C:/Program Files/Common Files/dSPACE/GCC/13.2/i686/bin/../lib/gcc/i686-w64-mingw32/13.2.0/../../../../i686-w64-mingw32/lib/../lib/libmsvcrt.a(lib32_libucrt_extra_a-ucrtbase_compat.o)
                0x00008674                _imp____ms_fwprintf
                0x00008678                _imp__tzset
                0x0000867c                _imp___get_output_format
                0x00008680                _imp___amsg_exit
                0x00008684                _imp____wgetmainargs
                0x00008688                _imp____getmainargs
                0x0000868c                _imp__daylight
                0x00008690                _imp__timezone
                0x00008694                _imp__tzname
                0x000086b0                _imp__at_quick_exit
                0x000086b4                _imp___onexit
 .data          0x000086b8        0x0 C:/Program Files/Common Files/dSPACE/GCC/13.2/i686/bin/../lib/gcc/i686-w64-mingw32/13.2.0/../../../../i686-w64-mingw32/lib/../lib/libmsvcrt.a(libapi-ms-win-crt-time-l1-1-0s00008.o)
 .data          0x000086b8        0x0 C:/Program Files/Common Files/dSPACE/GCC/13.2/i686/bin/../lib/gcc/i686-w64-mingw32/13.2.0/../../../../i686-w64-mingw32/lib/../lib/libmsvcrt.a(libapi-ms-win-crt-time-l1-1-0s00010.o)
 .data          0x000086b8        0x0 C:/Program Files/Common Files/dSPACE/GCC/13.2/i686/bin/../lib/gcc/i686-w64-mingw32/13.2.0/../../../../i686-w64-mingw32/lib/../lib/libmsvcrt.a(libapi-ms-win-crt-time-l1-1-0s00011.o)
 .data          0x000086b8        0x0 C:/Program Files/Common Files/dSPACE/GCC/13.2/i686/bin/../lib/gcc/i686-w64-mingw32/13.2.0/../../../../i686-w64-mingw32/lib/../lib/libmsvcrt.a(libapi-ms-win-crt-time-l1-1-0s00058.o)
 .data          0x000086b8        0x0 C:/Program Files/Common Files/dSPACE/GCC/13.2/i686/bin/../lib/gcc/i686-w64-mingw32/13.2.0/../../../../i686-w64-mingw32/lib/../lib/libmsvcrt.a(libapi-ms-win-crt-time-l1-1-0h.o)
 .data          0x000086b8        0x0 C:/Program Files/Common Files/dSPACE/GCC/13.2/i686/bin/../lib/gcc/i686-w64-mingw32/13.2.0/../../../../i686-w64-mingw32/lib/../lib/libmsvcrt.a(libapi-ms-win-crt-time-l1-1-0t.o)
 .data          0x000086b8        0x0 C:/Program Files/Common Files/dSPACE/GCC/13.2/i686/bin/../lib/gcc/i686-w64-mingw32/13.2.0/../../../../i686-w64-mingw32/lib/../lib/libmsvcrt.a(libapi-ms-win-crt-string-l1-1-0s00162.o)
 .data          0x000086b8        0x0 C:/Program Files/Common Files/dSPACE/GCC/13.2/i686/bin/../lib/gcc/i686-w64-mingw32/13.2.0/../../../../i686-w64-mingw32/lib/../lib/libmsvcrt.a(libapi-ms-win-crt-string-l1-1-0s00167.o)
 .data          0x000086b8        0x0 C:/Program Files/Common Files/dSPACE/GCC/13.2/i686/bin/../lib/gcc/i686-w64-mingw32/13.2.0/../../../../i686-w64-mingw32/lib/../lib/libmsvcrt.a(libapi-ms-win-crt-string-l1-1-0s00170.o)
 .data          0x000086b8        0x0 C:/Program Files/Common Files/dSPACE/GCC/13.2/i686/bin/../lib/gcc/i686-w64-mingw32/13.2.0/../../../../i686-w64-mingw32/lib/../lib/libmsvcrt.a(libapi-ms-win-crt-string-l1-1-0h.o)
 .data          0x000086b8        0x0 C:/Program Files/Common Files/dSPACE/GCC/13.2/i686/bin/../lib/gcc/i686-w64-mingw32/13.2.0/../../../../i686-w64-mingw32/lib/../lib/libmsvcrt.a(libapi-ms-win-crt-string-l1-1-0t.o)
 .data          0x000086b8        0x0 C:/Program Files/Common Files/dSPACE/GCC/13.2/i686/bin/../lib/gcc/i686-w64-mingw32/13.2.0/../../../../i686-w64-mingw32/lib/../lib/libmsvcrt.a(libapi-ms-win-crt-stdio-l1-1-0s00000.o)
 .data          0x000086b8        0x0 C:/Program Files/Common Files/dSPACE/GCC/13.2/i686/bin/../lib/gcc/i686-w64-mingw32/13.2.0/../../../../i686-w64-mingw32/lib/../lib/libmsvcrt.a(libapi-ms-win-crt-stdio-l1-1-0s00003.o)
 .data          0x000086b8        0x0 C:/Program Files/Common Files/dSPACE/GCC/13.2/i686/bin/../lib/gcc/i686-w64-mingw32/13.2.0/../../../../i686-w64-mingw32/lib/../lib/libmsvcrt.a(libapi-ms-win-crt-stdio-l1-1-0s00007.o)
 .data          0x000086b8        0x0 C:/Program Files/Common Files/dSPACE/GCC/13.2/i686/bin/../lib/gcc/i686-w64-mingw32/13.2.0/../../../../i686-w64-mingw32/lib/../lib/libmsvcrt.a(libapi-ms-win-crt-stdio-l1-1-0s00168.o)
 .data          0x000086b8        0x0 C:/Program Files/Common Files/dSPACE/GCC/13.2/i686/bin/../lib/gcc/i686-w64-mingw32/13.2.0/../../../../i686-w64-mingw32/lib/../lib/libmsvcrt.a(libapi-ms-win-crt-stdio-l1-1-0h.o)
 .data          0x000086b8        0x0 C:/Program Files/Common Files/dSPACE/GCC/13.2/i686/bin/../lib/gcc/i686-w64-mingw32/13.2.0/../../../../i686-w64-mingw32/lib/../lib/libmsvcrt.a(libapi-ms-win-crt-stdio-l1-1-0t.o)
 .data          0x000086b8        0x0 C:/Program Files/Common Files/dSPACE/GCC/13.2/i686/bin/../lib/gcc/i686-w64-mingw32/13.2.0/../../../../i686-w64-mingw32/lib/../lib/libmsvcrt.a(libapi-ms-win-crt-runtime-l1-1-0s00005.o)
 .data          0x000086b8        0x0 C:/Program Files/Common Files/dSPACE/GCC/13.2/i686/bin/../lib/gcc/i686-w64-mingw32/13.2.0/../../../../i686-w64-mingw32/lib/../lib/libmsvcrt.a(libapi-ms-win-crt-runtime-l1-1-0s00006.o)
 .data          0x000086b8        0x0 C:/Program Files/Common Files/dSPACE/GCC/13.2/i686/bin/../lib/gcc/i686-w64-mingw32/13.2.0/../../../../i686-w64-mingw32/lib/../lib/libmsvcrt.a(libapi-ms-win-crt-runtime-l1-1-0s00007.o)
 .data          0x000086b8        0x0 C:/Program Files/Common Files/dSPACE/GCC/13.2/i686/bin/../lib/gcc/i686-w64-mingw32/13.2.0/../../../../i686-w64-mingw32/lib/../lib/libmsvcrt.a(libapi-ms-win-crt-runtime-l1-1-0s00025.o)
 .data          0x000086b8        0x0 C:/Program Files/Common Files/dSPACE/GCC/13.2/i686/bin/../lib/gcc/i686-w64-mingw32/13.2.0/../../../../i686-w64-mingw32/lib/../lib/libmsvcrt.a(libapi-ms-win-crt-runtime-l1-1-0s00026.o)
 .data          0x000086b8        0x0 C:/Program Files/Common Files/dSPACE/GCC/13.2/i686/bin/../lib/gcc/i686-w64-mingw32/13.2.0/../../../../i686-w64-mingw32/lib/../lib/libmsvcrt.a(libapi-ms-win-crt-runtime-l1-1-0s00030.o)
 .data          0x000086b8        0x0 C:/Program Files/Common Files/dSPACE/GCC/13.2/i686/bin/../lib/gcc/i686-w64-mingw32/13.2.0/../../../../i686-w64-mingw32/lib/../lib/libmsvcrt.a(libapi-ms-win-crt-runtime-l1-1-0s00031.o)
 .data          0x000086b8        0x0 C:/Program Files/Common Files/dSPACE/GCC/13.2/i686/bin/../lib/gcc/i686-w64-mingw32/13.2.0/../../../../i686-w64-mingw32/lib/../lib/libmsvcrt.a(libapi-ms-win-crt-runtime-l1-1-0s00036.o)
 .data          0x000086b8        0x0 C:/Program Files/Common Files/dSPACE/GCC/13.2/i686/bin/../lib/gcc/i686-w64-mingw32/13.2.0/../../../../i686-w64-mingw32/lib/../lib/libmsvcrt.a(libapi-ms-win-crt-runtime-l1-1-0s00037.o)
 .data          0x000086b8        0x0 C:/Program Files/Common Files/dSPACE/GCC/13.2/i686/bin/../lib/gcc/i686-w64-mingw32/13.2.0/../../../../i686-w64-mingw32/lib/../lib/libmsvcrt.a(libapi-ms-win-crt-runtime-l1-1-0s00052.o)
 .data          0x000086b8        0x0 C:/Program Files/Common Files/dSPACE/GCC/13.2/i686/bin/../lib/gcc/i686-w64-mingw32/13.2.0/../../../../i686-w64-mingw32/lib/../lib/libmsvcrt.a(libapi-ms-win-crt-runtime-l1-1-0s00054.o)
 .data          0x000086b8        0x0 C:/Program Files/Common Files/dSPACE/GCC/13.2/i686/bin/../lib/gcc/i686-w64-mingw32/13.2.0/../../../../i686-w64-mingw32/lib/../lib/libmsvcrt.a(libapi-ms-win-crt-runtime-l1-1-0s00056.o)
 .data          0x000086b8        0x0 C:/Program Files/Common Files/dSPACE/GCC/13.2/i686/bin/../lib/gcc/i686-w64-mingw32/13.2.0/../../../../i686-w64-mingw32/lib/../lib/libmsvcrt.a(libapi-ms-win-crt-runtime-l1-1-0s00057.o)
 .data          0x000086b8        0x0 C:/Program Files/Common Files/dSPACE/GCC/13.2/i686/bin/../lib/gcc/i686-w64-mingw32/13.2.0/../../../../i686-w64-mingw32/lib/../lib/libmsvcrt.a(libapi-ms-win-crt-runtime-l1-1-0s00063.o)
 .data          0x000086b8        0x0 C:/Program Files/Common Files/dSPACE/GCC/13.2/i686/bin/../lib/gcc/i686-w64-mingw32/13.2.0/../../../../i686-w64-mingw32/lib/../lib/libmsvcrt.a(libapi-ms-win-crt-runtime-l1-1-0s00088.o)
 .data          0x000086b8        0x0 C:/Program Files/Common Files/dSPACE/GCC/13.2/i686/bin/../lib/gcc/i686-w64-mingw32/13.2.0/../../../../i686-w64-mingw32/lib/../lib/libmsvcrt.a(libapi-ms-win-crt-runtime-l1-1-0h.o)
 .data          0x000086b8        0x0 C:/Program Files/Common Files/dSPACE/GCC/13.2/i686/bin/../lib/gcc/i686-w64-mingw32/13.2.0/../../../../i686-w64-mingw32/lib/../lib/libmsvcrt.a(libapi-ms-win-crt-runtime-l1-1-0t.o)
 .data          0x000086b8        0x0 C:/Program Files/Common Files/dSPACE/GCC/13.2/i686/bin/../lib/gcc/i686-w64-mingw32/13.2.0/../../../../i686-w64-mingw32/lib/../lib/libmsvcrt.a(libapi-ms-win-crt-heap-l1-1-0s00023.o)
 .data          0x000086b8        0x0 C:/Program Files/Common Files/dSPACE/GCC/13.2/i686/bin/../lib/gcc/i686-w64-mingw32/13.2.0/../../../../i686-w64-mingw32/lib/../lib/libmsvcrt.a(libapi-ms-win-crt-heap-l1-1-0s00024.o)
 .data          0x000086b8        0x0 C:/Program Files/Common Files/dSPACE/GCC/13.2/i686/bin/../lib/gcc/i686-w64-mingw32/13.2.0/../../../../i686-w64-mingw32/lib/../lib/libmsvcrt.a(libapi-ms-win-crt-heap-l1-1-0s00025.o)
 .data          0x000086b8        0x0 C:/Program Files/Common Files/dSPACE/GCC/13.2/i686/bin/../lib/gcc/i686-w64-mingw32/13.2.0/../../../../i686-w64-mingw32/lib/../lib/libmsvcrt.a(libapi-ms-win-crt-heap-l1-1-0h.o)
 .data          0x000086b8        0x0 C:/Program Files/Common Files/dSPACE/GCC/13.2/i686/bin/../lib/gcc/i686-w64-mingw32/13.2.0/../../../../i686-w64-mingw32/lib/../lib/libmsvcrt.a(libapi-ms-win-crt-heap-l1-1-0t.o)
 .data          0x000086b8        0x0 C:/Program Files/Common Files/dSPACE/GCC/13.2/i686/bin/../lib/gcc/i686-w64-mingw32/13.2.0/../../../../i686-w64-mingw32/lib/../lib/libmsvcrt.a(libapi-ms-win-crt-environment-l1-1-0s00000.o)
 .data          0x000086b8        0x0 C:/Program Files/Common Files/dSPACE/GCC/13.2/i686/bin/../lib/gcc/i686-w64-mingw32/13.2.0/../../../../i686-w64-mingw32/lib/../lib/libmsvcrt.a(libapi-ms-win-crt-environment-l1-1-0s00001.o)
 .data          0x000086b8        0x0 C:/Program Files/Common Files/dSPACE/GCC/13.2/i686/bin/../lib/gcc/i686-w64-mingw32/13.2.0/../../../../i686-w64-mingw32/lib/../lib/libmsvcrt.a(libapi-ms-win-crt-environment-l1-1-0s00012.o)
 .data          0x000086b8        0x0 C:/Program Files/Common Files/dSPACE/GCC/13.2/i686/bin/../lib/gcc/i686-w64-mingw32/13.2.0/../../../../i686-w64-mingw32/lib/../lib/libmsvcrt.a(libapi-ms-win-crt-environment-l1-1-0s00018.o)
 .data          0x000086b8        0x0 C:/Program Files/Common Files/dSPACE/GCC/13.2/i686/bin/../lib/gcc/i686-w64-mingw32/13.2.0/../../../../i686-w64-mingw32/lib/../lib/libmsvcrt.a(libapi-ms-win-crt-environment-l1-1-0h.o)
 .data          0x000086b8        0x0 C:/Program Files/Common Files/dSPACE/GCC/13.2/i686/bin/../lib/gcc/i686-w64-mingw32/13.2.0/../../../../i686-w64-mingw32/lib/../lib/libmsvcrt.a(libapi-ms-win-crt-environment-l1-1-0t.o)
 .data          0x000086b8        0x4 C:/Program Files/Common Files/dSPACE/GCC/13.2/i686/bin/../lib/gcc/i686-w64-mingw32/13.2.0/../../../../i686-w64-mingw32/lib/../lib/libmsvcrt.a(lib32_libucrt_extra_a-ucrt_fprintf.o)
                0x000086b8                _imp__fprintf
 .data          0x000086bc        0x0 C:/Program Files/Common Files/dSPACE/GCC/13.2/i686/bin/../lib/gcc/i686-w64-mingw32/13.2.0/../../../../i686-w64-mingw32/lib/../lib/libkernel32.a(libkernel32s01467.o)
 .data          0x000086bc        0x0 C:/Program Files/Common Files/dSPACE/GCC/13.2/i686/bin/../lib/gcc/i686-w64-mingw32/13.2.0/../../../../i686-w64-mingw32/lib/../lib/libkernel32.a(libkernel32s01464.o)
 .data          0x000086bc        0x0 C:/Program Files/Common Files/dSPACE/GCC/13.2/i686/bin/../lib/gcc/i686-w64-mingw32/13.2.0/../../../../i686-w64-mingw32/lib/../lib/libkernel32.a(libkernel32s01416.o)
 .data          0x000086bc        0x0 C:/Program Files/Common Files/dSPACE/GCC/13.2/i686/bin/../lib/gcc/i686-w64-mingw32/13.2.0/../../../../i686-w64-mingw32/lib/../lib/libkernel32.a(libkernel32s01381.o)
 .data          0x000086bc        0x0 C:/Program Files/Common Files/dSPACE/GCC/13.2/i686/bin/../lib/gcc/i686-w64-mingw32/13.2.0/../../../../i686-w64-mingw32/lib/../lib/libkernel32.a(libkernel32s00974.o)
 .data          0x000086bc        0x0 C:/Program Files/Common Files/dSPACE/GCC/13.2/i686/bin/../lib/gcc/i686-w64-mingw32/13.2.0/../../../../i686-w64-mingw32/lib/../lib/libkernel32.a(libkernel32s00970.o)
 .data          0x000086bc        0x0 C:/Program Files/Common Files/dSPACE/GCC/13.2/i686/bin/../lib/gcc/i686-w64-mingw32/13.2.0/../../../../i686-w64-mingw32/lib/../lib/libkernel32.a(libkernel32s00874.o)
 .data          0x000086bc        0x0 C:/Program Files/Common Files/dSPACE/GCC/13.2/i686/bin/../lib/gcc/i686-w64-mingw32/13.2.0/../../../../i686-w64-mingw32/lib/../lib/libkernel32.a(libkernel32s00691.o)
 .data          0x000086bc        0x0 C:/Program Files/Common Files/dSPACE/GCC/13.2/i686/bin/../lib/gcc/i686-w64-mingw32/13.2.0/../../../../i686-w64-mingw32/lib/../lib/libkernel32.a(libkernel32s00634.o)
 .data          0x000086bc        0x0 C:/Program Files/Common Files/dSPACE/GCC/13.2/i686/bin/../lib/gcc/i686-w64-mingw32/13.2.0/../../../../i686-w64-mingw32/lib/../lib/libkernel32.a(libkernel32s00614.o)
 .data          0x000086bc        0x0 C:/Program Files/Common Files/dSPACE/GCC/13.2/i686/bin/../lib/gcc/i686-w64-mingw32/13.2.0/../../../../i686-w64-mingw32/lib/../lib/libkernel32.a(libkernel32s00430.o)
 .data          0x000086bc        0x0 C:/Program Files/Common Files/dSPACE/GCC/13.2/i686/bin/../lib/gcc/i686-w64-mingw32/13.2.0/../../../../i686-w64-mingw32/lib/../lib/libkernel32.a(libkernel32s00307.o)
 .data          0x000086bc        0x0 C:/Program Files/Common Files/dSPACE/GCC/13.2/i686/bin/../lib/gcc/i686-w64-mingw32/13.2.0/../../../../i686-w64-mingw32/lib/../lib/libkernel32.a(libkernel32s00274.o)
 .data          0x000086bc        0x0 C:/Program Files/Common Files/dSPACE/GCC/13.2/i686/bin/../lib/gcc/i686-w64-mingw32/13.2.0/../../../../i686-w64-mingw32/lib/../lib/libkernel32.a(libkernel32h.o)
 .data          0x000086bc        0x0 C:/Program Files/Common Files/dSPACE/GCC/13.2/i686/bin/../lib/gcc/i686-w64-mingw32/13.2.0/../../../../i686-w64-mingw32/lib/../lib/libkernel32.a(libkernel32t.o)
 .data          0x000086bc        0x0 C:/Program Files/Common Files/dSPACE/GCC/13.2/i686/bin/../lib/gcc/i686-w64-mingw32/13.2.0/crtend.o
 *(.data2)
 *(SORT_BY_NAME(.data$*))
 *(.jcr)
                0x000086bc                __data_end__ = .
 *(.data_cygwin_nocopy)

VEOS_CAL        0x00009000      0x200
 VEOS_CAL       0x00009000        0x4 .\BinaryArtifacts\turnlamp\HostPC32_GCC\VEOS_BusApi.o
                0x00009000                g_VEOS_DisconnectBuses
 VEOS_CAL       0x00009004        0x4 .\BinaryArtifacts\turnlamp\HostPC32_GCC\VEOS_SimApi.o
                0x00009004                g_VEOS_DisconnectCompletely
 VEOS_CAL       0x00009008        0x4 .\BinaryArtifacts\turnlamp\HostPC32_GCC\VEOS_PortApi.o
                0x00009008                g_VEOS_DisconnectPorts

.rdata          0x0000a000     0x2200
 *(.rdata)
 .rdata         0x0000a000       0x44 C:/Program Files/Common Files/dSPACE/GCC/13.2/i686/bin/../lib/gcc/i686-w64-mingw32/13.2.0/crtbegin.o
 *fill*         0x0000a044       0x1c 
 .rdata         0x0000a060       0x80 .\BinaryArtifacts\turnlamp\HostPC32_GCC\SmartServices.o
                0x0000a060                g_SmartServices_Api
 .rdata         0x0000a0e0       0xa0 .\BinaryArtifacts\turnlamp\HostPC32_GCC\SicAppFrm_Task_generated.o
 .rdata         0x0000a180       0x88 .\BinaryArtifacts\turnlamp\HostPC32_GCC\SicAppFrm_AccPt_generated.o
 .rdata         0x0000a208      0x230 .\BinaryArtifacts\turnlamp\HostPC32_GCC\SicAppFrm.o
                0x0000a428                g_SicAppFrm_TaskTurnaroundTime
                0x0000a430                g_SicAppFrm_TaskOverrunCounter
 *fill*         0x0000a438        0x8 
 .rdata         0x0000a440      0x1c0 .\BinaryArtifacts\turnlamp\HostPC32_GCC\VEOS_SimApi.o
 .rdata         0x0000a600       0x44 .\BinaryArtifacts\turnlamp\HostPC32_GCC\VEOS_MsgApi.o
 *fill*         0x0000a644       0x1c 
 .rdata         0x0000a660       0xa0 .\BinaryArtifacts\turnlamp\HostPC32_GCC\VEOS_Interaction.o
                0x0000a660                g_VEOS_Interaction
                0x0000a6a0                ga_VEOS_Version
                0x0000a6a8                g_VEOS_MsgApi
                0x0000a6c0                g_VEOS_SimApi
 .rdata         0x0000a700      0xc3c .\BinaryArtifacts\turnlamp\HostPC32_GCC\VEOS.o
 .rdata         0x0000b33c      0x344 .\BinaryArtifacts\turnlamp\HostPC32_GCC\VEOS_Impl.o
 .rdata         0x0000b680       0x7c C:/Users/DSPACE~1/AppData/Local/Temp/VEOS_S~1/BinaryArtifacts/turnlamp/HostPC32_GCC/VEOS_turnlamp.lib(turnlamp_dsrtmdlfcn.obj)
 *fill*         0x0000b6fc        0x4 
 .rdata         0x0000b700       0x60 C:/Users/DSPACE~1/AppData/Local/Temp/VEOS_S~1/BinaryArtifacts/turnlamp/HostPC32_GCC/VEOS_turnlamp.lib(turnlamp.obj)
                0x0000b708                turnlamp_M
 .rdata         0x0000b760       0x20 C:/Users/DSPACE~1/AppData/Local/Temp/VEOS_S~1/BinaryArtifacts/turnlamp/HostPC32_GCC/VEOS_turnlamp.lib(rtGetInf.obj)
 .rdata         0x0000b780       0x10 C:/Users/DSPACE~1/AppData/Local/Temp/VEOS_S~1/BinaryArtifacts/turnlamp/HostPC32_GCC/VEOS_turnlamp.lib(rtGetNaN.obj)
 .rdata         0x0000b790       0x1c C:/Program Files/Common Files/dSPACE/GCC/13.2/i686/bin/../lib/gcc/i686-w64-mingw32/13.2.0/../../../../i686-w64-mingw32/lib/../lib/libmingw32.a(lib32_libmingw32_a-tlssup.o)
                0x0000b790                __dyn_tls_init_callback
                0x0000b794                _tls_used
 .rdata         0x0000b7ac      0x14c C:/Program Files/Common Files/dSPACE/GCC/13.2/i686/bin/../lib/gcc/i686-w64-mingw32/13.2.0/../../../../i686-w64-mingw32/lib/../lib/libmingw32.a(lib32_libmingw32_a-pseudo-reloc.o)
 .rdata         0x0000b8f8       0x14 C:/Program Files/Common Files/dSPACE/GCC/13.2/i686/bin/../lib/gcc/i686-w64-mingw32/13.2.0/../../../../i686-w64-mingw32/lib/../lib/libmsvcrt.a(lib32_libucrt_extra_a-ucrtbase_compat.o)
 *(SORT_BY_NAME(.rdata$*))
 .rdata$zzz     0x0000b90c       0x44 .\BinaryArtifacts\turnlamp\HostPC32_GCC\SmartServices_Cfg_generated.o
 .rdata$zzz     0x0000b950       0x44 .\BinaryArtifacts\turnlamp\HostPC32_GCC\SmartServices.o
 .rdata$zzz     0x0000b994       0x44 .\BinaryArtifacts\turnlamp\HostPC32_GCC\SicAppFrm_Task_generated.o
 .rdata$zzz     0x0000b9d8       0x44 .\BinaryArtifacts\turnlamp\HostPC32_GCC\SicAppFrm_AccPt_generated.o
 .rdata$zzz     0x0000ba1c       0x44 .\BinaryArtifacts\turnlamp\HostPC32_GCC\SicAppFrm.o
 .rdata$zzz     0x0000ba60       0x44 .\BinaryArtifacts\turnlamp\HostPC32_GCC\SicAppFrm_Queue.o
 .rdata$zzz     0x0000baa4       0x44 .\BinaryArtifacts\turnlamp\HostPC32_GCC\VEOS_Api.o
 .rdata$zzz     0x0000bae8       0x44 .\BinaryArtifacts\turnlamp\HostPC32_GCC\VEOS_BusApi.o
 .rdata$zzz     0x0000bb2c       0x44 .\BinaryArtifacts\turnlamp\HostPC32_GCC\VEOS_ExpApi.o
 .rdata$zzz     0x0000bb70       0x44 .\BinaryArtifacts\turnlamp\HostPC32_GCC\VEOS_SimApi.o
 .rdata$zzz     0x0000bbb4       0x44 .\BinaryArtifacts\turnlamp\HostPC32_GCC\VEOS_NotiApi.o
 .rdata$zzz     0x0000bbf8       0x44 .\BinaryArtifacts\turnlamp\HostPC32_GCC\VEOS_MsgApi.o
 .rdata$zzz     0x0000bc3c       0x44 .\BinaryArtifacts\turnlamp\HostPC32_GCC\VEOS_PortApi.o
 .rdata$zzz     0x0000bc80       0x44 .\BinaryArtifacts\turnlamp\HostPC32_GCC\VEOS_OsTskApi.o
 .rdata$zzz     0x0000bcc4       0x44 .\BinaryArtifacts\turnlamp\HostPC32_GCC\VEOS_Interaction.o
 .rdata$zzz     0x0000bd08       0x44 .\BinaryArtifacts\turnlamp\HostPC32_GCC\VEOS.o
 .rdata$zzz     0x0000bd4c       0x44 .\BinaryArtifacts\turnlamp\HostPC32_GCC\VEOS_Impl.o
 .rdata$zzz     0x0000bd90       0x44 .\BinaryArtifacts\turnlamp\HostPC32_GCC\DsMsgApi.o
 .rdata$zzz     0x0000bdd4       0x44 C:/Users/DSPACE~1/AppData/Local/Temp/VEOS_S~1/BinaryArtifacts/turnlamp/HostPC32_GCC/VEOS_turnlamp.lib(turnlamp_dsrtmdlfcn.obj)
 .rdata$zzz     0x0000be18       0x44 C:/Users/DSPACE~1/AppData/Local/Temp/VEOS_S~1/BinaryArtifacts/turnlamp/HostPC32_GCC/VEOS_turnlamp.lib(turnlamp_dsrttf.obj)
 .rdata$zzz     0x0000be5c       0x44 C:/Users/DSPACE~1/AppData/Local/Temp/VEOS_S~1/BinaryArtifacts/turnlamp/HostPC32_GCC/VEOS_turnlamp.lib(turnlamp.obj)
 .rdata$zzz     0x0000bea0       0x44 C:/Users/DSPACE~1/AppData/Local/Temp/VEOS_S~1/BinaryArtifacts/turnlamp/HostPC32_GCC/VEOS_turnlamp.lib(rt_nonfinite.obj)
 .rdata$zzz     0x0000bee4       0x44 C:/Users/DSPACE~1/AppData/Local/Temp/VEOS_S~1/BinaryArtifacts/turnlamp/HostPC32_GCC/VEOS_turnlamp.lib(turnlamp_data.obj)
 .rdata$zzz     0x0000bf28       0x44 C:/Users/DSPACE~1/AppData/Local/Temp/VEOS_S~1/BinaryArtifacts/turnlamp/HostPC32_GCC/VEOS_turnlamp.lib(turnlamp_dsrtvdf.obj)
 .rdata$zzz     0x0000bf6c       0x44 C:/Users/DSPACE~1/AppData/Local/Temp/VEOS_S~1/BinaryArtifacts/turnlamp/HostPC32_GCC/VEOS_turnlamp.lib(rtGetInf.obj)
 .rdata$zzz     0x0000bfb0       0x44 C:/Users/DSPACE~1/AppData/Local/Temp/VEOS_S~1/BinaryArtifacts/turnlamp/HostPC32_GCC/VEOS_turnlamp.lib(rtGetNaN.obj)
 .rdata$zzz     0x0000bff4       0x44 C:/Users/DSPACE~1/AppData/Local/Temp/VEOS_S~1/GeneratedCode/LibraryFiles/ModelInit/ModelInit_HostPC32_GCC_Debug.lib(ModelInit.obj)
 .rdata$zzz     0x0000c038       0x44 C:/Users/DSPACE~1/AppData/Local/Temp/VEOS_S~1/GeneratedCode/LibraryFiles/ModelInit/ModelInit_HostPC32_GCC_Debug.lib(VEOS_FrmRef.obj)
 .rdata$zzz     0x0000c07c       0x44 C:/Users/DSPACE~1/AppData/Local/Temp/VEOS_S~1/GeneratedCode/LibraryFiles/ModelInit/NoEcuIoCore_HostPC32_GCC_Debug.lib(NoEcuInit.obj)
 .rdata$zzz     0x0000c0c0       0x44 C:/Users/DSPACE~1/AppData/Local/Temp/VEOS_S~1/GeneratedCode/LibraryFiles/ModelInit/NoCanIoCore_HostPC32_GCC_Debug.lib(NoCanInit.obj)
 .rdata$zzz     0x0000c104       0x44 C:/Users/DSPACE~1/AppData/Local/Temp/VEOS_S~1/GeneratedCode/LibraryFiles/ModelInit/NoLinIoCore_HostPC32_GCC_Debug.lib(NoLinInit.obj)
 .rdata$zzz     0x0000c148       0x44 C:/Users/DSPACE~1/AppData/Local/Temp/VEOS_S~1/GeneratedCode/LibraryFiles/ModelInit/NoEthIoCore_HostPC32_GCC_Debug.lib(NoEthInit.obj)
                0x0000c18c                . = ALIGN (0x4)
                0x0000c18c                __rt_psrelocs_start = .
 *(.rdata_runtime_pseudo_reloc)
                0x0000c18c                __rt_psrelocs_end = .
                0x00000000                __rt_psrelocs_size = (__rt_psrelocs_end - __rt_psrelocs_start)
                0x0000c18c                ___RUNTIME_PSEUDO_RELOC_LIST_END__ = .
                0x0000c18c                __RUNTIME_PSEUDO_RELOC_LIST_END__ = .
                0x0000c18c                ___RUNTIME_PSEUDO_RELOC_LIST__ = (. - __rt_psrelocs_size)
                0x0000c18c                __RUNTIME_PSEUDO_RELOC_LIST__ = (. - __rt_psrelocs_size)

.eh_frame       0x0000d000     0x2000
 *(.eh_frame*)
 .eh_frame      0x0000d000      0x124 C:/Program Files/Common Files/dSPACE/GCC/13.2/i686/bin/../lib/gcc/i686-w64-mingw32/13.2.0/../../../../i686-w64-mingw32/lib/../lib/dllcrt2.o
 .eh_frame      0x0000d124       0x68 C:/Program Files/Common Files/dSPACE/GCC/13.2/i686/bin/../lib/gcc/i686-w64-mingw32/13.2.0/crtbegin.o
 .eh_frame      0x0000d18c       0x2c .\BinaryArtifacts\turnlamp\HostPC32_GCC\SmartServices.o
 .eh_frame      0x0000d1b8       0xc8 .\BinaryArtifacts\turnlamp\HostPC32_GCC\SicAppFrm_Task_generated.o
 .eh_frame      0x0000d280       0xec .\BinaryArtifacts\turnlamp\HostPC32_GCC\SicAppFrm_AccPt_generated.o
 .eh_frame      0x0000d36c      0x218 .\BinaryArtifacts\turnlamp\HostPC32_GCC\SicAppFrm.o
 .eh_frame      0x0000d584      0x19c .\BinaryArtifacts\turnlamp\HostPC32_GCC\SicAppFrm_Queue.o
 .eh_frame      0x0000d720       0x70 .\BinaryArtifacts\turnlamp\HostPC32_GCC\VEOS_Api.o
 .eh_frame      0x0000d790       0x2c .\BinaryArtifacts\turnlamp\HostPC32_GCC\VEOS_BusApi.o
 .eh_frame      0x0000d7bc      0x1b0 .\BinaryArtifacts\turnlamp\HostPC32_GCC\VEOS_ExpApi.o
 .eh_frame      0x0000d96c      0x284 .\BinaryArtifacts\turnlamp\HostPC32_GCC\VEOS_SimApi.o
 .eh_frame      0x0000dbf0       0x2c .\BinaryArtifacts\turnlamp\HostPC32_GCC\VEOS_NotiApi.o
 .eh_frame      0x0000dc1c       0x94 .\BinaryArtifacts\turnlamp\HostPC32_GCC\VEOS_MsgApi.o
 .eh_frame      0x0000dcb0       0x2c .\BinaryArtifacts\turnlamp\HostPC32_GCC\VEOS_PortApi.o
 .eh_frame      0x0000dcdc       0x2c .\BinaryArtifacts\turnlamp\HostPC32_GCC\VEOS_OsTskApi.o
 .eh_frame      0x0000dd08       0x3c .\BinaryArtifacts\turnlamp\HostPC32_GCC\VEOS.o
 .eh_frame      0x0000dd44      0x224 .\BinaryArtifacts\turnlamp\HostPC32_GCC\VEOS_Impl.o
 .eh_frame      0x0000df68       0xb0 .\BinaryArtifacts\turnlamp\HostPC32_GCC\DsMsgApi.o
 .eh_frame      0x0000e018       0xcc C:/Users/DSPACE~1/AppData/Local/Temp/VEOS_S~1/BinaryArtifacts/turnlamp/HostPC32_GCC/VEOS_turnlamp.lib(turnlamp_dsrtmdlfcn.obj)
 .eh_frame      0x0000e0e4       0xc0 C:/Users/DSPACE~1/AppData/Local/Temp/VEOS_S~1/BinaryArtifacts/turnlamp/HostPC32_GCC/VEOS_turnlamp.lib(turnlamp_dsrttf.obj)
 .eh_frame      0x0000e1a4      0x210 C:/Users/DSPACE~1/AppData/Local/Temp/VEOS_S~1/BinaryArtifacts/turnlamp/HostPC32_GCC/VEOS_turnlamp.lib(turnlamp.obj)
 .eh_frame      0x0000e3b4       0xc8 C:/Users/DSPACE~1/AppData/Local/Temp/VEOS_S~1/BinaryArtifacts/turnlamp/HostPC32_GCC/VEOS_turnlamp.lib(rt_nonfinite.obj)
 .eh_frame      0x0000e47c       0x58 C:/Users/DSPACE~1/AppData/Local/Temp/VEOS_S~1/BinaryArtifacts/turnlamp/HostPC32_GCC/VEOS_turnlamp.lib(turnlamp_dsrtvdf.obj)
 .eh_frame      0x0000e4d4       0x68 C:/Users/DSPACE~1/AppData/Local/Temp/VEOS_S~1/BinaryArtifacts/turnlamp/HostPC32_GCC/VEOS_turnlamp.lib(rtGetInf.obj)
 .eh_frame      0x0000e53c       0x40 C:/Users/DSPACE~1/AppData/Local/Temp/VEOS_S~1/BinaryArtifacts/turnlamp/HostPC32_GCC/VEOS_turnlamp.lib(rtGetNaN.obj)
 .eh_frame      0x0000e57c       0x44 C:/Users/DSPACE~1/AppData/Local/Temp/VEOS_S~1/GeneratedCode/LibraryFiles/ModelInit/ModelInit_HostPC32_GCC_Debug.lib(ModelInit.obj)
 .eh_frame      0x0000e5c0       0x8c C:/Users/DSPACE~1/AppData/Local/Temp/VEOS_S~1/GeneratedCode/LibraryFiles/ModelInit/NoEcuIoCore_HostPC32_GCC_Debug.lib(NoEcuInit.obj)
 .eh_frame      0x0000e64c       0x8c C:/Users/DSPACE~1/AppData/Local/Temp/VEOS_S~1/GeneratedCode/LibraryFiles/ModelInit/NoCanIoCore_HostPC32_GCC_Debug.lib(NoCanInit.obj)
 .eh_frame      0x0000e6d8       0x8c C:/Users/DSPACE~1/AppData/Local/Temp/VEOS_S~1/GeneratedCode/LibraryFiles/ModelInit/NoLinIoCore_HostPC32_GCC_Debug.lib(NoLinInit.obj)
 .eh_frame      0x0000e764       0x8c C:/Users/DSPACE~1/AppData/Local/Temp/VEOS_S~1/GeneratedCode/LibraryFiles/ModelInit/NoEthIoCore_HostPC32_GCC_Debug.lib(NoEthInit.obj)
 .eh_frame      0x0000e7f0       0x68 C:/Program Files/Common Files/dSPACE/GCC/13.2/i686/bin/../lib/gcc/i686-w64-mingw32/13.2.0/../../../../i686-w64-mingw32/lib/../lib/libmingw32.a(lib32_libmingw32_a-gccmain.o)
 .eh_frame      0x0000e858       0x94 C:/Program Files/Common Files/dSPACE/GCC/13.2/i686/bin/../lib/gcc/i686-w64-mingw32/13.2.0/../../../../i686-w64-mingw32/lib/../lib/libmingw32.a(lib32_libmingw32_a-tlssup.o)
 .eh_frame      0x0000e8ec       0xb8 C:/Program Files/Common Files/dSPACE/GCC/13.2/i686/bin/../lib/gcc/i686-w64-mingw32/13.2.0/../../../../i686-w64-mingw32/lib/../lib/libmingw32.a(lib32_libmingw32_a-pseudo-reloc.o)
 .eh_frame      0x0000e9a4      0x110 C:/Program Files/Common Files/dSPACE/GCC/13.2/i686/bin/../lib/gcc/i686-w64-mingw32/13.2.0/../../../../i686-w64-mingw32/lib/../lib/libmingw32.a(lib32_libmingw32_a-tlsthrd.o)
 .eh_frame      0x0000eab4      0x190 C:/Program Files/Common Files/dSPACE/GCC/13.2/i686/bin/../lib/gcc/i686-w64-mingw32/13.2.0/../../../../i686-w64-mingw32/lib/../lib/libmingw32.a(lib32_libmingw32_a-pesect.o)
 .eh_frame      0x0000ec44       0x2c C:/Program Files/Common Files/dSPACE/GCC/13.2/i686/bin/../lib/gcc/i686-w64-mingw32/13.2.0/../../../../i686-w64-mingw32/lib/../lib/libmingw32.a(lib32_libmingw32_a-CRT_fp10.o)
 .eh_frame      0x0000ec70       0x2c C:/Program Files/Common Files/dSPACE/GCC/13.2/i686/bin/../lib/gcc/i686-w64-mingw32/13.2.0/../../../../i686-w64-mingw32/lib/../lib/libmingwex.a(lib32_libmingwex_a-dllentry.o)
 .eh_frame      0x0000ec9c       0x2c C:/Program Files/Common Files/dSPACE/GCC/13.2/i686/bin/../lib/gcc/i686-w64-mingw32/13.2.0/../../../../i686-w64-mingw32/lib/../lib/libmingwex.a(lib32_libmingwex_a-dllmain.o)
 .eh_frame      0x0000ecc8       0x2c C:/Program Files/Common Files/dSPACE/GCC/13.2/i686/bin/../lib/gcc/i686-w64-mingw32/13.2.0/../../../../i686-w64-mingw32/lib/../lib/libmingwex.a(lib32_libmingwex_a-fmod.o)
 .eh_frame      0x0000ecf4       0x30 C:/Program Files/Common Files/dSPACE/GCC/13.2/i686/bin/../lib/gcc/i686-w64-mingw32/13.2.0/../../../../i686-w64-mingw32/lib/../lib/libmsvcrt.a(lib32_libucrt_extra_a-ucrt_vfprintf.o)
 .eh_frame      0x0000ed24      0x104 C:/Program Files/Common Files/dSPACE/GCC/13.2/i686/bin/../lib/gcc/i686-w64-mingw32/13.2.0/../../../../i686-w64-mingw32/lib/../lib/libmsvcrt.a(lib32_libucrt_extra_a-ucrtbase_compat.o)
 .eh_frame      0x0000ee28       0x30 C:/Program Files/Common Files/dSPACE/GCC/13.2/i686/bin/../lib/gcc/i686-w64-mingw32/13.2.0/../../../../i686-w64-mingw32/lib/../lib/libmsvcrt.a(lib32_libucrt_extra_a-ucrt_fprintf.o)
 .eh_frame      0x0000ee58       0x30 C:/Program Files/Common Files/dSPACE/GCC/13.2/i686/bin/../lib/gcc/i686-w64-mingw32/13.2.0/crtend.o

.pdata
 *(.pdata*)

.bss            0x0000f000      0x7e4
                0x0000f000                __bss_start__ = .
 *(.bss)
 .bss           0x0000f000       0x10 C:/Program Files/Common Files/dSPACE/GCC/13.2/i686/bin/../lib/gcc/i686-w64-mingw32/13.2.0/../../../../i686-w64-mingw32/lib/../lib/dllcrt2.o
 .bss           0x0000f010       0x1c C:/Program Files/Common Files/dSPACE/GCC/13.2/i686/bin/../lib/gcc/i686-w64-mingw32/13.2.0/crtbegin.o
                0x0000f010                hmod_libgcc
 .bss           0x0000f02c       0x14 .\BinaryArtifacts\turnlamp\HostPC32_GCC\SmartServices_Cfg_generated.o
                0x0000f02c                XilApiEesPortTrigger
                0x0000f030                XilApiEesPortFlags
                0x0000f034                XilApiEesPortErrorSwitchingValue
                0x0000f038                XilApiEesPortErrorActivatedValue
                0x0000f03c                XilApiEesPortActiveErrorSetValue
 .bss           0x0000f040       0x1c .\BinaryArtifacts\turnlamp\HostPC32_GCC\SmartServices.o
                0x0000f040                gp_SmartServices_DsModelAccessWrite
                0x0000f044                gp_SmartServices_DsModelAccessRead
                0x0000f048                gp_SmartServices_DsModelAccessInit
                0x0000f04c                gp_SmartServices_DsRtt_SetAsync
                0x0000f050                gp_SmartServices_DsRtt_ScriptServicePreComputation
                0x0000f054                gp_SmartServices_DsRtt_ScriptServicePostComputation
                0x0000f058                gp_SmartServices_DsDaq_Service
 .bss           0x0000f05c        0x8 .\BinaryArtifacts\turnlamp\HostPC32_GCC\SicAppFrm_Task_generated.o
                0x0000f05c                g_SicAppFrm_NumberOfInvocations_Virtual_Task_0
                0x0000f060                g_SicAppFrm_NumberOfInvocations_Periodic_Task_2
 .bss           0x0000f064        0x0 .\BinaryArtifacts\turnlamp\HostPC32_GCC\SicAppFrm_AccPt_generated.o
 .bss           0x0000f064       0x54 .\BinaryArtifacts\turnlamp\HostPC32_GCC\SicAppFrm.o
                0x0000f064                ga_SicAppFrm_EventTriggers
                0x0000f068                ga_SicAppFrm_TaskEventAssociations
                0x0000f070                gp_SicAppFrm_ScheduledTasks
                0x0000f078                ga_SicAppFrm_TaskOverruns
                0x0000f080                ga_SicAppFrm_TaskScheduleItems
                0x0000f090                ga_SicAppFrm_ScheduledTasks
                0x0000f0a8                g_SicAppFrm_Kernel
 .bss           0x0000f0b8        0x0 .\BinaryArtifacts\turnlamp\HostPC32_GCC\SicAppFrm_Queue.o
 .bss           0x0000f0b8        0x0 .\BinaryArtifacts\turnlamp\HostPC32_GCC\VEOS_Api.o
 .bss           0x0000f0b8        0x0 .\BinaryArtifacts\turnlamp\HostPC32_GCC\VEOS_BusApi.o
 .bss           0x0000f0b8        0x4 .\BinaryArtifacts\turnlamp\HostPC32_GCC\VEOS_ExpApi.o
                0x0000f0b8                gp_VEOS_ExpApi_Instance
 *fill*         0x0000f0bc        0x4 
 .bss           0x0000f0c0       0x30 .\BinaryArtifacts\turnlamp\HostPC32_GCC\VEOS_SimApi.o
                0x0000f0c0                gp_VEOS_SimApi_Instance
                0x0000f0c8                g_VEOS_SimApi_RealTimeDeviation
                0x0000f0d0                g_VEOS_CurrentSimulationCounter_1ns
                0x0000f0d8                g_VEOS_CurrentSimulationTime
                0x0000f0e0                g_VEOS_SimApi_CurrentEventStatus
                0x0000f0e2                g_VEOS_SimApi_SignalErrorOn
                0x0000f0e4                gp_VEOS_TargetAddressBase
                0x0000f0e8                g_VEOS_ApplicationId
 .bss           0x0000f0f0        0x4 .\BinaryArtifacts\turnlamp\HostPC32_GCC\VEOS_NotiApi.o
                0x0000f0f0                gp_VEOS_NotiApi_Instance
 .bss           0x0000f0f4        0x4 .\BinaryArtifacts\turnlamp\HostPC32_GCC\VEOS_MsgApi.o
                0x0000f0f4                gp_VEOS_MsgApi_Instance
 .bss           0x0000f0f8        0x0 .\BinaryArtifacts\turnlamp\HostPC32_GCC\VEOS_PortApi.o
 .bss           0x0000f0f8        0x4 .\BinaryArtifacts\turnlamp\HostPC32_GCC\VEOS_OsTskApi.o
                0x0000f0f8                gp_VEOS_OsTskApi_Instance
 .bss           0x0000f0fc        0x0 .\BinaryArtifacts\turnlamp\HostPC32_GCC\VEOS_Interaction.o
 .bss           0x0000f0fc        0x0 .\BinaryArtifacts\turnlamp\HostPC32_GCC\VEOS.o
 .bss           0x0000f0fc        0x0 .\BinaryArtifacts\turnlamp\HostPC32_GCC\VEOS_Impl.o
 .bss           0x0000f0fc        0x0 .\BinaryArtifacts\turnlamp\HostPC32_GCC\DsMsgApi.o
 .bss           0x0000f0fc        0x4 C:/Users/DSPACE~1/AppData/Local/Temp/VEOS_S~1/BinaryArtifacts/turnlamp/HostPC32_GCC/VEOS_turnlamp.lib(turnlamp_dsrtmdlfcn.obj)
                0x0000f0fc                DSRTStopSimulation
 .bss           0x0000f100        0x0 C:/Users/DSPACE~1/AppData/Local/Temp/VEOS_S~1/BinaryArtifacts/turnlamp/HostPC32_GCC/VEOS_turnlamp.lib(turnlamp_dsrttf.obj)
 .bss           0x0000f100      0x3c0 C:/Users/DSPACE~1/AppData/Local/Temp/VEOS_S~1/BinaryArtifacts/turnlamp/HostPC32_GCC/VEOS_turnlamp.lib(turnlamp.obj)
                0x0000f100                turnlamp_PrevZCX
                0x0000f120                turnlamp_DW
                0x0000f158                turnlamp_X
                0x0000f180                turnlamp_B
 .bss           0x0000f4c0       0x28 C:/Users/DSPACE~1/AppData/Local/Temp/VEOS_S~1/BinaryArtifacts/turnlamp/HostPC32_GCC/VEOS_turnlamp.lib(rt_nonfinite.obj)
                0x0000f4c0                rtNaNF
                0x0000f4c4                rtMinusInfF
                0x0000f4c8                rtInfF
                0x0000f4d0                rtNaN
                0x0000f4d8                rtMinusInf
                0x0000f4e0                rtInf
 .bss           0x0000f4e8        0x0 C:/Users/DSPACE~1/AppData/Local/Temp/VEOS_S~1/BinaryArtifacts/turnlamp/HostPC32_GCC/VEOS_turnlamp.lib(turnlamp_data.obj)
 .bss           0x0000f4e8       0x60 C:/Users/DSPACE~1/AppData/Local/Temp/VEOS_S~1/BinaryArtifacts/turnlamp/HostPC32_GCC/VEOS_turnlamp.lib(turnlamp_dsrtvdf.obj)
                0x0000f4e8                p_0_turnlamp_real_T_0
                0x0000f4ec                p_0_turnlamp_int32_T_1
                0x0000f4f0                p_0_turnlamp_uint8_T_2
                0x0000f4f4                p_0_turnlamp_boolean_T_3
                0x0000f4f8                p_0_turnlamp_real_T_4
                0x0000f4fc                p_0_turnlamp_real_T_5
                0x0000f500                p_0_turnlamp_real_T_6
                0x0000f504                p_0_turnlamp_real_T_7
                0x0000f508                p_1_turnlamp_boolean_T_0
                0x0000f50c                p_1_turnlamp_uint8_T_1
                0x0000f510                p_1_turnlamp_real_T_2
                0x0000f514                p_1_turnlamp_int32_T_3
                0x0000f518                p_1_turnlamp_boolean_T_4
                0x0000f51c                p_1_turnlamp_real_T_5
                0x0000f520                p_1_turnlamp_real_T_6
                0x0000f524                p_1_turnlamp_real_T_7
                0x0000f528                p_1_turnlamp_real_T_8
                0x0000f52c                p_2_turnlamp_real_T_0
                0x0000f530                p_2_turnlamp_uint32_T_1
                0x0000f534                p_2_turnlamp_uint8_T_2
                0x0000f538                p_2_turnlamp_boolean_T_3
                0x0000f53c                p_2_turnlamp_boolean_T_4
                0x0000f540                p_2_turnlamp_boolean_T_5
                0x0000f544                p_3_turnlamp_real_T_0
 .bss           0x0000f548        0x0 C:/Users/DSPACE~1/AppData/Local/Temp/VEOS_S~1/BinaryArtifacts/turnlamp/HostPC32_GCC/VEOS_turnlamp.lib(rtGetInf.obj)
 .bss           0x0000f548        0x0 C:/Users/DSPACE~1/AppData/Local/Temp/VEOS_S~1/BinaryArtifacts/turnlamp/HostPC32_GCC/VEOS_turnlamp.lib(rtGetNaN.obj)
 .bss           0x0000f548        0x0 C:/Users/DSPACE~1/AppData/Local/Temp/VEOS_S~1/GeneratedCode/LibraryFiles/ModelInit/ModelInit_HostPC32_GCC_Debug.lib(ModelInit.obj)
 .bss           0x0000f548      0x1dc C:/Users/DSPACE~1/AppData/Local/Temp/VEOS_S~1/GeneratedCode/LibraryFiles/ModelInit/ModelInit_HostPC32_GCC_Debug.lib(VEOS_FrmRef.obj)
                0x0000f548                gp_VEOS_OsTskApi_GetCurrentThreadId
                0x0000f54c                gp_VEOS_OsTskApi_SwitchToThread
                0x0000f550                gp_VEOS_OsTskApi_DeleteThread
                0x0000f554                gp_VEOS_OsTskApi_CreateThread
                0x0000f558                gp_VEOS_PortApi_WriteVarSizePortBinary
                0x0000f55c                gp_VEOS_PortApi_WriteVarSizePortFloat64
                0x0000f560                gp_VEOS_PortApi_WriteVarSizePortFloat32
                0x0000f564                gp_VEOS_PortApi_WriteVarSizePortBoolean
                0x0000f568                gp_VEOS_PortApi_WriteVarSizePortSInt64
                0x0000f56c                gp_VEOS_PortApi_WriteVarSizePortUInt64
                0x0000f570                gp_VEOS_PortApi_WriteVarSizePortSInt32
                0x0000f574                gp_VEOS_PortApi_WriteVarSizePortUInt32
                0x0000f578                gp_VEOS_PortApi_WriteVarSizePortSInt16
                0x0000f57c                gp_VEOS_PortApi_WriteVarSizePortUInt16
                0x0000f580                gp_VEOS_PortApi_WriteVarSizePortSInt8
                0x0000f584                gp_VEOS_PortApi_WriteVarSizePortUInt8
                0x0000f588                gp_VEOS_PortApi_WriteVectorPortFloat64
                0x0000f58c                gp_VEOS_PortApi_WriteVectorPortFloat32
                0x0000f590                gp_VEOS_PortApi_WriteVectorPortBoolean
                0x0000f594                gp_VEOS_PortApi_WriteVectorPortSInt64
                0x0000f598                gp_VEOS_PortApi_WriteVectorPortUInt64
                0x0000f59c                gp_VEOS_PortApi_WriteVectorPortSInt32
                0x0000f5a0                gp_VEOS_PortApi_WriteVectorPortUInt32
                0x0000f5a4                gp_VEOS_PortApi_WriteVectorPortSInt16
                0x0000f5a8                gp_VEOS_PortApi_WriteVectorPortUInt16
                0x0000f5ac                gp_VEOS_PortApi_WriteVectorPortSInt8
                0x0000f5b0                gp_VEOS_PortApi_WriteVectorPortUInt8
                0x0000f5b4                gp_VEOS_PortApi_WriteScalarPortFloat64
                0x0000f5b8                gp_VEOS_PortApi_WriteScalarPortFloat32
                0x0000f5bc                gp_VEOS_PortApi_WriteScalarPortBoolean
                0x0000f5c0                gp_VEOS_PortApi_WriteScalarPortSInt64
                0x0000f5c4                gp_VEOS_PortApi_WriteScalarPortUInt64
                0x0000f5c8                gp_VEOS_PortApi_WriteScalarPortSInt32
                0x0000f5cc                gp_VEOS_PortApi_WriteScalarPortUInt32
                0x0000f5d0                gp_VEOS_PortApi_WriteScalarPortSInt16
                0x0000f5d4                gp_VEOS_PortApi_WriteScalarPortUInt16
                0x0000f5d8                gp_VEOS_PortApi_WriteScalarPortSInt8
                0x0000f5dc                gp_VEOS_PortApi_WriteScalarPortUInt8
                0x0000f5e0                gp_VEOS_PortApi_GetInPortBuffer
                0x0000f5e4                gp_VEOS_PortApi_ReadVarSizePortBinary
                0x0000f5e8                gp_VEOS_PortApi_ReadVarSizePortFloat64
                0x0000f5ec                gp_VEOS_PortApi_ReadVarSizePortFloat32
                0x0000f5f0                gp_VEOS_PortApi_ReadVarSizePortBoolean
                0x0000f5f4                gp_VEOS_PortApi_ReadVarSizePortSInt64
                0x0000f5f8                gp_VEOS_PortApi_ReadVarSizePortUInt64
                0x0000f5fc                gp_VEOS_PortApi_ReadVarSizePortSInt32
                0x0000f600                gp_VEOS_PortApi_ReadVarSizePortUInt32
                0x0000f604                gp_VEOS_PortApi_ReadVarSizePortSInt16
                0x0000f608                gp_VEOS_PortApi_ReadVarSizePortUInt16
                0x0000f60c                gp_VEOS_PortApi_ReadVarSizePortSInt8
                0x0000f610                gp_VEOS_PortApi_ReadVarSizePortUInt8
                0x0000f614                gp_VEOS_PortApi_ReadVectorPortFloat64
                0x0000f618                gp_VEOS_PortApi_ReadVectorPortFloat32
                0x0000f61c                gp_VEOS_PortApi_ReadVectorPortBoolean
                0x0000f620                gp_VEOS_PortApi_ReadVectorPortSInt64
                0x0000f624                gp_VEOS_PortApi_ReadVectorPortUInt64
                0x0000f628                gp_VEOS_PortApi_ReadVectorPortSInt32
                0x0000f62c                gp_VEOS_PortApi_ReadVectorPortUInt32
                0x0000f630                gp_VEOS_PortApi_ReadVectorPortSInt16
                0x0000f634                gp_VEOS_PortApi_ReadVectorPortUInt16
                0x0000f638                gp_VEOS_PortApi_ReadVectorPortSInt8
                0x0000f63c                gp_VEOS_PortApi_ReadVectorPortUInt8
                0x0000f640                gp_VEOS_PortApi_ReadScalarPortFloat64
                0x0000f644                gp_VEOS_PortApi_ReadScalarPortFloat32
                0x0000f648                gp_VEOS_PortApi_ReadScalarPortBoolean
                0x0000f64c                gp_VEOS_PortApi_ReadScalarPortSInt64
                0x0000f650                gp_VEOS_PortApi_ReadScalarPortUInt64
                0x0000f654                gp_VEOS_PortApi_ReadScalarPortSInt32
                0x0000f658                gp_VEOS_PortApi_ReadScalarPortUInt32
                0x0000f65c                gp_VEOS_PortApi_ReadScalarPortSInt16
                0x0000f660                gp_VEOS_PortApi_ReadScalarPortUInt16
                0x0000f664                gp_VEOS_PortApi_ReadScalarPortSInt8
                0x0000f668                gp_VEOS_PortApi_ReadScalarPortUInt8
                0x0000f66c                gp_VEOS_MsgApi_LogMessageVarArgs
                0x0000f670                gp_VEOS_MsgApi_ShowMessageVarArgs
                0x0000f674                gp_VEOS_MsgApi_ShowMessage
                0x0000f678                gp_VEOS_NotiApi_CancelNotification
                0x0000f67c                gp_VEOS_NotiApi_StartNotification
                0x0000f680                gp_VEOS_NotiApi_CreateNotification
                0x0000f684                gp_VEOS_SimApi_TerminateSimulationFatal
                0x0000f688                gp_VEOS_SimApi_TerminateSimulation
                0x0000f68c                gp_VEOS_PauseSimulation