<*GCC-Win32-Linker-generated-mapfile*>
Archive member included to satisfy reference by file (symbol)

C:/Users/DSPACE~1/AppData/Local/Temp/VEOS_S~1/BinaryArtifacts/followerAppl/HostPC32_GCC/VEOS_followerAppl.lib(followerAppl_dsrtmdlfcn.obj)
                              .\BinaryArtifacts\followerAppl\HostPC32_GCC\SicAppFrm.o (followerAppl_DSRTInitMdl)
C:/Users/DSPACE~1/AppData/Local/Temp/VEOS_S~1/BinaryArtifacts/followerAppl/HostPC32_GCC/VEOS_followerAppl.lib(followerAppl_dsrttf.obj)
                              .\BinaryArtifacts\followerAppl\HostPC32_GCC\SicAppFrm_Task_generated.o (followerAppl_DSRTMdlOutputs0)
C:/Users/DSPACE~1/AppData/Local/Temp/VEOS_S~1/BinaryArtifacts/followerAppl/HostPC32_GCC/VEOS_followerAppl.lib(followerAppl.obj)
                              C:/Users/DSPACE~1/AppData/Local/Temp/VEOS_S~1/BinaryArtifacts/followerAppl/HostPC32_GCC/VEOS_followerAppl.lib(followerAppl_dsrttf.obj) (followerAppl_output)
C:/Users/DSPACE~1/AppData/Local/Temp/VEOS_S~1/BinaryArtifacts/followerAppl/HostPC32_GCC/VEOS_followerAppl.lib(followerAppl_data.obj)
                              C:/Users/DSPACE~1/AppData/Local/Temp/VEOS_S~1/BinaryArtifacts/followerAppl/HostPC32_GCC/VEOS_followerAppl.lib(followerAppl.obj) (followerAppl_P)
C:/Users/DSPACE~1/AppData/Local/Temp/VEOS_S~1/BinaryArtifacts/followerAppl/HostPC32_GCC/VEOS_followerAppl.lib(followerAppl_dsrtvdf.obj)
                              C:/Users/DSPACE~1/AppData/Local/Temp/VEOS_S~1/BinaryArtifacts/followerAppl/HostPC32_GCC/VEOS_followerAppl.lib(followerAppl.obj) (followerAppl_rti_init_trc_pointers)
C:/Users/DSPACE~1/AppData/Local/Temp/VEOS_S~1/BinaryArtifacts/followerAppl/HostPC32_GCC/VEOS_followerAppl.lib(rt_nonfinite.obj)
                              C:/Users/DSPACE~1/AppData/Local/Temp/VEOS_S~1/BinaryArtifacts/followerAppl/HostPC32_GCC/VEOS_followerAppl.lib(followerAppl.obj) (rt_InitInfAndNaN)
C:/Users/DSPACE~1/AppData/Local/Temp/VEOS_S~1/BinaryArtifacts/followerAppl/HostPC32_GCC/VEOS_followerAppl.lib(rtGetInf.obj)
                              C:/Users/DSPACE~1/AppData/Local/Temp/VEOS_S~1/BinaryArtifacts/followerAppl/HostPC32_GCC/VEOS_followerAppl.lib(rt_nonfinite.obj) (rtGetInf)
C:/Users/DSPACE~1/AppData/Local/Temp/VEOS_S~1/BinaryArtifacts/followerAppl/HostPC32_GCC/VEOS_followerAppl.lib(rtGetNaN.obj)
                              C:/Users/DSPACE~1/AppData/Local/Temp/VEOS_S~1/BinaryArtifacts/followerAppl/HostPC32_GCC/VEOS_followerAppl.lib(rt_nonfinite.obj) (rtGetNaN)
C:/Users/DSPACE~1/AppData/Local/Temp/VEOS_S~1/GeneratedCode/LibraryFiles/ModelInit/ModelInit_HostPC32_GCC_Debug.lib(ModelInit.obj)
                              .\BinaryArtifacts\followerAppl\HostPC32_GCC\VEOS_Impl.o (VEOS_MdlInitApiImpl_CheckModel)
C:/Users/DSPACE~1/AppData/Local/Temp/VEOS_S~1/GeneratedCode/LibraryFiles/ModelInit/ModelInit_HostPC32_GCC_Debug.lib(VEOS_FrmRef.obj)
                              .\BinaryArtifacts\followerAppl\HostPC32_GCC\SicAppFrm_FunMod_generated.o (gp_VEOS_PortApi_ReadScalarPortFloat64)
C:/Users/DSPACE~1/AppData/Local/Temp/VEOS_S~1/GeneratedCode/LibraryFiles/ModelInit/NoEcuIoCore_HostPC32_GCC_Debug.lib(NoEcuInit.obj)
                              C:/Users/DSPACE~1/AppData/Local/Temp/VEOS_S~1/GeneratedCode/LibraryFiles/ModelInit/ModelInit_HostPC32_GCC_Debug.lib(ModelInit.obj) (VEOS_ModelInit_EcuCoreInit)
C:/Users/DSPACE~1/AppData/Local/Temp/VEOS_S~1/GeneratedCode/LibraryFiles/ModelInit/NoCanIoCore_HostPC32_GCC_Debug.lib(NoCanInit.obj)
                              C:/Users/DSPACE~1/AppData/Local/Temp/VEOS_S~1/GeneratedCode/LibraryFiles/ModelInit/ModelInit_HostPC32_GCC_Debug.lib(ModelInit.obj) (VEOS_ModelInit_CanCoreInit)
C:/Users/DSPACE~1/AppData/Local/Temp/VEOS_S~1/GeneratedCode/LibraryFiles/ModelInit/NoLinIoCore_HostPC32_GCC_Debug.lib(NoLinInit.obj)
                              C:/Users/DSPACE~1/AppData/Local/Temp/VEOS_S~1/GeneratedCode/LibraryFiles/ModelInit/ModelInit_HostPC32_GCC_Debug.lib(ModelInit.obj) (VEOS_ModelInit_LinCoreInit)
C:/Users/DSPACE~1/AppData/Local/Temp/VEOS_S~1/GeneratedCode/LibraryFiles/ModelInit/NoEthIoCore_HostPC32_GCC_Debug.lib(NoEthInit.obj)
                              C:/Users/DSPACE~1/AppData/Local/Temp/VEOS_S~1/GeneratedCode/LibraryFiles/ModelInit/ModelInit_HostPC32_GCC_Debug.lib(ModelInit.obj) (VEOS_ModelInit_EthCoreInit)
C:/Program Files/Common Files/dSPACE/GCC/13.2/i686/bin/../lib/gcc/i686-w64-mingw32/13.2.0/../../../../i686-w64-mingw32/lib/../lib/libmingw32.a(lib32_libmingw32_a-gccmain.o)
                              C:/Program Files/Common Files/dSPACE/GCC/13.2/i686/bin/../lib/gcc/i686-w64-mingw32/13.2.0/../../../../i686-w64-mingw32/lib/../lib/dllcrt2.o (__main)
C:/Program Files/Common Files/dSPACE/GCC/13.2/i686/bin/../lib/gcc/i686-w64-mingw32/13.2.0/../../../../i686-w64-mingw32/lib/../lib/libmingw32.a(lib32_libmingw32_a-natstart.o)
[...]
Memory Configuration

Name             Origin             Length             Attributes
*default*        0x00000000         0xffffffff

Linker script and memory map

                0x00000000                __image_base__ = 0x0
                0x00000000                __dll__ = 0x0
                0x00000000                ___ImageBase = 0x0
                0x00001000                __section_alignment__ = 0x1000
                0x00000200                __file_alignment__ = 0x200
                0x00000004                __major_os_version__ = 0x4
                0x00000000                __minor_os_version__ = 0x0
                0x00000001                __major_image_version__ = 0x1
                0x00000000                __minor_image_version__ = 0x0
                0x00000004                __major_subsystem_version__ = 0x4
                0x00000000                __minor_subsystem_version__ = 0x0
                0x00000003                __subsystem__ = 0x3
                0x00200000                __size_of_stack_reserve__ = 0x200000
                0x00001000                __size_of_stack_commit__ = 0x1000
                0x00100000                __size_of_heap_reserve__ = 0x100000
                0x00001000                __size_of_heap_commit__ = 0x1000
                0x00000000                __loader_flags__ = 0x0
                0x00000140                __dll_characteristics__ = 0x140
LOAD C:/Program Files/Common Files/dSPACE/GCC/13.2/i686/bin/../lib/gcc/i686-w64-mingw32/13.2.0/../../../../i686-w64-mingw32/lib/../lib/dllcrt2.o
LOAD C:/Program Files/Common Files/dSPACE/GCC/13.2/i686/bin/../lib/gcc/i686-w64-mingw32/13.2.0/crtbegin.o
LOAD C:/Program Files/Common Files/dSPACE/GCC/13.2/i686/bin/../lib/gcc/i686-w64-mingw32/13.2.0/../../../../i686-w64-mingw32/lib/../lib/libws2_32.a
LOAD C:/Program Files/Common Files/dSPACE/GCC/13.2/i686/bin/../lib/gcc/i686-w64-mingw32/13.2.0/../../../../i686-w64-mingw32/lib/../lib/libpsapi.a
START GROUP
LOAD .\BinaryArtifacts\followerAppl\HostPC32_GCC\SmartServices_Cfg_generated.o
LOAD .\BinaryArtifacts\followerAppl\HostPC32_GCC\SmartServices.o
LOAD .\BinaryArtifacts\followerAppl\HostPC32_GCC\SicAppFrm_FunMod_generated.o
LOAD .\BinaryArtifacts\followerAppl\HostPC32_GCC\SicAppFrm_Task_generated.o
LOAD .\BinaryArtifacts\followerAppl\HostPC32_GCC\SicAppFrm_AccPt_generated.o
LOAD .\BinaryArtifacts\followerAppl\HostPC32_GCC\SicAppFrm.o
LOAD .\BinaryArtifacts\followerAppl\HostPC32_GCC\SicAppFrm_Queue.o
LOAD .\BinaryArtifacts\followerAppl\HostPC32_GCC\VEOS_Api.o
LOAD .\BinaryArtifacts\followerAppl\HostPC32_GCC\VEOS_BusApi.o
LOAD .\BinaryArtifacts\followerAppl\HostPC32_GCC\VEOS_ExpApi.o
LOAD .\BinaryArtifacts\followerAppl\HostPC32_GCC\VEOS_SimApi.o
LOAD .\BinaryArtifacts\followerAppl\HostPC32_GCC\VEOS_NotiApi.o
LOAD .\BinaryArtifacts\followerAppl\HostPC32_GCC\VEOS_MsgApi.o
LOAD .\BinaryArtifacts\followerAppl\HostPC32_GCC\VEOS_PortApi.o
LOAD .\BinaryArtifacts\followerAppl\HostPC32_GCC\VEOS_OsTskApi.o
LOAD .\BinaryArtifacts\followerAppl\HostPC32_GCC\VEOS_Interaction.o
LOAD .\BinaryArtifacts\followerAppl\HostPC32_GCC\VEOS.o
LOAD .\BinaryArtifacts\followerAppl\HostPC32_GCC\VEOS_Impl.o
LOAD .\BinaryArtifacts\followerAppl\HostPC32_GCC\DsMsgApi.o
LOAD C:/Users/DSPACE~1/AppData/Local/Temp/VEOS_S~1/BinaryArtifacts/followerAppl/HostPC32_GCC/VEOS_followerAppl.lib
LOAD C:/Users/DSPACE~1/AppData/Local/Temp/VEOS_S~1/GeneratedCode/LibraryFiles/ModelInit/ModelInit_HostPC32_GCC_Debug.lib
LOAD C:/Users/DSPACE~1/AppData/Local/Temp/VEOS_S~1/GeneratedCode/LibraryFiles/ModelInit/NoEcuIoCore_HostPC32_GCC_Debug.lib
LOAD C:/Users/DSPACE~1/AppData/Local/Temp/VEOS_S~1/GeneratedCode/LibraryFiles/ModelInit/NoCanIoCore_HostPC32_GCC_Debug.lib
LOAD C:/Users/DSPACE~1/AppData/Local/Temp/VEOS_S~1/GeneratedCode/LibraryFiles/ModelInit/NoLinIoCore_HostPC32_GCC_Debug.lib
LOAD C:/Users/DSPACE~1/AppData/Local/Temp/VEOS_S~1/GeneratedCode/LibraryFiles/ModelInit/NoEthIoCore_HostPC32_GCC_Debug.lib
LOAD C:/Users/DSPACE~1/AppData/Local/Temp/VEOS_S~1/GeneratedCode/LibraryFiles/DsFxp/DSFxp_GCC.lib
LOAD C:/Users/DSPACE~1/AppData/Local/Temp/VEOS_S~1/BinaryArtifacts/followerAppl/HostPC32_GCC/VEOS_followerAppl.lib
LOAD C:/Users/DSPACE~1/AppData/Local/Temp/VEOS_S~1/GeneratedCode/LibraryFiles/ModelInit/ModelInit_HostPC32_GCC_Debug.lib
LOAD C:/Users/DSPACE~1/AppData/Local/Temp/VEOS_S~1/GeneratedCode/LibraryFiles/ModelInit/NoEcuIoCore_HostPC32_GCC_Debug.lib
LOAD C:/Users/DSPACE~1/AppData/Local/Temp/VEOS_S~1/GeneratedCode/LibraryFiles/ModelInit/NoCanIoCore_HostPC32_GCC_Debug.lib
LOAD C:/Users/DSPACE~1/AppData/Local/Temp/VEOS_S~1/GeneratedCode/LibraryFiles/ModelInit/NoLinIoCore_HostPC32_GCC_Debug.lib
LOAD C:/Users/DSPACE~1/AppData/Local/Temp/VEOS_S~1/GeneratedCode/LibraryFiles/ModelInit/NoEthIoCore_HostPC32_GCC_Debug.lib
LOAD C:/Users/DSPACE~1/AppData/Local/Temp/VEOS_S~1/GeneratedCode/LibraryFiles/DsFxp/DSFxp_GCC.lib
LOAD C:/Program Files/Common Files/dSPACE/GCC/13.2/i686/bin/../lib/gcc/i686-w64-mingw32/13.2.0/../../../../i686-w64-mingw32/lib/../lib/libws2_32.a
LOAD C:/Program Files/Common Files/dSPACE/GCC/13.2/i686/bin/../lib/gcc/i686-w64-mingw32/13.2.0/../../../../i686-w64-mingw32/lib/../lib/libpsapi.a
LOAD C:/Program Files/Common Files/dSPACE/GCC/13.2/i686/bin/../lib/gcc/i686-w64-mingw32/13.2.0/../../../../i686-w64-mingw32/lib/../lib/libshlwapi.a
END GROUP
LOAD C:/Program Files/Common Files/dSPACE/GCC/13.2/i686/bin/../lib/gcc/i686-w64-mingw32/13.2.0\libstdc++.a
LOAD C:/Program Files/Common Files/dSPACE/GCC/13.2/i686/bin/../lib/gcc/i686-w64-mingw32/13.2.0/../../../../i686-w64-mingw32/lib/../lib/libmingw32.a
LOAD C:/Program Files/Common Files/dSPACE/GCC/13.2/i686/bin/../lib/gcc/i686-w64-mingw32/13.2.0/libgcc.a
LOAD C:/Program Files/Common Files/dSPACE/GCC/13.2/i686/bin/../lib/gcc/i686-w64-mingw32/13.2.0/libgcc_eh.a
LOAD C:/Program Files/Common Files/dSPACE/GCC/13.2/i686/bin/../lib/gcc/i686-w64-mingw32/13.2.0/../../../../i686-w64-mingw32/lib/../lib/libmoldname.a
LOAD C:/Program Files/Common Files/dSPACE/GCC/13.2/i686/bin/../lib/gcc/i686-w64-mingw32/13.2.0/../../../../i686-w64-mingw32/lib/../lib/libmingwex.a
LOAD C:/Program Files/Common Files/dSPACE/GCC/13.2/i686/bin/../lib/gcc/i686-w64-mingw32/13.2.0/../../../../i686-w64-mingw32/lib/../lib/libmsvcrt.a
LOAD C:/Program Files/Common Files/dSPACE/GCC/13.2/i686/bin/../lib/gcc/i686-w64-mingw32/13.2.0/../../../../i686-w64-mingw32/lib/../lib/libkernel32.a
LOAD C:/Program Files/Common Files/dSPACE/GCC/13.2/i686/bin/../lib/gcc/i686-w64-mingw32/13.2.0/../../../../i686-w64-mingw32/lib/../lib/libadvapi32.a
LOAD C:/Program Files/Common Files/dSPACE/GCC/13.2/i686/bin/../lib/gcc/i686-w64-mingw32/13.2.0/../../../../i686-w64-mingw32/lib/../lib/libshell32.a
LOAD C:/Program Files/Common Files/dSPACE/GCC/13.2/i686/bin/../lib/gcc/i686-w64-mingw32/13.2.0/../../../../i686-w64-mingw32/lib/../lib/libuser32.a
LOAD C:/Program Files/Common Files/dSPACE/GCC/13.2/i686/bin/../lib/gcc/i686-w64-mingw32/13.2.0/../../../../i686-w64-mingw32/lib/../lib/libkernel32.a
LOAD C:/Program Files/Common Files/dSPACE/GCC/13.2/i686/bin/../lib/gcc/i686-w64-mingw32/13.2.0/../../../../i686-w64-mingw32/lib/../lib/libiconv.a
LOAD C:/Program Files/Common Files/dSPACE/GCC/13.2/i686/bin/../lib/gcc/i686-w64-mingw32/13.2.0/../../../../i686-w64-mingw32/lib/../lib/libmingw32.a
LOAD C:/Program Files/Common Files/dSPACE/GCC/13.2/i686/bin/../lib/gcc/i686-w64-mingw32/13.2.0/libgcc.a
LOAD C:/Program Files/Common Files/dSPACE/GCC/13.2/i686/bin/../lib/gcc/i686-w64-mingw32/13.2.0/libgcc_eh.a
LOAD C:/Program Files/Common Files/dSPACE/GCC/13.2/i686/bin/../lib/gcc/i686-w64-mingw32/13.2.0/../../../../i686-w64-mingw32/lib/../lib/libmoldname.a
LOAD C:/Program Files/Common Files/dSPACE/GCC/13.2/i686/bin/../lib/gcc/i686-w64-mingw32/13.2.0/../../../../i686-w64-mingw32/lib/../lib/libmingwex.a
LOAD C:/Program Files/Common Files/dSPACE/GCC/13.2/i686/bin/../lib/gcc/i686-w64-mingw32/13.2.0/../../../../i686-w64-mingw32/lib/../lib/libmsvcrt.a
LOAD C:/Program Files/Common Files/dSPACE/GCC/13.2/i686/bin/../lib/gcc/i686-w64-mingw32/13.2.0/../../../../i686-w64-mingw32/lib/../lib/libkernel32.a
LOAD C:/Program Files/Common Files/dSPACE/GCC/13.2/i686/bin/../lib/gcc/i686-w64-mingw32/13.2.0/crtend.o
                0x00000498                . = SIZEOF_HEADERS
                0x00001000                . = ALIGN (__section_alignment__)

.text           0x00001000     0x5800
 *(SORT_NONE(.init))
 *(.text)
 .text          0x00001000      0x3e0 C:/Program Files/Common Files/dSPACE/GCC/13.2/i686/bin/../lib/gcc/i686-w64-mingw32/13.2.0/../../../../i686-w64-mingw32/lib/../lib/dllcrt2.o
                0x00001020                _CRT_INIT@12
                0x00001390                DllMainCRTStartup@12
                0x000013c0                atexit
 .text          0x000013e0       0xd0 C:/Program Files/Common Files/dSPACE/GCC/13.2/i686/bin/../lib/gcc/i686-w64-mingw32/13.2.0/crtbegin.o
                0x000013e0                __gcc_register_frame
                0x00001480                __gcc_deregister_frame
 .text          0x000014b0        0x0 .\BinaryArtifacts\followerAppl\HostPC32_GCC\SmartServices_Cfg_generated.o
 .text          0x000014b0       0x54 .\BinaryArtifacts\followerAppl\HostPC32_GCC\SmartServices.o
                0x000014b0                SmartServices_Initialize
 .text          0x00001504       0x30 .\BinaryArtifacts\followerAppl\HostPC32_GCC\SicAppFrm_FunMod_generated.o
                0x00001504                ap_Entry_followerAppl_0
                0x00001505                ap_Exit_followerAppl_0
                0x00001506                ap_read_followerAppl_Inport1_P1
                0x0000151c                ap_read_followerAppl_Inport2_P1
 .text          0x00001534      0x10c .\BinaryArtifacts\followerAppl\HostPC32_GCC\SicAppFrm_Task_generated.o
                0x00001534                SicAppFrm_ExecTask_Virtual_Task_0
                0x0000160c                SicAppFrm_ExecuteTask
                0x0000162a                SicAppFrm_ResetTasks
 .text          0x00001640       0xfc .\BinaryArtifacts\followerAppl\HostPC32_GCC\SicAppFrm_AccPt_generated.o
                0x00001640                followerAppl_APTerminateSimulation
                0x0000169a                followerAppl_APLastApplStateStopped
                0x000016b4                followerAppl_APPrintMessage
                0x000016d7                followerAppl_APStopSimulation
                0x00001706                SicAppFrm_DAQServiceCall0
 .text          0x0000173c      0x598 .\BinaryArtifacts\followerAppl\HostPC32_GCC\SicAppFrm.o
                0x000018fb                SicAppFrm_WasLastApplStateStopped
                0x00001903                SicAppFrm_CheckEvents
                0x00001904                SicAppFrm_TaskExitInAllModelTasks
                0x00001911                SicAppFrm_TriggerEvent
                0x00001912                SicAppFrm_EnforceState
                0x00001998                SicAppFrm_Download
                0x000019f0                SicAppFrm_Start
                0x00001a4c                SicAppFrm_Stop
                0x00001abd                SicAppFrm_CheckRunAllowed
                0x00001bac                SicAppFrm_Trigger
 .text          0x00001cd4      0x390 .\BinaryArtifacts\followerAppl\HostPC32_GCC\SicAppFrm_Queue.o
                0x00001cd4                SicAppFrm_CheckQueueItem
                0x00001cfa                SicAppFrm_QueueCheckNullPtr
                0x00001d11                SicAppFrm_ReserveQueueBuffer
                0x00001d67                SicAppFrm_FillQueueBuffer
                0x00001dba                SicAppFrm_Clear
                0x00001e19                SicAppFrm_IsQueueEmpty
                0x00001e64                SicAppFrm_Dequeue
                0x00001f3b                SicAppFrm_SortQueue
                0x00001fab                SicAppFrm_Enqueue
 .text          0x00002064       0x60 .\BinaryArtifacts\followerAppl\HostPC32_GCC\VEOS_Api.o
                0x00002064                VEOS_API_Start
                0x000020af                VEOS_API_Stop
                0x000020b5                VEOS_API_Download
 .text          0x000020c4        0x8 .\BinaryArtifacts\followerAppl\HostPC32_GCC\VEOS_BusApi.o
                0x000020c4                VEOS_BusApi_Start
 .text          0x000020cc      0x1a8 .\BinaryArtifacts\followerAppl\HostPC32_GCC\VEOS_ExpApi.o
                0x00002108                VEOS_ExpApi_Download
                0x00002128                VEOS_ExpApi_Start
                0x0000212e                VEOS_ExpApi_GetRasterService
                0x00002183                VEOS_ExpApi_CallDaqService
                0x000021e8                VEOS_ExpApi_CallBypassingService
                0x000021ee                VEOS_ExpApi_CallStimServicePostStep
                0x00002201                VEOS_ExpApi_CallStimServicePreStep
                0x00002214                VEOS_ExpApi_StimSvcSyncMode
                0x0000222e                VEOS_ExpApi_StimSvcAsyncMode
                0x00002248                VEOS_ExpApi_DsModelAccessRead
                0x0000225d                VEOS_ExpApi_DsModelAccessWrite
 .text          0x00002274      0x4a0 .\BinaryArtifacts\followerAppl\HostPC32_GCC\VEOS_SimApi.o
                0x00002274                VEOS_SimApi_Start
                0x000022c3                VEOS_PauseSimulation
                0x00002320                VEOS_SimApi_TerminateSimulation
                0x00002384                VEOS_SimApi_TerminateSimulationFatal
                0x000023bc                VEOS_SimApi_DownloadEvent
                0x00002428                VEOS_SimApi_StartEvent
                0x00002479                VEOS_SimApi_TriggerEvent
                0x000024ca                VEOS_SimApi_StopEvent
                0x0000251b                VEOS_SimApi_ResetEvent
                0x00002572                VEOS_SimApi_UnloadEvent
                0x000025c3                VEOS_StopSimulation
                0x000025d7                VEOS_GetCurrentOsaPath
                0x00002618                VEOS_GetCurrentOsaPathW
                0x0000265a                VEOS_SimApi_ReportError
                0x000026a8                VEOS_SimApi_SignalApiError
                0x000026d1                VEOS_SimApi_CallIoHandler
                0x000026e4                VEOS_SimApi_SetCurrentEventStatus
                0x000026fc                VEOS_SimApi_ResetCurrentEventStatus
                0x0000270b                VEOS_SimApi_GetCurrentEventStatus
 .text          0x00002714        0x8 .\BinaryArtifacts\followerAppl\HostPC32_GCC\VEOS_NotiApi.o
                0x00002714                VEOS_NotiApi_Start
 .text          0x0000271c      0x13c .\BinaryArtifacts\followerAppl\HostPC32_GCC\VEOS_MsgApi.o
                0x0000271c                VEOS_MsgApi_Start
                0x00002740                VEOS_MsgApi_ShowMessage
                0x000027b3                VEOS_MsgApi_ShowMessageVarArgs
                0x0000282d                VEOS_MsgApi_ShowMessageFormat
 .text          0x00002858       0x18 .\BinaryArtifacts\followerAppl\HostPC32_GCC\VEOS_PortApi.o
                0x00002858                VEOS_PortApi_Start
 .text          0x00002870        0x8 .\BinaryArtifacts\followerAppl\HostPC32_GCC\VEOS_OsTskApi.o
                0x00002870                VEOS_OsTskApi_Start
 .text          0x00002878        0x0 .\BinaryArtifacts\followerAppl\HostPC32_GCC\VEOS_Interaction.o
 .text          0x00002878      0x258 .\BinaryArtifacts\followerAppl\HostPC32_GCC\VEOS.o
                0x00002878                VEOS_ErrorCodeToMessageConverter
 .text          0x00002ad0      0x3e4 .\BinaryArtifacts\followerAppl\HostPC32_GCC\VEOS_Impl.o
                0x00002b2a                VEOS_BusApiImpl_MessageReceivedEvent
                0x00002b3c                VEOS_BusApiImpl_LinHeaderReceivedEvent
                0x00002b4e                VEOS_BusApiImpl_ChannelStatusEvent
                0x00002b60                VEOS_SimApiImpl_CallIoHandler
                0x00002b66                VEOS_SimApiImpl_DownloadEvent
                0x00002be2                VEOS_SimApiImpl_StartEvent
                0x00002c8a                VEOS_SimApiImpl_TriggerEvent
                0x00002cc8                VEOS_SimApiImpl_StopEvent
                0x00002d27                VEOS_SimApiImpl_ResetEvent
                0x00002d55                VEOS_SimApiImpl_UnloadEvent
                0x00002d9e                VEOS_SimApiImpl_InterruptEvent
                0x00002dbe                VEOS_EnableInterruptHandlers
                0x00002dbf                VEOS_DisableInterruptHandlers
                0x00002dc0                VEOS_CheckDataType
 .text          0x00002eb4      0x104 .\BinaryArtifacts\followerAppl\HostPC32_GCC\DsMsgApi.o
                0x00002eb4                msg_printf
                0x00002f29                msg_error_printf
                0x00002f58                msg_info_printf
                0x00002f87                msg_warning_printf
                0x00002fb6                msg_default_dialog_set
 .text          0x00002fb8      0x108 C:/Users/DSPACE~1/AppData/Local/Temp/VEOS_S~1/BinaryArtifacts/followerAppl/HostPC32_GCC/VEOS_followerAppl.lib(followerAppl_dsrtmdlfcn.obj)
                0x00002fb8                followerAppl_DSRTCheckForErrorStatus
                0x00002ffe                followerAppl_DSRTInitMdl
                0x0000301a                followerAppl_DSRTStartMdl
                0x0000303a                followerAppl_DSRTStopMdl
                0x0000304c                followerAppl_DSRTCheckForSimulationStopCondition
 .text          0x000030c0       0x3c C:/Users/DSPACE~1/AppData/Local/Temp/VEOS_S~1/BinaryArtifacts/followerAppl/HostPC32_GCC/VEOS_followerAppl.lib(followerAppl_dsrttf.obj)
                0x000030c0                followerAppl_DSRTMdlOutputs0
                0x000030ef                followerAppl_DSRTMdlUpdate0
 .text          0x000030fc     0x17b8 C:/Users/DSPACE~1/AppData/Local/Temp/VEOS_S~1/BinaryArtifacts/followerAppl/HostPC32_GCC/VEOS_followerAppl.lib(followerAppl.obj)
                0x00003117                followerAppl_PassSignal_Init
                0x00003134                followerAppl_PassSignal
                0x0000318b                followerAppl_PassSignal_f_Init
                0x0000319e                followerAppl_PassSignal_Disable
                0x000031a9                followerAppl_PassSignal_m_Start
                0x000031b4                followerAppl_PassSignal_i
                0x0000322a                rt_urand_Upu32_Yd_f_pw_snf
                0x000032b2                followerAppl_output
                0x00004149                followerAppl_derivatives
                0x000041ec                followerAppl_update
                0x00004315                followerAppl_initialize
                0x000048b2                followerAppl_terminate
 .text          0x000048b4        0x0 C:/Users/DSPACE~1/AppData/Local/Temp/VEOS_S~1/BinaryArtifacts/followerAppl/HostPC32_GCC/VEOS_followerAppl.lib(followerAppl_data.obj)
 .text          0x000048b4       0xdc C:/Users/DSPACE~1/AppData/Local/Temp/VEOS_S~1/BinaryArtifacts/followerAppl/HostPC32_GCC/VEOS_followerAppl.lib(followerAppl_dsrtvdf.obj)
                0x00004982                followerAppl_rti_init_trc_pointers
 .text          0x00004990      0x134 C:/Users/DSPACE~1/AppData/Local/Temp/VEOS_S~1/BinaryArtifacts/followerAppl/HostPC32_GCC/VEOS_followerAppl.lib(rt_nonfinite.obj)
                0x00004990                rt_InitInfAndNaN
                0x000049da                rtIsInf
                0x00004a17                rtIsInfF
                0x00004a52                rtIsNaN
                0x00004a94                rtIsNaNF
 .text          0x00004ac4       0x1c C:/Users/DSPACE~1/AppData/Local/Temp/VEOS_S~1/BinaryArtifacts/followerAppl/HostPC32_GCC/VEOS_followerAppl.lib(rtGetInf.obj)
                0x00004ac4                rtGetInf
                0x00004acb                rtGetInfF
                0x00004ad2                rtGetMinusInf
                0x00004ad9                rtGetMinusInfF
 .text          0x00004ae0       0x10 C:/Users/DSPACE~1/AppData/Local/Temp/VEOS_S~1/BinaryArtifacts/followerAppl/HostPC32_GCC/VEOS_followerAppl.lib(rtGetNaN.obj)
                0x00004ae0                rtGetNaN
                0x00004ae7                rtGetNaNF
 .text          0x00004af0       0x7c C:/Users/DSPACE~1/AppData/Local/Temp/VEOS_S~1/GeneratedCode/LibraryFiles/ModelInit/ModelInit_HostPC32_GCC_Debug.lib(ModelInit.obj)
                0x00004af0                VEOS_MdlInitApiImpl_CheckModel
 .text          0x00004b6c        0x0 C:/Users/DSPACE~1/AppData/Local/Temp/VEOS_S~1/GeneratedCode/LibraryFiles/ModelInit/ModelInit_HostPC32_GCC_Debug.lib(VEOS_FrmRef.obj)
 .text          0x00004b6c      0x2bc C:/Users/DSPACE~1/AppData/Local/Temp/VEOS_S~1/GeneratedCode/LibraryFiles/ModelInit/NoEcuIoCore_HostPC32_GCC_Debug.lib(NoEcuInit.obj)
                0x00004cc6                VEOS_ModelInit_EcuCoreInit
 .text          0x00004e28      0x2bc C:/Users/DSPACE~1/AppData/Local/Temp/VEOS_S~1/GeneratedCode/LibraryFiles/ModelInit/NoCanIoCore_HostPC32_GCC_Debug.lib(NoCanInit.obj)
                0x00004f82                VEOS_ModelInit_CanCoreInit
 .text          0x000050e4      0x2bc C:/Users/DSPACE~1/AppData/Local/Temp/VEOS_S~1/GeneratedCode/LibraryFiles/ModelInit/NoLinIoCore_HostPC32_GCC_Debug.lib(NoLinInit.obj)
                0x0000523e                VEOS_ModelInit_LinCoreInit
 .text          0x000053a0      0x2bc C:/Users/DSPACE~1/AppData/Local/Temp/VEOS_S~1/GeneratedCode/LibraryFiles/ModelInit/NoEthIoCore_HostPC32_GCC_Debug.lib(NoEthInit.obj)
                0x000054fa                VEOS_ModelInit_EthCoreInit
 *fill*         0x0000565c        0x4 
 .text          0x00005660       0xc0 C:/Program Files/Common Files/dSPACE/GCC/13.2/i686/bin/../lib/gcc/i686-w64-mingw32/13.2.0/../../../../i686-w64-mingw32/lib/../lib/libmingw32.a(lib32_libmingw32_a-gccmain.o)
                0x00005660                __do_global_dtors
                0x000056a0                __do_global_ctors
                0x00005700                __main
 .text          0x00005720        0x0 C:/Program Files/Common Files/dSPACE/GCC/13.2/i686/bin/../lib/gcc/i686-w64-mingw32/13.2.0/../../../../i686-w64-mingw32/lib/../lib/libmingw32.a(lib32_libmingw32_a-natstart.o)
 .text          0x00005720      0x100 C:/Program Files/Common Files/dSPACE/GCC/13.2/i686/bin/../lib/gcc/i686-w64-mingw32/13.2.0/../../../../i686-w64-mingw32/lib/../lib/libmingw32.a(lib32_libmingw32_a-tlssup.o)
                0x00005770                __dyn_tls_init@12
                0x00005810                __tlregdtor
 .text          0x00005820        0x0 C:/Program Files/Common Files/dSPACE/GCC/13.2/i686/bin/../lib/gcc/i686-w64-mingw32/13.2.0/../../../../i686-w64-mingw32/lib/../lib/libmingw32.a(lib32_libmingw32_a-cinitexe.o)
 .text          0x00005820        0x0 C:/Program Files/Common Files/dSPACE/GCC/13.2/i686/bin/../lib/gcc/i686-w64-mingw32/13.2.0/../../../../i686-w64-mingw32/lib/../lib/libmingw32.a(lib32_libmingw32_a-mingw_helpers.o)
 .text          0x00005820      0x4c0 C:/Program Files/Common Files/dSPACE/GCC/13.2/i686/bin/../lib/gcc/i686-w64-mingw32/13.2.0/../../../../i686-w64-mingw32/lib/../lib/libmingw32.a(lib32_libmingw32_a-pseudo-reloc.o)
                0x000059e0                _pei386_runtime_relocator
 .text          0x00005ce0      0x280 C:/Program Files/Common Files/dSPACE/GCC/13.2/i686/bin/../lib/gcc/i686-w64-mingw32/13.2.0/../../../../i686-w64-mingw32/lib/../lib/libmingw32.a(lib32_libmingw32_a-tlsthrd.o)
                0x00005d50                ___w64_mingwthr_add_key_dtor
                0x00005dd0                ___w64_mingwthr_remove_key_dtor
                0x00005e60                __mingw_TLScallback
 .text          0x00005f60        0x0 C:/Program Files/Common Files/dSPACE/GCC/13.2/i686/bin/../lib/gcc/i686-w64-mingw32/13.2.0/../../../../i686-w64-mingw32/lib/../lib/libmingw32.a(lib32_libmingw32_a-tlsmcrt.o)
 .text          0x00005f60        0x0 C:/Program Files/Common Files/dSPACE/GCC/13.2/i686/bin/../lib/gcc/i686-w64-mingw32/13.2.0/../../../../i686-w64-mingw32/lib/../lib/libmingw32.a(lib32_libmingw32_a-pseudo-reloc-list.o)
 .text          0x00005f60      0x3e0 C:/Program Files/Common Files/dSPACE/GCC/13.2/i686/bin/../lib/gcc/i686-w64-mingw32/13.2.0/../../../../i686-w64-mingw32/lib/../lib/libmingw32.a(lib32_libmingw32_a-pesect.o)
                0x00005f60                _ValidateImageBase
                0x00005f90                _FindPESection
                0x00005fd0                _FindPESectionByName
                0x00006070                __mingw_GetSectionForAddress
                0x000060f0                __mingw_GetSectionCount
                0x00006130                _FindPESectionExec
                0x000061b0                _GetPEImageBase
                0x000061f0                _IsNonwritableInCurrentImage
                0x00006280                __mingw_enum_import_library_names
 .text          0x00006340       0x10 C:/Program Files/Common Files/dSPACE/GCC/13.2/i686/bin/../lib/gcc/i686-w64-mingw32/13.2.0/../../../../i686-w64-mingw32/lib/../lib/libmingw32.a(lib32_libmingw32_a-CRT_fp10.o)
                0x00006340                fpreset
                0x00006340                _fpreset
 .text          0x00006350       0x2c C:/Program Files/Common Files/dSPACE/GCC/13.2/i686/bin/../lib/gcc/i686-w64-mingw32/13.2.0/libgcc.a(_chkstk_ms.o)
                0x00006350                __chkstk_ms
 .text          0x0000637c        0x0 C:/Program Files/Common Files/dSPACE/GCC/13.2/i686/bin/../lib/gcc/i686-w64-mingw32/13.2.0/libgcc.a(_ctors.o)
 *fill*         0x0000637c        0x4 
 .text          0x00006380       0x10 C:/Program Files/Common Files/dSPACE/GCC/13.2/i686/bin/../lib/gcc/i686-w64-mingw32/13.2.0/../../../../i686-w64-mingw32/lib/../lib/libmingwex.a(lib32_libmingwex_a-dllentry.o)
                0x00006380                DllEntryPoint@12
 .text          0x00006390       0x10 C:/Program Files/Common Files/dSPACE/GCC/13.2/i686/bin/../lib/gcc/i686-w64-mingw32/13.2.0/../../../../i686-w64-mingw32/lib/../lib/libmingwex.a(lib32_libmingwex_a-dllmain.o)
                0x00006390                DllMain@12
 .text          0x000063a0       0x20 C:/Program Files/Common Files/dSPACE/GCC/13.2/i686/bin/../lib/gcc/i686-w64-mingw32/13.2.0/../../../../i686-w64-mingw32/lib/../lib/libmingwex.a(lib32_libmingwex_a-fmod.o)
                0x000063a0                fmod
 .text          0x000063c0       0x40 C:/Program Files/Common Files/dSPACE/GCC/13.2/i686/bin/../lib/gcc/i686-w64-mingw32/13.2.0/../../../../i686-w64-mingw32/lib/../lib/libmsvcrt.a(lib32_libucrt_extra_a-ucrt_vfprintf.o)
                0x000063c0                vfprintf
 .text          0x00006400      0x1f0 C:/Program Files/Common Files/dSPACE/GCC/13.2/i686/bin/../lib/gcc/i686-w64-mingw32/13.2.0/../../../../i686-w64-mingw32/lib/../lib/libmsvcrt.a(lib32_libucrt_extra_a-ucrtbase_compat.o)
                0x00006400                _get_output_format
                0x00006410                __getmainargs
                0x00006470                __wgetmainargs
                0x000064d0                _onexit
                0x000064f0                at_quick_exit
                0x00006510                _amsg_exit
                0x00006550                __ms_fwprintf
                0x00006590                tzset
                0x000065c0                _tzset
 .text          0x000065f0        0x8 C:/Program Files/Common Files/dSPACE/GCC/13.2/i686/bin/../lib/gcc/i686-w64-mingw32/13.2.0/../../../../i686-w64-mingw32/lib/../lib/libmsvcrt.a(libapi-ms-win-crt-time-l1-1-0s00008.o)
                0x000065f0                __daylight
 .text          0x000065f8        0x8 C:/Program Files/Common Files/dSPACE/GCC/13.2/i686/bin/../lib/gcc/i686-w64-mingw32/13.2.0/../../../../i686-w64-mingw32/lib/../lib/libmsvcrt.a(libapi-ms-win-crt-time-l1-1-0s00010.o)
                0x000065f8                __timezone
 .text          0x00006600        0x8 C:/Program Files/Common Files/dSPACE/GCC/13.2/i686/bin/../lib/gcc/i686-w64-mingw32/13.2.0/../../../../i686-w64-mingw32/lib/../lib/libmsvcrt.a(libapi-ms-win-crt-time-l1-1-0s00011.o)
                0x00006600                __tzname
 .text          0x00006608        0x0 C:/Program Files/Common Files/dSPACE/GCC/13.2/i686/bin/../lib/gcc/i686-w64-mingw32/13.2.0/../../../../i686-w64-mingw32/lib/../lib/libmsvcrt.a(libapi-ms-win-crt-time-l1-1-0s00058.o)
 .text          0x00006608        0x0 C:/Program Files/Common Files/dSPACE/GCC/13.2/i686/bin/../lib/gcc/i686-w64-mingw32/13.2.0/../../../../i686-w64-mingw32/lib/../lib/libmsvcrt.a(libapi-ms-win-crt-time-l1-1-0h.o)
 .text          0x00006608        0x0 C:/Program Files/Common Files/dSPACE/GCC/13.2/i686/bin/../lib/gcc/i686-w64-mingw32/13.2.0/../../../../i686-w64-mingw32/lib/../lib/libmsvcrt.a(libapi-ms-win-crt-time-l1-1-0t.o)
 .text          0x00006608        0x8 C:/Program Files/Common Files/dSPACE/GCC/13.2/i686/bin/../lib/gcc/i686-w64-mingw32/13.2.0/../../../../i686-w64-mingw32/lib/../lib/libmsvcrt.a(libapi-ms-win-crt-string-l1-1-0s00162.o)
                0x00006608                strcmp
 .text          0x00006610        0x8 C:/Program Files/Common Files/dSPACE/GCC/13.2/i686/bin/../lib/gcc/i686-w64-mingw32/13.2.0/../../../../i686-w64-mingw32/lib/../lib/libmsvcrt.a(libapi-ms-win-crt-string-l1-1-0s00167.o)
                0x00006610                strlen
 .text          0x00006618        0x8 C:/Program Files/Common Files/dSPACE/GCC/13.2/i686/bin/../lib/gcc/i686-w64-mingw32/13.2.0/../../../../i686-w64-mingw32/lib/../lib/libmsvcrt.a(libapi-ms-win-crt-string-l1-1-0s00170.o)
                0x00006618                strncmp
 .text          0x00006620        0x0 C:/Program Files/Common Files/dSPACE/GCC/13.2/i686/bin/../lib/gcc/i686-w64-mingw32/13.2.0/../../../../i686-w64-mingw32/lib/../lib/libmsvcrt.a(libapi-ms-win-crt-string-l1-1-0h.o)
 .text          0x00006620        0x0 C:/Program Files/Common Files/dSPACE/GCC/13.2/i686/bin/../lib/gcc/i686-w64-mingw32/13.2.0/../../../../i686-w64-mingw32/lib/../lib/libmsvcrt.a(libapi-ms-win-crt-string-l1-1-0t.o)
 .text          0x00006620        0x8 C:/Program Files/Common Files/dSPACE/GCC/13.2/i686/bin/../lib/gcc/i686-w64-mingw32/13.2.0/../../../../i686-w64-mingw32/lib/../lib/libmsvcrt.a(libapi-ms-win-crt-stdio-l1-1-0s00000.o)
                0x00006620                __acrt_iob_func
 .text          0x00006628        0x8 C:/Program Files/Common Files/dSPACE/GCC/13.2/i686/bin/../lib/gcc/i686-w64-mingw32/13.2.0/../../../../i686-w64-mingw32/lib/../lib/libmsvcrt.a(libapi-ms-win-crt-stdio-l1-1-0s00003.o)
                0x00006628                __stdio_common_vfprintf
 .text          0x00006630        0x8 C:/Program Files/Common Files/dSPACE/GCC/13.2/i686/bin/../lib/gcc/i686-w64-mingw32/13.2.0/../../../../i686-w64-mingw32/lib/../lib/libmsvcrt.a(libapi-ms-win-crt-stdio-l1-1-0s00007.o)
                0x00006630                __stdio_common_vfwprintf
 .text          0x00006638        0x8 C:/Program Files/Common Files/dSPACE/GCC/13.2/i686/bin/../lib/gcc/i686-w64-mingw32/13.2.0/../../../../i686-w64-mingw32/lib/../lib/libmsvcrt.a(libapi-ms-win-crt-stdio-l1-1-0s00168.o)
                0x00006638                fwrite
 .text          0x00006640        0x0 C:/Program Files/Common Files/dSPACE/GCC/13.2/i686/bin/../lib/gcc/i686-w64-mingw32/13.2.0/../../../../i686-w64-mingw32/lib/../lib/libmsvcrt.a(libapi-ms-win-crt-stdio-l1-1-0h.o)
 .text          0x00006640        0x0 C:/Program Files/Common Files/dSPACE/GCC/13.2/i686/bin/../lib/gcc/i686-w64-mingw32/13.2.0/../../../../i686-w64-mingw32/lib/../lib/libmsvcrt.a(libapi-ms-win-crt-stdio-l1-1-0t.o)
 .text          0x00006640        0x8 C:/Program Files/Common Files/dSPACE/GCC/13.2/i686/bin/../lib/gcc/i686-w64-mingw32/13.2.0/../../../../i686-w64-mingw32/lib/../lib/libmsvcrt.a(libapi-ms-win-crt-runtime-l1-1-0s00005.o)
                0x00006640                __p___argc
 .text          0x00006648        0x8 C:/Program Files/Common Files/dSPACE/GCC/13.2/i686/bin/../lib/gcc/i686-w64-mingw32/13.2.0/../../../../i686-w64-mingw32/lib/../lib/libmsvcrt.a(libapi-ms-win-crt-runtime-l1-1-0s00006.o)
                0x00006648                __p___argv
 .text          0x00006650        0x8 C:/Program Files/Common Files/dSPACE/GCC/13.2/i686/bin/../lib/gcc/i686-w64-mingw32/13.2.0/../../../../i686-w64-mingw32/lib/../lib/libmsvcrt.a(libapi-ms-win-crt-runtime-l1-1-0s00007.o)
                0x00006650                __p___wargv
 .text          0x00006658        0x8 C:/Program Files/Common Files/dSPACE/GCC/13.2/i686/bin/../lib/gcc/i686-w64-mingw32/13.2.0/../../../../i686-w64-mingw32/lib/../lib/libmsvcrt.a(libapi-ms-win-crt-runtime-l1-1-0s00025.o)
                0x00006658                _configure_narrow_argv
 .text          0x00006660        0x8 C:/Program Files/Common Files/dSPACE/GCC/13.2/i686/bin/../lib/gcc/i686-w64-mingw32/13.2.0/../../../../i686-w64-mingw32/lib/../lib/libmsvcrt.a(libapi-ms-win-crt-runtime-l1-1-0s00026.o)
                0x00006660                _configure_wide_argv
 .text          0x00006668        0x8 C:/Program Files/Common Files/dSPACE/GCC/13.2/i686/bin/../lib/gcc/i686-w64-mingw32/13.2.0/../../../../i686-w64-mingw32/lib/../lib/libmsvcrt.a(libapi-ms-win-crt-runtime-l1-1-0s00030.o)
                0x00006668                _crt_at_quick_exit
 .text          0x00006670        0x8 C:/Program Files/Common Files/dSPACE/GCC/13.2/i686/bin/../lib/gcc/i686-w64-mingw32/13.2.0/../../../../i686-w64-mingw32/lib/../lib/libmsvcrt.a(libapi-ms-win-crt-runtime-l1-1-0s00031.o)
                0x00006670                _crt_atexit
 .text          0x00006678        0x8 C:/Program Files/Common Files/dSPACE/GCC/13.2/i686/bin/../lib/gcc/i686-w64-mingw32/13.2.0/../../../../i686-w64-mingw32/lib/../lib/libmsvcrt.a(libapi-ms-win-crt-runtime-l1-1-0s00036.o)
                0x00006678                _execute_onexit_table
 .text          0x00006680        0x0 C:/Program Files/Common Files/dSPACE/GCC/13.2/i686/bin/../lib/gcc/i686-w64-mingw32/13.2.0/../../../../i686-w64-mingw32/lib/../lib/libmsvcrt.a(libapi-ms-win-crt-runtime-l1-1-0s00037.o)
 .text          0x00006680        0x8 C:/Program Files/Common Files/dSPACE/GCC/13.2/i686/bin/../lib/gcc/i686-w64-mingw32/13.2.0/../../../../i686-w64-mingw32/lib/../lib/libmsvcrt.a(libapi-ms-win-crt-runtime-l1-1-0s00052.o)
                0x00006680                _initialize_narrow_environment
 .text          0x00006688        0x8 C:/Program Files/Common Files/dSPACE/GCC/13.2/i686/bin/../lib/gcc/i686-w64-mingw32/13.2.0/../../../../i686-w64-mingw32/lib/../lib/libmsvcrt.a(libapi-ms-win-crt-runtime-l1-1-0s00054.o)
                0x00006688                _initialize_onexit_table
 .text          0x00006690        0x8 C:/Program Files/Common Files/dSPACE/GCC/13.2/i686/bin/../lib/gcc/i686-w64-mingw32/13.2.0/../../../../i686-w64-mingw32/lib/../lib/libmsvcrt.a(libapi-ms-win-crt-runtime-l1-1-0s00056.o)
                0x00006690                _initialize_wide_environment
 .text          0x00006698        0x8 C:/Program Files/Common Files/dSPACE/GCC/13.2/i686/bin/../lib/gcc/i686-w64-mingw32/13.2.0/../../../../i686-w64-mingw32/lib/../lib/libmsvcrt.a(libapi-ms-win-crt-runtime-l1-1-0s00057.o)
                0x00006698                _initterm
 .text          0x000066a0        0x8 C:/Program Files/Common Files/dSPACE/GCC/13.2/i686/bin/../lib/gcc/i686-w64-mingw32/13.2.0/../../../../i686-w64-mingw32/lib/../lib/libmsvcrt.a(libapi-ms-win-crt-runtime-l1-1-0s00063.o)
                0x000066a0                _register_onexit_function
 .text          0x000066a8        0x8 C:/Program Files/Common Files/dSPACE/GCC/13.2/i686/bin/../lib/gcc/i686-w64-mingw32/13.2.0/../../../../i686-w64-mingw32/lib/../lib/libmsvcrt.a(libapi-ms-win-crt-runtime-l1-1-0s00088.o)
                0x000066a8                abort
 .text          0x000066b0        0x0 C:/Program Files/Common Files/dSPACE/GCC/13.2/i686/bin/../lib/gcc/i686-w64-mingw32/13.2.0/../../../../i686-w64-mingw32/lib/../lib/libmsvcrt.a(libapi-ms-win-crt-runtime-l1-1-0h.o)
 .text          0x000066b0        0x0 C:/Program Files/Common Files/dSPACE/GCC/13.2/i686/bin/../lib/gcc/i686-w64-mingw32/13.2.0/../../../../i686-w64-mingw32/lib/../lib/libmsvcrt.a(libapi-ms-win-crt-runtime-l1-1-0t.o)
 .text          0x000066b0        0x8 C:/Program Files/Common Files/dSPACE/GCC/13.2/i686/bin/../lib/gcc/i686-w64-mingw32/13.2.0/../../../../i686-w64-mingw32/lib/../lib/libmsvcrt.a(libapi-ms-win-crt-heap-l1-1-0s00023.o)
                0x000066b0                _set_new_mode
 .text          0x000066b8        0x8 C:/Program Files/Common Files/dSPACE/GCC/13.2/i686/bin/../lib/gcc/i686-w64-mingw32/13.2.0/../../../../i686-w64-mingw32/lib/../lib/libmsvcrt.a(libapi-ms-win-crt-heap-l1-1-0s00024.o)
                0x000066b8                calloc
 .text          0x000066c0        0x8 C:/Program Files/Common Files/dSPACE/GCC/13.2/i686/bin/../lib/gcc/i686-w64-mingw32/13.2.0/../../../../i686-w64-mingw32/lib/../lib/libmsvcrt.a(libapi-ms-win-crt-heap-l1-1-0s00025.o)
                0x000066c0                free
 .text          0x000066c8        0x0 C:/Program Files/Common Files/dSPACE/GCC/13.2/i686/bin/../lib/gcc/i686-w64-mingw32/13.2.0/../../../../i686-w64-mingw32/lib/../lib/libmsvcrt.a(libapi-ms-win-crt-heap-l1-1-0h.o)
 .text          0x000066c8        0x0 C:/Program Files/Common Files/dSPACE/GCC/13.2/i686/bin/../lib/gcc/i686-w64-mingw32/13.2.0/../../../../i686-w64-mingw32/lib/../lib/libmsvcrt.a(libapi-ms-win-crt-heap-l1-1-0t.o)
 .text          0x000066c8        0x8 C:/Program Files/Common Files/dSPACE/GCC/13.2/i686/bin/../lib/gcc/i686-w64-mingw32/13.2.0/../../../../i686-w64-mingw32/lib/../lib/libmsvcrt.a(libapi-ms-win-crt-environment-l1-1-0s00000.o)
                0x000066c8                __p__environ
 .text          0x000066d0        0x8 C:/Program Files/Common Files/dSPACE/GCC/13.2/i686/bin/../lib/gcc/i686-w64-mingw32/13.2.0/../../../../i686-w64-mingw32/lib/../lib/libmsvcrt.a(libapi-ms-win-crt-environment-l1-1-0s00001.o)
                0x000066d0                __p__wenviron
 .text          0x000066d8        0x8 C:/Program Files/Common Files/dSPACE/GCC/13.2/i686/bin/../lib/gcc/i686-w64-mingw32/13.2.0/../../../../i686-w64-mingw32/lib/../lib/libmsvcrt.a(libapi-ms-win-crt-environment-l1-1-0s00018.o)
                0x000066d8                getenv
 .text          0x000066e0        0x0 C:/Program Files/Common Files/dSPACE/GCC/13.2/i686/bin/../lib/gcc/i686-w64-mingw32/13.2.0/../../../../i686-w64-mingw32/lib/../lib/libmsvcrt.a(libapi-ms-win-crt-environment-l1-1-0h.o)
 .text          0x000066e0        0x0 C:/Program Files/Common Files/dSPACE/GCC/13.2/i686/bin/../lib/gcc/i686-w64-mingw32/13.2.0/../../../../i686-w64-mingw32/lib/../lib/libmsvcrt.a(libapi-ms-win-crt-environment-l1-1-0t.o)
 .text          0x000066e0       0x40 C:/Program Files/Common Files/dSPACE/GCC/13.2/i686/bin/../lib/gcc/i686-w64-mingw32/13.2.0/../../../../i686-w64-mingw32/lib/../lib/libmsvcrt.a(lib32_libucrt_extra_a-ucrt_fprintf.o)
                0x000066e0                fprintf
 .text          0x00006720        0x0 C:/Program Files/Common Files/dSPACE/GCC/13.2/i686/bin/../lib/gcc/i686-w64-mingw32/13.2.0/../../../../i686-w64-mingw32/lib/../lib/libkernel32.a(libkernel32h.o)
 .text          0x00006720        0x0 C:/Program Files/Common Files/dSPACE/GCC/13.2/i686/bin/../lib/gcc/i686-w64-mingw32/13.2.0/../../../../i686-w64-mingw32/lib/../lib/libkernel32.a(libkernel32t.o)
 .text          0x00006720        0x0 C:/Program Files/Common Files/dSPACE/GCC/13.2/i686/bin/../lib/gcc/i686-w64-mingw32/13.2.0/crtend.o
 *(SORT_BY_NAME(.text$*))
 *(.text.*)
 .text.startup  0x00006720       0x10 C:/Program Files/Common Files/dSPACE/GCC/13.2/i686/bin/../lib/gcc/i686-w64-mingw32/13.2.0/crtend.o
 *(.gnu.linkonce.t.*)
 *(.glue_7t)
 *(.glue_7)
                0x00006730                ___CTOR_LIST__ = .
                0x00006730                __CTOR_LIST__ = .
                0x00006730        0x4 LONG 0xffffffff
 *(.ctors)
 *(.ctor)
 *(SORT_BY_NAME(.ctors.*))
 .ctors.65535   0x00006734        0x4 C:/Program Files/Common Files/dSPACE/GCC/13.2/i686/bin/../lib/gcc/i686-w64-mingw32/13.2.0/crtend.o
                0x00006738        0x4 LONG 0x0
                0x0000673c                ___DTOR_LIST__ = .
                0x0000673c                __DTOR_LIST__ = .
                0x0000673c        0x4 LONG 0xffffffff
 *(.dtors)
 *(.dtor)
 *(SORT_BY_NAME(.dtors.*))
                0x00006740        0x4 LONG 0x0
 *(SORT_NONE(.fini))
 *(.gcc_exc)
                [!provide]                PROVIDE (etext = .)
                [!provide]                PROVIDE (_etext = .)
 *(.gcc_except_table)

.data           0x00007000      0x600
                0x00007000                __data_start__ = .
 *(.data)
 .data          0x00007000        0x4 C:/Program Files/Common Files/dSPACE/GCC/13.2/i686/bin/../lib/gcc/i686-w64-mingw32/13.2.0/../../../../i686-w64-mingw32/lib/../lib/dllcrt2.o
                0x00007000                __mingw_module_is_dll
 .data          0x00007004        0x4 C:/Program Files/Common Files/dSPACE/GCC/13.2/i686/bin/../lib/gcc/i686-w64-mingw32/13.2.0/crtbegin.o
 .data          0x00007008        0xc .\BinaryArtifacts\followerAppl\HostPC32_GCC\SmartServices_Cfg_generated.o
                0x00007008                XilApiEesPortErrorSwitching
                0x0000700c                XilApiEesPortErrorActivated
                0x00007010                XilApiEesPortActiveErrorSet
 .data          0x00007014        0x4 .\BinaryArtifacts\followerAppl\HostPC32_GCC\SmartServices.o
                0x00007014                g_SmartServices_DsModelAccessEnabled
 .data          0x00007018        0x0 .\BinaryArtifacts\followerAppl\HostPC32_GCC\SicAppFrm_FunMod_generated.o
 .data          0x00007018        0x4 .\BinaryArtifacts\followerAppl\HostPC32_GCC\SicAppFrm_Task_generated.o
                0x00007018                g_SicAppFrm_SampleTimeOffset_RunnableFunction1_PeriodicTask1_
 .data          0x0000701c        0x0 .\BinaryArtifacts\followerAppl\HostPC32_GCC\SicAppFrm_AccPt_generated.o
 .data          0x0000701c       0x20 .\BinaryArtifacts\followerAppl\HostPC32_GCC\SicAppFrm.o
                0x0000701c                ga_SicAppFrm_TimerEventCounters
                0x0000702c                ga_SicAppFrm_TaskPriorities
                0x00007030                g_SicAppFrm_TaskSchedule
 .data          0x0000703c        0x0 .\BinaryArtifacts\followerAppl\HostPC32_GCC\SicAppFrm_Queue.o
 .data          0x0000703c        0x0 .\BinaryArtifacts\followerAppl\HostPC32_GCC\VEOS_Api.o
 .data          0x0000703c        0x0 .\BinaryArtifacts\followerAppl\HostPC32_GCC\VEOS_BusApi.o
 .data          0x0000703c        0x8 .\BinaryArtifacts\followerAppl\HostPC32_GCC\VEOS_ExpApi.o
                0x0000703c                ga_VEOS_ExpApi_Rasters
 .data          0x00007044        0x0 .\BinaryArtifacts\followerAppl\HostPC32_GCC\VEOS_SimApi.o
 .data          0x00007044        0x0 .\BinaryArtifacts\followerAppl\HostPC32_GCC\VEOS_NotiApi.o
 .data          0x00007044        0x0 .\BinaryArtifacts\followerAppl\HostPC32_GCC\VEOS_MsgApi.o
 .data          0x00007044        0x0 .\BinaryArtifacts\followerAppl\HostPC32_GCC\VEOS_PortApi.o
 .data          0x00007044        0x0 .\BinaryArtifacts\followerAppl\HostPC32_GCC\VEOS_OsTskApi.o
 .data          0x00007044        0x0 .\BinaryArtifacts\followerAppl\HostPC32_GCC\VEOS_Interaction.o
 .data          0x00007044       0x10 .\BinaryArtifacts\followerAppl\HostPC32_GCC\VEOS.o
                0x00007044                ga_VEOS_ModelHash
 .data          0x00007054        0x8 .\BinaryArtifacts\followerAppl\HostPC32_GCC\VEOS_Impl.o
 .data          0x0000705c        0x0 .\BinaryArtifacts\followerAppl\HostPC32_GCC\DsMsgApi.o
 .data          0x0000705c        0x0 C:/Users/DSPACE~1/AppData/Local/Temp/VEOS_S~1/BinaryArtifacts/followerAppl/HostPC32_GCC/VEOS_followerAppl.lib(followerAppl_dsrtmdlfcn.obj)
 .data          0x0000705c        0x0 C:/Users/DSPACE~1/AppData/Local/Temp/VEOS_S~1/BinaryArtifacts/followerAppl/HostPC32_GCC/VEOS_followerAppl.lib(followerAppl_dsrttf.obj)
 .data          0x0000705c        0x0 C:/Users/DSPACE~1/AppData/Local/Temp/VEOS_S~1/BinaryArtifacts/followerAppl/HostPC32_GCC/VEOS_followerAppl.lib(followerAppl.obj)
 *fill*         0x0000705c        0x4 
 .data          0x00007060      0x1c0 C:/Users/DSPACE~1/AppData/Local/Temp/VEOS_S~1/BinaryArtifacts/followerAppl/HostPC32_GCC/VEOS_followerAppl.lib(followerAppl_data.obj)
                0x00007060                followerAppl_P
 .data          0x00007220        0x0 C:/Users/DSPACE~1/AppData/Local/Temp/VEOS_S~1/BinaryArtifacts/followerAppl/HostPC32_GCC/VEOS_followerAppl.lib(followerAppl_dsrtvdf.obj)
 .data          0x00007220        0x0 C:/Users/DSPACE~1/AppData/Local/Temp/VEOS_S~1/BinaryArtifacts/followerAppl/HostPC32_GCC/VEOS_followerAppl.lib(rt_nonfinite.obj)
 .data          0x00007220        0x0 C:/Users/DSPACE~1/AppData/Local/Temp/VEOS_S~1/BinaryArtifacts/followerAppl/HostPC32_GCC/VEOS_followerAppl.lib(rtGetInf.obj)
 .data          0x00007220        0x0 C:/Users/DSPACE~1/AppData/Local/Temp/VEOS_S~1/BinaryArtifacts/followerAppl/HostPC32_GCC/VEOS_followerAppl.lib(rtGetNaN.obj)
 .data          0x00007220        0x0 C:/Users/DSPACE~1/AppData/Local/Temp/VEOS_S~1/GeneratedCode/LibraryFiles/ModelInit/ModelInit_HostPC32_GCC_Debug.lib(ModelInit.obj)
 .data          0x00007220        0x0 C:/Users/DSPACE~1/AppData/Local/Temp/VEOS_S~1/GeneratedCode/LibraryFiles/ModelInit/ModelInit_HostPC32_GCC_Debug.lib(VEOS_FrmRef.obj)
 .data          0x00007220       0xe0 C:/Users/DSPACE~1/AppData/Local/Temp/VEOS_S~1/GeneratedCode/LibraryFiles/ModelInit/NoEcuIoCore_HostPC32_GCC_Debug.lib(NoEcuInit.obj)
                0x00007220                g_VEOS_ModelInit_Ecu
 .data          0x00007300       0xe0 C:/Users/DSPACE~1/AppData/Local/Temp/VEOS_S~1/GeneratedCode/LibraryFiles/ModelInit/NoCanIoCore_HostPC32_GCC_Debug.lib(NoCanInit.obj)
                0x00007300                g_VEOS_ModelInit_Can
 .data          0x000073e0       0xe0 C:/Users/DSPACE~1/AppData/Local/Temp/VEOS_S~1/GeneratedCode/LibraryFiles/ModelInit/NoLinIoCore_HostPC32_GCC_Debug.lib(NoLinInit.obj)
                0x000073e0                g_VEOS_ModelInit_Lin
 .data          0x000074c0       0xe0 C:/Users/DSPACE~1/AppData/Local/Temp/VEOS_S~1/GeneratedCode/LibraryFiles/ModelInit/NoEthIoCore_HostPC32_GCC_Debug.lib(NoEthInit.obj)
                0x000074c0                g_VEOS_ModelInit_Eth
 .data          0x000075a0        0x4 C:/Program Files/Common Files/dSPACE/GCC/13.2/i686/bin/../lib/gcc/i686-w64-mingw32/13.2.0/../../../../i686-w64-mingw32/lib/../lib/libmingw32.a(lib32_libmingw32_a-gccmain.o)
 .data          0x000075a4        0x8 C:/Program Files/Common Files/dSPACE/GCC/13.2/i686/bin/../lib/gcc/i686-w64-mingw32/13.2.0/../../../../i686-w64-mingw32/lib/../lib/libmingw32.a(lib32_libmingw32_a-natstart.o)
                0x000075a4                __native_vcclrit_reason
                0x000075a8                __native_dllmain_reason
 .data          0x000075ac        0x0 C:/Program Files/Common Files/dSPACE/GCC/13.2/i686/bin/../lib/gcc/i686-w64-mingw32/13.2.0/../../../../i686-w64-mingw32/lib/../lib/libmingw32.a(lib32_libmingw32_a-tlssup.o)
 .data          0x000075ac        0x0 C:/Program Files/Common Files/dSPACE/GCC/13.2/i686/bin/../lib/gcc/i686-w64-mingw32/13.2.0/../../../../i686-w64-mingw32/lib/../lib/libmingw32.a(lib32_libmingw32_a-cinitexe.o)
 .data          0x000075ac        0x0 C:/Program Files/Common Files/dSPACE/GCC/13.2/i686/bin/../lib/gcc/i686-w64-mingw32/13.2.0/../../../../i686-w64-mingw32/lib/../lib/libmingw32.a(lib32_libmingw32_a-mingw_helpers.o)
 .data          0x000075ac        0x0 C:/Program Files/Common Files/dSPACE/GCC/13.2/i686/bin/../lib/gcc/i686-w64-mingw32/13.2.0/../../../../i686-w64-mingw32/lib/../lib/libmingw32.a(lib32_libmingw32_a-pseudo-reloc.o)
 .data          0x000075ac        0x0 C:/Program Files/Common Files/dSPACE/GCC/13.2/i686/bin/../lib/gcc/i686-w64-mingw32/13.2.0/../../../../i686-w64-mingw32/lib/../lib/libmingw32.a(lib32_libmingw32_a-tlsthrd.o)
 .data          0x000075ac        0x4 C:/Program Files/Common Files/dSPACE/GCC/13.2/i686/bin/../lib/gcc/i686-w64-mingw32/13.2.0/../../../../i686-w64-mingw32/lib/../lib/libmingw32.a(lib32_libmingw32_a-tlsmcrt.o)
                0x000075ac                _CRT_MT
 .data          0x000075b0        0x0 C:/Program Files/Common Files/dSPACE/GCC/13.2/i686/bin/../lib/gcc/i686-w64-mingw32/13.2.0/../../../../i686-w64-mingw32/lib/../lib/libmingw32.a(lib32_libmingw32_a-pseudo-reloc-list.o)
 .data          0x000075b0        0x0 C:/Program Files/Common Files/dSPACE/GCC/13.2/i686/bin/../lib/gcc/i686-w64-mingw32/13.2.0/../../../../i686-w64-mingw32/lib/../lib/libmingw32.a(lib32_libmingw32_a-pesect.o)
 .data          0x000075b0        0x0 C:/Program Files/Common Files/dSPACE/GCC/13.2/i686/bin/../lib/gcc/i686-w64-mingw32/13.2.0/../../../../i686-w64-mingw32/lib/../lib/libmingw32.a(lib32_libmingw32_a-CRT_fp10.o)
 .data          0x000075b0        0x0 C:/Program Files/Common Files/dSPACE/GCC/13.2/i686/bin/../lib/gcc/i686-w64-mingw32/13.2.0/libgcc.a(_chkstk_ms.o)
 .data          0x000075b0        0x0 C:/Program Files/Common Files/dSPACE/GCC/13.2/i686/bin/../lib/gcc/i686-w64-mingw32/13.2.0/libgcc.a(_ctors.o)
 .data          0x000075b0        0x0 C:/Program Files/Common Files/dSPACE/GCC/13.2/i686/bin/../lib/gcc/i686-w64-mingw32/13.2.0/../../../../i686-w64-mingw32/lib/../lib/libmingwex.a(lib32_libmingwex_a-dllentry.o)
 .data          0x000075b0        0x0 C:/Program Files/Common Files/dSPACE/GCC/13.2/i686/bin/../lib/gcc/i686-w64-mingw32/13.2.0/../../../../i686-w64-mingw32/lib/../lib/libmingwex.a(lib32_libmingwex_a-dllmain.o)
 .data          0x000075b0        0x0 C:/Program Files/Common Files/dSPACE/GCC/13.2/i686/bin/../lib/gcc/i686-w64-mingw32/13.2.0/../../../../i686-w64-mingw32/lib/../lib/libmingwex.a(lib32_libmingwex_a-fmod.o)
 .data          0x000075b0        0x4 C:/Program Files/Common Files/dSPACE/GCC/13.2/i686/bin/../lib/gcc/i686-w64-mingw32/13.2.0/../../../../i686-w64-mingw32/lib/../lib/libmsvcrt.a(lib32_libucrt_extra_a-ucrt_vfprintf.o)
                0x000075b0                _imp__vfprintf
 .data          0x000075b4       0x44 C:/Program Files/Common Files/dSPACE/GCC/13.2/i686/bin/../lib/gcc/i686-w64-mingw32/13.2.0/../../../../i686-w64-mingw32/lib/../lib/libmsvcrt.a(lib32_libucrt_extra_a-ucrtbase_compat.o)
                0x000075b4                _imp____ms_fwprintf
                0x000075b8                _imp__tzset
                0x000075bc                _imp___get_output_format
                0x000075c0                _imp___amsg_exit
                0x000075c4                _imp____wgetmainargs
                0x000075c8                _imp____getmainargs
                0x000075cc                _imp__daylight
                0x000075d0                _imp__timezone
                0x000075d4                _imp__tzname
                0x000075f0                _imp__at_quick_exit
                0x000075f4                _imp___onexit
 .data          0x000075f8        0x0 C:/Program Files/Common Files/dSPACE/GCC/13.2/i686/bin/../lib/gcc/i686-w64-mingw32/13.2.0/../../../../i686-w64-mingw32/lib/../lib/libmsvcrt.a(libapi-ms-win-crt-time-l1-1-0s00008.o)
 .data          0x000075f8        0x0 C:/Program Files/Common Files/dSPACE/GCC/13.2/i686/bin/../lib/gcc/i686-w64-mingw32/13.2.0/../../../../i686-w64-mingw32/lib/../lib/libmsvcrt.a(libapi-ms-win-crt-time-l1-1-0s00010.o)
 .data          0x000075f8        0x0 C:/Program Files/Common Files/dSPACE/GCC/13.2/i686/bin/../lib/gcc/i686-w64-mingw32/13.2.0/../../../../i686-w64-mingw32/lib/../lib/libmsvcrt.a(libapi-ms-win-crt-time-l1-1-0s00011.o)
 .data          0x000075f8        0x0 C:/Program Files/Common Files/dSPACE/GCC/13.2/i686/bin/../lib/gcc/i686-w64-mingw32/13.2.0/../../../../i686-w64-mingw32/lib/../lib/libmsvcrt.a(libapi-ms-win-crt-time-l1-1-0s00058.o)
 .data          0x000075f8        0x0 C:/Program Files/Common Files/dSPACE/GCC/13.2/i686/bin/../lib/gcc/i686-w64-mingw32/13.2.0/../../../../i686-w64-mingw32/lib/../lib/libmsvcrt.a(libapi-ms-win-crt-time-l1-1-0h.o)
 .data          0x000075f8        0x0 C:/Program Files/Common Files/dSPACE/GCC/13.2/i686/bin/../lib/gcc/i686-w64-mingw32/13.2.0/../../../../i686-w64-mingw32/lib/../lib/libmsvcrt.a(libapi-ms-win-crt-time-l1-1-0t.o)
 .data          0x000075f8        0x0 C:/Program Files/Common Files/dSPACE/GCC/13.2/i686/bin/../lib/gcc/i686-w64-mingw32/13.2.0/../../../../i686-w64-mingw32/lib/../lib/libmsvcrt.a(libapi-ms-win-crt-string-l1-1-0s00162.o)
 .data          0x000075f8        0x0 C:/Program Files/Common Files/dSPACE/GCC/13.2/i686/bin/../lib/gcc/i686-w64-mingw32/13.2.0/../../../../i686-w64-mingw32/lib/../lib/libmsvcrt.a(libapi-ms-win-crt-string-l1-1-0s00167.o)
 .data          0x000075f8        0x0 C:/Program Files/Common Files/dSPACE/GCC/13.2/i686/bin/../lib/gcc/i686-w64-mingw32/13.2.0/../../../../i686-w64-mingw32/lib/../lib/libmsvcrt.a(libapi-ms-win-crt-string-l1-1-0s00170.o)
 .data          0x000075f8        0x0 C:/Program Files/Common Files/dSPACE/GCC/13.2/i686/bin/../lib/gcc/i686-w64-mingw32/13.2.0/../../../../i686-w64-mingw32/lib/../lib/libmsvcrt.a(libapi-ms-win-crt-string-l1-1-0h.o)
 .data          0x000075f8        0x0 C:/Program Files/Common Files/dSPACE/GCC/13.2/i686/bin/../lib/gcc/i686-w64-mingw32/13.2.0/../../../../i686-w64-mingw32/lib/../lib/libmsvcrt.a(libapi-ms-win-crt-string-l1-1-0t.o)
 .data          0x000075f8        0x0 C:/Program Files/Common Files/dSPACE/GCC/13.2/i686/bin/../lib/gcc/i686-w64-mingw32/13.2.0/../../../../i686-w64-mingw32/lib/../lib/libmsvcrt.a(libapi-ms-win-crt-stdio-l1-1-0s00000.o)
 .data          0x000075f8        0x0 C:/Program Files/Common Files/dSPACE/GCC/13.2/i686/bin/../lib/gcc/i686-w64-mingw32/13.2.0/../../../../i686-w64-mingw32/lib/../lib/libmsvcrt.a(libapi-ms-win-crt-stdio-l1-1-0s00003.o)
 .data          0x000075f8        0x0 C:/Program Files/Common Files/dSPACE/GCC/13.2/i686/bin/../lib/gcc/i686-w64-mingw32/13.2.0/../../../../i686-w64-mingw32/lib/../lib/libmsvcrt.a(libapi-ms-win-crt-stdio-l1-1-0s00007.o)
 .data          0x000075f8        0x0 C:/Program Files/Common Files/dSPACE/GCC/13.2/i686/bin/../lib/gcc/i686-w64-mingw32/13.2.0/../../../../i686-w64-mingw32/lib/../lib/libmsvcrt.a(libapi-ms-win-crt-stdio-l1-1-0s00168.o)
 .data          0x000075f8        0x0 C:/Program Files/Common Files/dSPACE/GCC/13.2/i686/bin/../lib/gcc/i686-w64-mingw32/13.2.0/../../../../i686-w64-mingw32/lib/../lib/libmsvcrt.a(libapi-ms-win-crt-stdio-l1-1-0h.o)
 .data          0x000075f8        0x0 C:/Program Files/Common Files/dSPACE/GCC/13.2/i686/bin/../lib/gcc/i686-w64-mingw32/13.2.0/../../../../i686-w64-mingw32/lib/../lib/libmsvcrt.a(libapi-ms-win-crt-stdio-l1-1-0t.o)
 .data          0x000075f8        0x0 C:/Program Files/Common Files/dSPACE/GCC/13.2/i686/bin/../lib/gcc/i686-w64-mingw32/13.2.0/../../../../i686-w64-mingw32/lib/../lib/libmsvcrt.a(libapi-ms-win-crt-runtime-l1-1-0s00005.o)
 .data          0x000075f8        0x0 C:/Program Files/Common Files/dSPACE/GCC/13.2/i686/bin/../lib/gcc/i686-w64-mingw32/13.2.0/../../../../i686-w64-mingw32/lib/../lib/libmsvcrt.a(libapi-ms-win-crt-runtime-l1-1-0s00006.o)
 .data          0x000075f8        0x0 C:/Program Files/Common Files/dSPACE/GCC/13.2/i686/bin/../lib/gcc/i686-w64-mingw32/13.2.0/../../../../i686-w64-mingw32/lib/../lib/libmsvcrt.a(libapi-ms-win-crt-runtime-l1-1-0s00007.o)
 .data          0x000075f8        0x0 C:/Program Files/Common Files/dSPACE/GCC/13.2/i686/bin/../lib/gcc/i686-w64-mingw32/13.2.0/../../../../i686-w64-mingw32/lib/../lib/libmsvcrt.a(libapi-ms-win-crt-runtime-l1-1-0s00025.o)
 .data          0x000075f8        0x0 C:/Program Files/Common Files/dSPACE/GCC/13.2/i686/bin/../lib/gcc/i686-w64-mingw32/13.2.0/../../../../i686-w64-mingw32/lib/../lib/libmsvcrt.a(libapi-ms-win-crt-runtime-l1-1-0s00026.o)
 .data          0x000075f8        0x0 C:/Program Files/Common Files/dSPACE/GCC/13.2/i686/bin/../lib/gcc/i686-w64-mingw32/13.2.0/../../../../i686-w64-mingw32/lib/../lib/libmsvcrt.a(libapi-ms-win-crt-runtime-l1-1-0s00030.o)
 .data          0x000075f8        0x0 C:/Program Files/Common Files/dSPACE/GCC/13.2/i686/bin/../lib/gcc/i686-w64-mingw32/13.2.0/../../../../i686-w64-mingw32/lib/../lib/libmsvcrt.a(libapi-ms-win-crt-runtime-l1-1-0s00031.o)
 .data          0x000075f8        0x0 C:/Program Files/Common Files/dSPACE/GCC/13.2/i686/bin/../lib/gcc/i686-w64-mingw32/13.2.0/../../../../i686-w64-mingw32/lib/../lib/libmsvcrt.a(libapi-ms-win-crt-runtime-l1-1-0s00036.o)
 .data          0x000075f8        0x0 C:/Program Files/Common Files/dSPACE/GCC/13.2/i686/bin/../lib/gcc/i686-w64-mingw32/13.2.0/../../../../i686-w64-mingw32/lib/../lib/libmsvcrt.a(libapi-ms-win-crt-runtime-l1-1-0s00037.o)
 .data          0x000075f8        0x0 C:/Program Files/Common Files/dSPACE/GCC/13.2/i686/bin/../lib/gcc/i686-w64-mingw32/13.2.0/../../../../i686-w64-mingw32/lib/../lib/libmsvcrt.a(libapi-ms-win-crt-runtime-l1-1-0s00052.o)
 .data          0x000075f8        0x0 C:/Program Files/Common Files/dSPACE/GCC/13.2/i686/bin/../lib/gcc/i686-w64-mingw32/13.2.0/../../../../i686-w64-mingw32/lib/../lib/libmsvcrt.a(libapi-ms-win-crt-runtime-l1-1-0s00054.o)
 .data          0x000075f8        0x0 C:/Program Files/Common Files/dSPACE/GCC/13.2/i686/bin/../lib/gcc/i686-w64-mingw32/13.2.0/../../../../i686-w64-mingw32/lib/../lib/libmsvcrt.a(libapi-ms-win-crt-runtime-l1-1-0s00056.o)
 .data          0x000075f8        0x0 C:/Program Files/Common Files/dSPACE/GCC/13.2/i686/bin/../lib/gcc/i686-w64-mingw32/13.2.0/../../../../i686-w64-mingw32/lib/../lib/libmsvcrt.a(libapi-ms-win-crt-runtime-l1-1-0s00057.o)
 .data          0x000075f8        0x0 C:/Program Files/Common Files/dSPACE/GCC/13.2/i686/bin/../lib/gcc/i686-w64-mingw32/13.2.0/../../../../i686-w64-mingw32/lib/../lib/libmsvcrt.a(libapi-ms-win-crt-runtime-l1-1-0s00063.o)
 .data          0x000075f8        0x0 C:/Program Files/Common Files/dSPACE/GCC/13.2/i686/bin/../lib/gcc/i686-w64-mingw32/13.2.0/../../../../i686-w64-mingw32/lib/../lib/libmsvcrt.a(libapi-ms-win-crt-runtime-l1-1-0s00088.o)
 .data          0x000075f8        0x0 C:/Program Files/Common Files/dSPACE/GCC/13.2/i686/bin/../lib/gcc/i686-w64-mingw32/13.2.0/../../../../i686-w64-mingw32/lib/../lib/libmsvcrt.a(libapi-ms-win-crt-runtime-l1-1-0h.o)
 .data          0x000075f8        0x0 C:/Program Files/Common Files/dSPACE/GCC/13.2/i686/bin/../lib/gcc/i686-w64-mingw32/13.2.0/../../../../i686-w64-mingw32/lib/../lib/libmsvcrt.a(libapi-ms-win-crt-runtime-l1-1-0t.o)
 .data          0x000075f8        0x0 C:/Program Files/Common Files/dSPACE/GCC/13.2/i686/bin/../lib/gcc/i686-w64-mingw32/13.2.0/../../../../i686-w64-mingw32/lib/../lib/libmsvcrt.a(libapi-ms-win-crt-heap-l1-1-0s00023.o)
 .data          0x000075f8        0x0 C:/Program Files/Common Files/dSPACE/GCC/13.2/i686/bin/../lib/gcc/i686-w64-mingw32/13.2.0/../../../../i686-w64-mingw32/lib/../lib/libmsvcrt.a(libapi-ms-win-crt-heap-l1-1-0s00024.o)
 .data          0x000075f8        0x0 C:/Program Files/Common Files/dSPACE/GCC/13.2/i686/bin/../lib/gcc/i686-w64-mingw32/13.2.0/../../../../i686-w64-mingw32/lib/../lib/libmsvcrt.a(libapi-ms-win-crt-heap-l1-1-0s00025.o)
 .data          0x000075f8        0x0 C:/Program Files/Common Files/dSPACE/GCC/13.2/i686/bin/../lib/gcc/i686-w64-mingw32/13.2.0/../../../../i686-w64-mingw32/lib/../lib/libmsvcrt.a(libapi-ms-win-crt-heap-l1-1-0h.o)
 .data          0x000075f8        0x0 C:/Program Files/Common Files/dSPACE/GCC/13.2/i686/bin/../lib/gcc/i686-w64-mingw32/13.2.0/../../../../i686-w64-mingw32/lib/../lib/libmsvcrt.a(libapi-ms-win-crt-heap-l1-1-0t.o)
 .data          0x000075f8        0x0 C:/Program Files/Common Files/dSPACE/GCC/13.2/i686/bin/../lib/gcc/i686-w64-mingw32/13.2.0/../../../../i686-w64-mingw32/lib/../lib/libmsvcrt.a(libapi-ms-win-crt-environment-l1-1-0s00000.o)
 .data          0x000075f8        0x0 C:/Program Files/Common Files/dSPACE/GCC/13.2/i686/bin/../lib/gcc/i686-w64-mingw32/13.2.0/../../../../i686-w64-mingw32/lib/../lib/libmsvcrt.a(libapi-ms-win-crt-environment-l1-1-0s00001.o)
 .data          0x000075f8        0x0 C:/Program Files/Common Files/dSPACE/GCC/13.2/i686/bin/../lib/gcc/i686-w64-mingw32/13.2.0/../../../../i686-w64-mingw32/lib/../lib/libmsvcrt.a(libapi-ms-win-crt-environment-l1-1-0s00012.o)
 .data          0x000075f8        0x0 C:/Program Files/Common Files/dSPACE/GCC/13.2/i686/bin/../lib/gcc/i686-w64-mingw32/13.2.0/../../../../i686-w64-mingw32/lib/../lib/libmsvcrt.a(libapi-ms-win-crt-environment-l1-1-0s00018.o)
 .data          0x000075f8        0x0 C:/Program Files/Common Files/dSPACE/GCC/13.2/i686/bin/../lib/gcc/i686-w64-mingw32/13.2.0/../../../../i686-w64-mingw32/lib/../lib/libmsvcrt.a(libapi-ms-win-crt-environment-l1-1-0h.o)
 .data          0x000075f8        0x0 C:/Program Files/Common Files/dSPACE/GCC/13.2/i686/bin/../lib/gcc/i686-w64-mingw32/13.2.0/../../../../i686-w64-mingw32/lib/../lib/libmsvcrt.a(libapi-ms-win-crt-environment-l1-1-0t.o)
 .data          0x000075f8        0x4 C:/Program Files/Common Files/dSPACE/GCC/13.2/i686/bin/../lib/gcc/i686-w64-mingw32/13.2.0/../../../../i686-w64-mingw32/lib/../lib/libmsvcrt.a(lib32_libucrt_extra_a-ucrt_fprintf.o)
                0x000075f8                _imp__fprintf
 .data          0x000075fc        0x0 C:/Program Files/Common Files/dSPACE/GCC/13.2/i686/bin/../lib/gcc/i686-w64-mingw32/13.2.0/../../../../i686-w64-mingw32/lib/../lib/libkernel32.a(libkernel32s01467.o)
 .data          0x000075fc        0x0 C:/Program Files/Common Files/dSPACE/GCC/13.2/i686/bin/../lib/gcc/i686-w64-mingw32/13.2.0/../../../../i686-w64-mingw32/lib/../lib/libkernel32.a(libkernel32s01464.o)
 .data          0x000075fc        0x0 C:/Program Files/Common Files/dSPACE/GCC/13.2/i686/bin/../lib/gcc/i686-w64-mingw32/13.2.0/../../../../i686-w64-mingw32/lib/../lib/libkernel32.a(libkernel32s01416.o)
 .data          0x000075fc        0x0 C:/Program Files/Common Files/dSPACE/GCC/13.2/i686/bin/../lib/gcc/i686-w64-mingw32/13.2.0/../../../../i686-w64-mingw32/lib/../lib/libkernel32.a(libkernel32s01381.o)
 .data          0x000075fc        0x0 C:/Program Files/Common Files/dSPACE/GCC/13.2/i686/bin/../lib/gcc/i686-w64-mingw32/13.2.0/../../../../i686-w64-mingw32/lib/../lib/libkernel32.a(libkernel32s00974.o)
 .data          0x000075fc        0x0 C:/Program Files/Common Files/dSPACE/GCC/13.2/i686/bin/../lib/gcc/i686-w64-mingw32/13.2.0/../../../../i686-w64-mingw32/lib/../lib/libkernel32.a(libkernel32s00970.o)
 .data          0x000075fc        0x0 C:/Program Files/Common Files/dSPACE/GCC/13.2/i686/bin/../lib/gcc/i686-w64-mingw32/13.2.0/../../../../i686-w64-mingw32/lib/../lib/libkernel32.a(libkernel32s00874.o)
 .data          0x000075fc        0x0 C:/Program Files/Common Files/dSPACE/GCC/13.2/i686/bin/../lib/gcc/i686-w64-mingw32/13.2.0/../../../../i686-w64-mingw32/lib/../lib/libkernel32.a(libkernel32s00691.o)
 .data          0x000075fc        0x0 C:/Program Files/Common Files/dSPACE/GCC/13.2/i686/bin/../lib/gcc/i686-w64-mingw32/13.2.0/../../../../i686-w64-mingw32/lib/../lib/libkernel32.a(libkernel32s00634.o)
 .data          0x000075fc        0x0 C:/Program Files/Common Files/dSPACE/GCC/13.2/i686/bin/../lib/gcc/i686-w64-mingw32/13.2.0/../../../../i686-w64-mingw32/lib/../lib/libkernel32.a(libkernel32s00614.o)
 .data          0x000075fc        0x0 C:/Program Files/Common Files/dSPACE/GCC/13.2/i686/bin/../lib/gcc/i686-w64-mingw32/13.2.0/../../../../i686-w64-mingw32/lib/../lib/libkernel32.a(libkernel32s00430.o)
 .data          0x000075fc        0x0 C:/Program Files/Common Files/dSPACE/GCC/13.2/i686/bin/../lib/gcc/i686-w64-mingw32/13.2.0/../../../../i686-w64-mingw32/lib/../lib/libkernel32.a(libkernel32s00307.o)
 .data          0x000075fc        0x0 C:/Program Files/Common Files/dSPACE/GCC/13.2/i686/bin/../lib/gcc/i686-w64-mingw32/13.2.0/../../../../i686-w64-mingw32/lib/../lib/libkernel32.a(libkernel32s00274.o)
 .data          0x000075fc        0x0 C:/Program Files/Common Files/dSPACE/GCC/13.2/i686/bin/../lib/gcc/i686-w64-mingw32/13.2.0/../../../../i686-w64-mingw32/lib/../lib/libkernel32.a(libkernel32h.o)
 .data          0x000075fc        0x0 C:/Program Files/Common Files/dSPACE/GCC/13.2/i686/bin/../lib/gcc/i686-w64-mingw32/13.2.0/../../../../i686-w64-mingw32/lib/../lib/libkernel32.a(libkernel32t.o)
 .data          0x000075fc        0x0 C:/Program Files/Common Files/dSPACE/GCC/13.2/i686/bin/../lib/gcc/i686-w64-mingw32/13.2.0/crtend.o
 *(.data2)
 *(SORT_BY_NAME(.data$*))
 *(.jcr)
                0x000075fc                __data_end__ = .
 *(.data_cygwin_nocopy)

VEOS_CAL        0x00008000      0x200
 VEOS_CAL       0x00008000        0x4 .\BinaryArtifacts\followerAppl\HostPC32_GCC\VEOS_BusApi.o
                0x00008000                g_VEOS_DisconnectBuses
 VEOS_CAL       0x00008004        0x4 .\BinaryArtifacts\followerAppl\HostPC32_GCC\VEOS_SimApi.o
                0x00008004                g_VEOS_DisconnectCompletely
 VEOS_CAL       0x00008008        0x4 .\BinaryArtifacts\followerAppl\HostPC32_GCC\VEOS_PortApi.o
                0x00008008                g_VEOS_DisconnectPorts

.rdata          0x00009000     0x2400
 *(.rdata)
 .rdata         0x00009000       0x44 C:/Program Files/Common Files/dSPACE/GCC/13.2/i686/bin/../lib/gcc/i686-w64-mingw32/13.2.0/crtbegin.o
 *fill*         0x00009044       0x1c 
 .rdata         0x00009060       0x80 .\BinaryArtifacts\followerAppl\HostPC32_GCC\SmartServices.o
                0x00009060                g_SmartServices_Api
 .rdata         0x000090e0       0x60 .\BinaryArtifacts\followerAppl\HostPC32_GCC\SicAppFrm_Task_generated.o
 .rdata         0x00009140       0xa0 .\BinaryArtifacts\followerAppl\HostPC32_GCC\SicAppFrm_AccPt_generated.o
 .rdata         0x000091e0      0x230 .\BinaryArtifacts\followerAppl\HostPC32_GCC\SicAppFrm.o
                0x00009400                g_SicAppFrm_TaskTurnaroundTime
                0x00009408                g_SicAppFrm_TaskOverrunCounter
 *fill*         0x00009410       0x10 
 .rdata         0x00009420      0x1c0 .\BinaryArtifacts\followerAppl\HostPC32_GCC\VEOS_SimApi.o
 .rdata         0x000095e0       0x44 .\BinaryArtifacts\followerAppl\HostPC32_GCC\VEOS_MsgApi.o
 *fill*         0x00009624       0x1c 
 .rdata         0x00009640      0x1e0 .\BinaryArtifacts\followerAppl\HostPC32_GCC\VEOS_Interaction.o
                0x00009640                g_VEOS_Interaction
                0x00009680                ga_VEOS_Version
                0x000096a0                g_VEOS_PortApi
                0x000097c8                g_VEOS_MsgApi
                0x000097e0                g_VEOS_SimApi
 .rdata         0x00009820      0xc3c .\BinaryArtifacts\followerAppl\HostPC32_GCC\VEOS.o
 .rdata         0x0000a45c      0x344 .\BinaryArtifacts\followerAppl\HostPC32_GCC\VEOS_Impl.o
 .rdata         0x0000a7a0       0x84 C:/Users/DSPACE~1/AppData/Local/Temp/VEOS_S~1/BinaryArtifacts/followerAppl/HostPC32_GCC/VEOS_followerAppl.lib(followerAppl_dsrtmdlfcn.obj)
 *fill*         0x0000a824        0xc 
 .rdata         0x0000a830       0x60 C:/Users/DSPACE~1/AppData/Local/Temp/VEOS_S~1/BinaryArtifacts/followerAppl/HostPC32_GCC/VEOS_followerAppl.lib(followerAppl.obj)
                0x0000a838                followerAppl_M
 .rdata         0x0000a890       0x20 C:/Users/DSPACE~1/AppData/Local/Temp/VEOS_S~1/BinaryArtifacts/followerAppl/HostPC32_GCC/VEOS_followerAppl.lib(rtGetInf.obj)
 .rdata         0x0000a8b0       0x10 C:/Users/DSPACE~1/AppData/Local/Temp/VEOS_S~1/BinaryArtifacts/followerAppl/HostPC32_GCC/VEOS_followerAppl.lib(rtGetNaN.obj)
 .rdata         0x0000a8c0       0x1c C:/Program Files/Common Files/dSPACE/GCC/13.2/i686/bin/../lib/gcc/i686-w64-mingw32/13.2.0/../../../../i686-w64-mingw32/lib/../lib/libmingw32.a(lib32_libmingw32_a-tlssup.o)
                0x0000a8c0                __dyn_tls_init_callback
                0x0000a8c4                _tls_used
 .rdata         0x0000a8dc      0x14c C:/Program Files/Common Files/dSPACE/GCC/13.2/i686/bin/../lib/gcc/i686-w64-mingw32/13.2.0/../../../../i686-w64-mingw32/lib/../lib/libmingw32.a(lib32_libmingw32_a-pseudo-reloc.o)
 .rdata         0x0000aa28       0x14 C:/Program Files/Common Files/dSPACE/GCC/13.2/i686/bin/../lib/gcc/i686-w64-mingw32/13.2.0/../../../../i686-w64-mingw32/lib/../lib/libmsvcrt.a(lib32_libucrt_extra_a-ucrtbase_compat.o)
 *(SORT_BY_NAME(.rdata$*))
 .rdata$zzz     0x0000aa3c       0x44 .\BinaryArtifacts\followerAppl\HostPC32_GCC\SmartServices_Cfg_generated.o
 .rdata$zzz     0x0000aa80       0x44 .\BinaryArtifacts\followerAppl\HostPC32_GCC\SmartServices.o
 .rdata$zzz     0x0000aac4       0x44 .\BinaryArtifacts\followerAppl\HostPC32_GCC\SicAppFrm_FunMod_generated.o
 .rdata$zzz     0x0000ab08       0x44 .\BinaryArtifacts\followerAppl\HostPC32_GCC\SicAppFrm_Task_generated.o
 .rdata$zzz     0x0000ab4c       0x44 .\BinaryArtifacts\followerAppl\HostPC32_GCC\SicAppFrm_AccPt_generated.o
 .rdata$zzz     0x0000ab90       0x44 .\BinaryArtifacts\followerAppl\HostPC32_GCC\SicAppFrm.o
 .rdata$zzz     0x0000abd4       0x44 .\BinaryArtifacts\followerAppl\HostPC32_GCC\SicAppFrm_Queue.o
 .rdata$zzz     0x0000ac18       0x44 .\BinaryArtifacts\followerAppl\HostPC32_GCC\VEOS_Api.o
 .rdata$zzz     0x0000ac5c       0x44 .\BinaryArtifacts\followerAppl\HostPC32_GCC\VEOS_BusApi.o
 .rdata$zzz     0x0000aca0       0x44 .\BinaryArtifacts\followerAppl\HostPC32_GCC\VEOS_ExpApi.o
 .rdata$zzz     0x0000ace4       0x44 .\BinaryArtifacts\followerAppl\HostPC32_GCC\VEOS_SimApi.o
 .rdata$zzz     0x0000ad28       0x44 .\BinaryArtifacts\followerAppl\HostPC32_GCC\VEOS_NotiApi.o
 .rdata$zzz     0x0000ad6c       0x44 .\BinaryArtifacts\followerAppl\HostPC32_GCC\VEOS_MsgApi.o
 .rdata$zzz     0x0000adb0       0x44 .\BinaryArtifacts\followerAppl\HostPC32_GCC\VEOS_PortApi.o
 .rdata$zzz     0x0000adf4       0x44 .\BinaryArtifacts\followerAppl\HostPC32_GCC\VEOS_OsTskApi.o
 .rdata$zzz     0x0000ae38       0x44 .\BinaryArtifacts\followerAppl\HostPC32_GCC\VEOS_Interaction.o
 .rdata$zzz     0x0000ae7c       0x44 .\BinaryArtifacts\followerAppl\HostPC32_GCC\VEOS.o
 .rdata$zzz     0x0000aec0       0x44 .\BinaryArtifacts\followerAppl\HostPC32_GCC\VEOS_Impl.o
 .rdata$zzz     0x0000af04       0x44 .\BinaryArtifacts\followerAppl\HostPC32_GCC\DsMsgApi.o
 .rdata$zzz     0x0000af48       0x44 C:/Users/DSPACE~1/AppData/Local/Temp/VEOS_S~1/BinaryArtifacts/followerAppl/HostPC32_GCC/VEOS_followerAppl.lib(followerAppl_dsrtmdlfcn.obj)
 .rdata$zzz     0x0000af8c       0x44 C:/Users/DSPACE~1/AppData/Local/Temp/VEOS_S~1/BinaryArtifacts/followerAppl/HostPC32_GCC/VEOS_followerAppl.lib(followerAppl_dsrttf.obj)
 .rdata$zzz     0x0000afd0       0x44 C:/Users/DSPACE~1/AppData/Local/Temp/VEOS_S~1/BinaryArtifacts/followerAppl/HostPC32_GCC/VEOS_followerAppl.lib(followerAppl.obj)
 .rdata$zzz     0x0000b014       0x44 C:/Users/DSPACE~1/AppData/Local/Temp/VEOS_S~1/BinaryArtifacts/followerAppl/HostPC32_GCC/VEOS_followerAppl.lib(followerAppl_data.obj)
 .rdata$zzz     0x0000b058       0x44 C:/Users/DSPACE~1/AppData/Local/Temp/VEOS_S~1/BinaryArtifacts/followerAppl/HostPC32_GCC/VEOS_followerAppl.lib(followerAppl_dsrtvdf.obj)
 .rdata$zzz     0x0000b09c       0x44 C:/Users/DSPACE~1/AppData/Local/Temp/VEOS_S~1/BinaryArtifacts/followerAppl/HostPC32_GCC/VEOS_followerAppl.lib(rt_nonfinite.obj)
 .rdata$zzz     0x0000b0e0       0x44 C:/Users/DSPACE~1/AppData/Local/Temp/VEOS_S~1/BinaryArtifacts/followerAppl/HostPC32_GCC/VEOS_followerAppl.lib(rtGetInf.obj)
 .rdata$zzz     0x0000b124       0x44 C:/Users/DSPACE~1/AppData/Local/Temp/VEOS_S~1/BinaryArtifacts/followerAppl/HostPC32_GCC/VEOS_followerAppl.lib(rtGetNaN.obj)
 .rdata$zzz     0x0000b168       0x44 C:/Users/DSPACE~1/AppData/Local/Temp/VEOS_S~1/GeneratedCode/LibraryFiles/ModelInit/ModelInit_HostPC32_GCC_Debug.lib(ModelInit.obj)
 .rdata$zzz     0x0000b1ac       0x44 C:/Users/DSPACE~1/AppData/Local/Temp/VEOS_S~1/GeneratedCode/LibraryFiles/ModelInit/ModelInit_HostPC32_GCC_Debug.lib(VEOS_FrmRef.obj)
 .rdata$zzz     0x0000b1f0       0x44 C:/Users/DSPACE~1/AppData/Local/Temp/VEOS_S~1/GeneratedCode/LibraryFiles/ModelInit/NoEcuIoCore_HostPC32_GCC_Debug.lib(NoEcuInit.obj)
 .rdata$zzz     0x0000b234       0x44 C:/Users/DSPACE~1/AppData/Local/Temp/VEOS_S~1/GeneratedCode/LibraryFiles/ModelInit/NoCanIoCore_HostPC32_GCC_Debug.lib(NoCanInit.obj)
 .rdata$zzz     0x0000b278       0x44 C:/Users/DSPACE~1/AppData/Local/Temp/VEOS_S~1/GeneratedCode/LibraryFiles/ModelInit/NoLinIoCore_HostPC32_GCC_Debug.lib(NoLinInit.obj)
 .rdata$zzz     0x0000b2bc       0x44 C:/Users/DSPACE~1/AppData/Local/Temp/VEOS_S~1/GeneratedCode/LibraryFiles/ModelInit/NoEthIoCore_HostPC32_GCC_Debug.lib(NoEthInit.obj)
                0x0000b300                . = ALIGN (0x4)
                0x0000b300                __rt_psrelocs_start = .
 *(.rdata_runtime_pseudo_reloc)
                0x0000b300                __rt_psrelocs_end = .
                0x00000000                __rt_psrelocs_size = (__rt_psrelocs_end - __rt_psrelocs_start)
                0x0000b300                ___RUNTIME_PSEUDO_RELOC_LIST_END__ = .
                0x0000b300                __RUNTIME_PSEUDO_RELOC_LIST_END__ = .
                0x0000b300                ___RUNTIME_PSEUDO_RELOC_LIST__ = (. - __rt_psrelocs_size)
                0x0000b300                __RUNTIME_PSEUDO_RELOC_LIST__ = (. - __rt_psrelocs_size)

.eh_frame       0x0000c000     0x1e00
 *(.eh_frame*)
 .eh_frame      0x0000c000      0x124 C:/Program Files/Common Files/dSPACE/GCC/13.2/i686/bin/../lib/gcc/i686-w64-mingw32/13.2.0/../../../../i686-w64-mingw32/lib/../lib/dllcrt2.o
 .eh_frame      0x0000c124       0x68 C:/Program Files/Common Files/dSPACE/GCC/13.2/i686/bin/../lib/gcc/i686-w64-mingw32/13.2.0/crtbegin.o
 .eh_frame      0x0000c18c       0x2c .\BinaryArtifacts\followerAppl\HostPC32_GCC\SmartServices.o
 .eh_frame      0x0000c1b8       0x80 .\BinaryArtifacts\followerAppl\HostPC32_GCC\SicAppFrm_FunMod_generated.o
 .eh_frame      0x0000c238       0x74 .\BinaryArtifacts\followerAppl\HostPC32_GCC\SicAppFrm_Task_generated.o
 .eh_frame      0x0000c2ac       0xc8 .\BinaryArtifacts\followerAppl\HostPC32_GCC\SicAppFrm_AccPt_generated.o
 .eh_frame      0x0000c374      0x1d8 .\BinaryArtifacts\followerAppl\HostPC32_GCC\SicAppFrm.o
 .eh_frame      0x0000c54c      0x19c .\BinaryArtifacts\followerAppl\HostPC32_GCC\SicAppFrm_Queue.o
 .eh_frame      0x0000c6e8       0x70 .\BinaryArtifacts\followerAppl\HostPC32_GCC\VEOS_Api.o
 .eh_frame      0x0000c758       0x2c .\BinaryArtifacts\followerAppl\HostPC32_GCC\VEOS_BusApi.o
 .eh_frame      0x0000c784      0x1b0 .\BinaryArtifacts\followerAppl\HostPC32_GCC\VEOS_ExpApi.o
 .eh_frame      0x0000c934      0x284 .\BinaryArtifacts\followerAppl\HostPC32_GCC\VEOS_SimApi.o
 .eh_frame      0x0000cbb8       0x2c .\BinaryArtifacts\followerAppl\HostPC32_GCC\VEOS_NotiApi.o
 .eh_frame      0x0000cbe4       0x94 .\BinaryArtifacts\followerAppl\HostPC32_GCC\VEOS_MsgApi.o
 .eh_frame      0x0000cc78       0x2c .\BinaryArtifacts\followerAppl\HostPC32_GCC\VEOS_PortApi.o
 .eh_frame      0x0000cca4       0x2c .\BinaryArtifacts\followerAppl\HostPC32_GCC\VEOS_OsTskApi.o
 .eh_frame      0x0000ccd0       0x3c .\BinaryArtifacts\followerAppl\HostPC32_GCC\VEOS.o
 .eh_frame      0x0000cd0c      0x224 .\BinaryArtifacts\followerAppl\HostPC32_GCC\VEOS_Impl.o
 .eh_frame      0x0000cf30       0xb0 .\BinaryArtifacts\followerAppl\HostPC32_GCC\DsMsgApi.o
 .eh_frame      0x0000cfe0       0xcc C:/Users/DSPACE~1/AppData/Local/Temp/VEOS_S~1/BinaryArtifacts/followerAppl/HostPC32_GCC/VEOS_followerAppl.lib(followerAppl_dsrtmdlfcn.obj)
 .eh_frame      0x0000d0ac       0x58 C:/Users/DSPACE~1/AppData/Local/Temp/VEOS_S~1/BinaryArtifacts/followerAppl/HostPC32_GCC/VEOS_followerAppl.lib(followerAppl_dsrttf.obj)
 .eh_frame      0x0000d104      0x1ec C:/Users/DSPACE~1/AppData/Local/Temp/VEOS_S~1/BinaryArtifacts/followerAppl/HostPC32_GCC/VEOS_followerAppl.lib(followerAppl.obj)
 .eh_frame      0x0000d2f0       0x58 C:/Users/DSPACE~1/AppData/Local/Temp/VEOS_S~1/BinaryArtifacts/followerAppl/HostPC32_GCC/VEOS_followerAppl.lib(followerAppl_dsrtvdf.obj)
 .eh_frame      0x0000d348       0xc8 C:/Users/DSPACE~1/AppData/Local/Temp/VEOS_S~1/BinaryArtifacts/followerAppl/HostPC32_GCC/VEOS_followerAppl.lib(rt_nonfinite.obj)
 .eh_frame      0x0000d410       0x68 C:/Users/DSPACE~1/AppData/Local/Temp/VEOS_S~1/BinaryArtifacts/followerAppl/HostPC32_GCC/VEOS_followerAppl.lib(rtGetInf.obj)
 .eh_frame      0x0000d478       0x40 C:/Users/DSPACE~1/AppData/Local/Temp/VEOS_S~1/BinaryArtifacts/followerAppl/HostPC32_GCC/VEOS_followerAppl.lib(rtGetNaN.obj)
 .eh_frame      0x0000d4b8       0x44 C:/Users/DSPACE~1/AppData/Local/Temp/VEOS_S~1/GeneratedCode/LibraryFiles/ModelInit/ModelInit_HostPC32_GCC_Debug.lib(ModelInit.obj)
 .eh_frame      0x0000d4fc       0x8c C:/Users/DSPACE~1/AppData/Local/Temp/VEOS_S~1/GeneratedCode/LibraryFiles/ModelInit/NoEcuIoCore_HostPC32_GCC_Debug.lib(NoEcuInit.obj)
 .eh_frame      0x0000d588       0x8c C:/Users/DSPACE~1/AppData/Local/Temp/VEOS_S~1/GeneratedCode/LibraryFiles/ModelInit/NoCanIoCore_HostPC32_GCC_Debug.lib(NoCanInit.obj)
 .eh_frame      0x0000d614       0x8c C:/Users/DSPACE~1/AppData/Local/Temp/VEOS_S~1/GeneratedCode/LibraryFiles/ModelInit/NoLinIoCore_HostPC32_GCC_Debug.lib(NoLinInit.obj)
 .eh_frame      0x0000d6a0       0x8c C:/Users/DSPACE~1/AppData/Local/Temp/VEOS_S~1/GeneratedCode/LibraryFiles/ModelInit/NoEthIoCore_HostPC32_GCC_Debug.lib(NoEthInit.obj)
 .eh_frame      0x0000d72c       0x68 C:/Program Files/Common Files/dSPACE/GCC/13.2/i686/bin/../lib/gcc/i686-w64-mingw32/13.2.0/../../../../i686-w64-mingw32/lib/../lib/libmingw32.a(lib32_libmingw32_a-gccmain.o)
 .eh_frame      0x0000d794       0x94 C:/Program Files/Common Files/dSPACE/GCC/13.2/i686/bin/../lib/gcc/i686-w64-mingw32/13.2.0/../../../../i686-w64-mingw32/lib/../lib/libmingw32.a(lib32_libmingw32_a-tlssup.o)
 .eh_frame      0x0000d828       0xb8 C:/Program Files/Common Files/dSPACE/GCC/13.2/i686/bin/../lib/gcc/i686-w64-mingw32/13.2.0/../../../../i686-w64-mingw32/lib/../lib/libmingw32.a(lib32_libmingw32_a-pseudo-reloc.o)
 .eh_frame      0x0000d8e0      0x110 C:/Program Files/Common Files/dSPACE/GCC/13.2/i686/bin/../lib/gcc/i686-w64-mingw32/13.2.0/../../../../i686-w64-mingw32/lib/../lib/libmingw32.a(lib32_libmingw32_a-tlsthrd.o)
 .eh_frame      0x0000d9f0      0x190 C:/Program Files/Common Files/dSPACE/GCC/13.2/i686/bin/../lib/gcc/i686-w64-mingw32/13.2.0/../../../../i686-w64-mingw32/lib/../lib/libmingw32.a(lib32_libmingw32_a-pesect.o)
 .eh_frame      0x0000db80       0x2c C:/Program Files/Common Files/dSPACE/GCC/13.2/i686/bin/../lib/gcc/i686-w64-mingw32/13.2.0/../../../../i686-w64-mingw32/lib/../lib/libmingw32.a(lib32_libmingw32_a-CRT_fp10.o)
 .eh_frame      0x0000dbac       0x2c C:/Program Files/Common Files/dSPACE/GCC/13.2/i686/bin/../lib/gcc/i686-w64-mingw32/13.2.0/../../../../i686-w64-mingw32/lib/../lib/libmingwex.a(lib32_libmingwex_a-dllentry.o)
 .eh_frame      0x0000dbd8       0x2c C:/Program Files/Common Files/dSPACE/GCC/13.2/i686/bin/../lib/gcc/i686-w64-mingw32/13.2.0/../../../../i686-w64-mingw32/lib/../lib/libmingwex.a(lib32_libmingwex_a-dllmain.o)
 .eh_frame      0x0000dc04       0x2c C:/Program Files/Common Files/dSPACE/GCC/13.2/i686/bin/../lib/gcc/i686-w64-mingw32/13.2.0/../../../../i686-w64-mingw32/lib/../lib/libmingwex.a(lib32_libmingwex_a-fmod.o)
 .eh_frame      0x0000dc30       0x30 C:/Program Files/Common Files/dSPACE/GCC/13.2/i686/bin/../lib/gcc/i686-w64-mingw32/13.2.0/../../../../i686-w64-mingw32/lib/../lib/libmsvcrt.a(lib32_libucrt_extra_a-ucrt_vfprintf.o)
 .eh_frame      0x0000dc60      0x104 C:/Program Files/Common Files/dSPACE/GCC/13.2/i686/bin/../lib/gcc/i686-w64-mingw32/13.2.0/../../../../i686-w64-mingw32/lib/../lib/libmsvcrt.a(lib32_libucrt_extra_a-ucrtbase_compat.o)
 .eh_frame      0x0000dd64       0x30 C:/Program Files/Common Files/dSPACE/GCC/13.2/i686/bin/../lib/gcc/i686-w64-mingw32/13.2.0/../../../../i686-w64-mingw32/lib/../lib/libmsvcrt.a(lib32_libucrt_extra_a-ucrt_fprintf.o)
 .eh_frame      0x0000dd94       0x30 C:/Program Files/Common Files/dSPACE/GCC/13.2/i686/bin/../lib/gcc/i686-w64-mingw32/13.2.0/crtend.o

.pdata
 *(.pdata*)

.bss            0x0000e000      0x714
                0x0000e000                __bss_start__ = .
 *(.bss)
 .bss           0x0000e000       0x10 C:/Program Files/Common Files/dSPACE/GCC/13.2/i686/bin/../lib/gcc/i686-w64-mingw32/13.2.0/../../../../i686-w64-mingw32/lib/../lib/dllcrt2.o
 .bss           0x0000e010       0x1c C:/Program Files/Common Files/dSPACE/GCC/13.2/i686/bin/../lib/gcc/i686-w64-mingw32/13.2.0/crtbegin.o
                0x0000e010                hmod_libgcc
 .bss           0x0000e02c       0x14 .\BinaryArtifacts\followerAppl\HostPC32_GCC\SmartServices_Cfg_generated.o
                0x0000e02c                XilApiEesPortTrigger
                0x0000e030                XilApiEesPortFlags
                0x0000e034                XilApiEesPortErrorSwitchingValue
                0x0000e038                XilApiEesPortErrorActivatedValue
                0x0000e03c                XilApiEesPortActiveErrorSetValue
 .bss           0x0000e040       0x1c .\BinaryArtifacts\followerAppl\HostPC32_GCC\SmartServices.o
                0x0000e040                gp_SmartServices_DsModelAccessWrite
                0x0000e044                gp_SmartServices_DsModelAccessRead
                0x0000e048                gp_SmartServices_DsModelAccessInit
                0x0000e04c                gp_SmartServices_DsRtt_SetAsync
                0x0000e050                gp_SmartServices_DsRtt_ScriptServicePreComputation
                0x0000e054                gp_SmartServices_DsRtt_ScriptServicePostComputation
                0x0000e058                gp_SmartServices_DsDaq_Service
 .bss           0x0000e05c        0x0 .\BinaryArtifacts\followerAppl\HostPC32_GCC\SicAppFrm_FunMod_generated.o
 .bss           0x0000e05c        0x4 .\BinaryArtifacts\followerAppl\HostPC32_GCC\SicAppFrm_Task_generated.o
                0x0000e05c                g_SicAppFrm_NumberOfInvocations_Virtual_Task_0
 .bss           0x0000e060        0x0 .\BinaryArtifacts\followerAppl\HostPC32_GCC\SicAppFrm_AccPt_generated.o
 .bss           0x0000e060       0x2c .\BinaryArtifacts\followerAppl\HostPC32_GCC\SicAppFrm.o
                0x0000e060                gp_SicAppFrm_ScheduledTasks
                0x0000e064                ga_SicAppFrm_TaskOverruns
                0x0000e068                ga_SicAppFrm_TaskScheduleItems
                0x0000e070                ga_SicAppFrm_ScheduledTasks
                0x0000e07c                g_SicAppFrm_Kernel
 .bss           0x0000e08c        0x0 .\BinaryArtifacts\followerAppl\HostPC32_GCC\SicAppFrm_Queue.o
 .bss           0x0000e08c        0x0 .\BinaryArtifacts\followerAppl\HostPC32_GCC\VEOS_Api.o
 .bss           0x0000e08c        0x0 .\BinaryArtifacts\followerAppl\HostPC32_GCC\VEOS_BusApi.o
 .bss           0x0000e08c        0x4 .\BinaryArtifacts\followerAppl\HostPC32_GCC\VEOS_ExpApi.o
                0x0000e08c                gp_VEOS_ExpApi_Instance
 .bss           0x0000e090       0x30 .\BinaryArtifacts\followerAppl\HostPC32_GCC\VEOS_SimApi.o
                0x0000e090                gp_VEOS_SimApi_Instance
                0x0000e098                g_VEOS_SimApi_RealTimeDeviation
                0x0000e0a0                g_VEOS_CurrentSimulationCounter_1ns
                0x0000e0a8                g_VEOS_CurrentSimulationTime
                0x0000e0b0                g_VEOS_SimApi_CurrentEventStatus
                0x0000e0b2                g_VEOS_SimApi_SignalErrorOn
                0x0000e0b4                gp_VEOS_TargetAddressBase
                0x0000e0b8                g_VEOS_ApplicationId
 .bss           0x0000e0c0        0x4 .\BinaryArtifacts\followerAppl\HostPC32_GCC\VEOS_NotiApi.o
                0x0000e0c0                gp_VEOS_NotiApi_Instance
 .bss           0x0000e0c4        0x4 .\BinaryArtifacts\followerAppl\HostPC32_GCC\VEOS_MsgApi.o
                0x0000e0c4                gp_VEOS_MsgApi_Instance
 .bss           0x0000e0c8        0x0 .\BinaryArtifacts\followerAppl\HostPC32_GCC\VEOS_PortApi.o
 .bss           0x0000e0c8        0x4 .\BinaryArtifacts\followerAppl\HostPC32_GCC\VEOS_OsTskApi.o
                0x0000e0c8                gp_VEOS_OsTskApi_Instance
 .bss           0x0000e0cc        0x0 .\BinaryArtifacts\followerAppl\HostPC32_GCC\VEOS_Interaction.o
 .bss           0x0000e0cc        0x0 .\BinaryArtifacts\followerAppl\HostPC32_GCC\VEOS.o
 .bss           0x0000e0cc        0x0 .\BinaryArtifacts\followerAppl\HostPC32_GCC\VEOS_Impl.o
 .bss           0x0000e0cc        0x0 .\BinaryArtifacts\followerAppl\HostPC32_GCC\DsMsgApi.o
 .bss           0x0000e0cc        0x4 C:/Users/DSPACE~1/AppData/Local/Temp/VEOS_S~1/BinaryArtifacts/followerAppl/HostPC32_GCC/VEOS_followerAppl.lib(followerAppl_dsrtmdlfcn.obj)
                0x0000e0cc                DSRTStopSimulation
 .bss           0x0000e0d0        0x0 C:/Users/DSPACE~1/AppData/Local/Temp/VEOS_S~1/BinaryArtifacts/followerAppl/HostPC32_GCC/VEOS_followerAppl.lib(followerAppl_dsrttf.obj)
 *fill*         0x0000e0d0       0x10 
 .bss           0x0000e0e0      0x320 C:/Users/DSPACE~1/AppData/Local/Temp/VEOS_S~1/BinaryArtifacts/followerAppl/HostPC32_GCC/VEOS_followerAppl.lib(followerAppl.obj)
                0x0000e0e0                followerAppl_U
                0x0000e0f0                followerAppl_PrevZCX
                0x0000e100                followerAppl_DW
                0x0000e120                followerAppl_X
                0x0000e140                followerAppl_B
 .bss           0x0000e400        0x0 C:/Users/DSPACE~1/AppData/Local/Temp/VEOS_S~1/BinaryArtifacts/followerAppl/HostPC32_GCC/VEOS_followerAppl.lib(followerAppl_data.obj)
 .bss           0x0000e400       0x50 C:/Users/DSPACE~1/AppData/Local/Temp/VEOS_S~1/BinaryArtifacts/followerAppl/HostPC32_GCC/VEOS_followerAppl.lib(followerAppl_dsrtvdf.obj)
                0x0000e400                p_0_followerAppl_real_T_0
                0x0000e404                p_0_followerAppl_int32_T_1
                0x0000e408                p_0_followerAppl_boolean_T_2
                0x0000e40c                p_0_followerAppl_real_T_3
                0x0000e410                p_0_followerAppl_real_T_4
                0x0000e414                p_0_followerAppl_real_T_5
                0x0000e418                p_0_followerAppl_real_T_6
                0x0000e41c                p_1_followerAppl_real_T_0
                0x0000e420                p_2_followerAppl_real_T_0
                0x0000e424                p_2_followerAppl_boolean_T_1
                0x0000e428                p_2_followerAppl_real_T_2
                0x0000e42c                p_2_followerAppl_real_T_3
                0x0000e430                p_2_followerAppl_real_T_4
                0x0000e434                p_2_followerAppl_real_T_5
                0x0000e438                p_3_followerAppl_real_T_0
                0x0000e43c                p_3_followerAppl_uint32_T_1
                0x0000e440                p_3_followerAppl_boolean_T_2
                0x0000e444                p_3_followerAppl_boolean_T_3
                0x0000e448                p_3_followerAppl_boolean_T_4
                0x0000e44c                p_4_followerAppl_real_T_0
 .bss           0x0000e450       0x28 C:/Users/DSPACE~1/AppData/Local/Temp/VEOS_S~1/BinaryArtifacts/followerAppl/HostPC32_GCC/VEOS_followerAppl.lib(rt_nonfinite.obj)
                0x0000e450                rtNaNF
                0x0000e454                rtMinusInfF
                0x0000e458                rtInfF
                0x0000e460                rtNaN
                0x0000e468                rtMinusInf
                0x0000e470                rtInf
 .bss           0x0000e478        0x0 C:/Users/DSPACE~1/AppData/Local/Temp/VEOS_S~1/BinaryArtifacts/followerAppl/HostPC32_GCC/VEOS_followerAppl.lib(rtGetInf.obj)
 .bss           0x0000e478        0x0 C:/Users/DSPACE~1/AppData/Local/Temp/VEOS_S~1/BinaryArtifacts/followerAppl/HostPC32_GCC/VEOS_followerAppl.lib(rtGetNaN.obj)
 .bss           0x0000e478        0x0 C:/Users/DSPACE~1/AppData/Local/Temp/VEOS_S~1/GeneratedCode/LibraryFiles/ModelInit/ModelInit_HostPC32_GCC_Debug.lib(ModelInit.obj)
 .bss           0x0000e478      0x1dc C:/Users/DSPACE~1/AppData/Local/Temp/VEOS_S~1/GeneratedCode/LibraryFiles/ModelInit/ModelInit_HostPC32_GCC_Debug.lib(VEOS_FrmRef.obj)
                0x0000e478                gp_VEOS_OsTskApi_GetCurrentThreadId
                0x0000e47c                gp_VEOS_OsTskApi_SwitchToThread
                0x0000e480                gp_VEOS_OsTskApi_DeleteThread
                0x0000e484                gp_VEOS_OsTskApi_CreateThread
                0x0000e488                gp_VEOS_PortApi_WriteVarSizePortBinary
                0x0000e48c                gp_VEOS_PortApi_WriteVarSizePortFloat64
                0x0000e490                gp_VEOS_PortApi_WriteVarSizePortFloat32
                0x0000e494                gp_VEOS_PortApi_WriteVarSizePortBoolean
                0x0000e498                gp_VEOS_PortApi_WriteVarSizePortSInt64
                0x0000e49c                gp_VEOS_PortApi_WriteVarSizePortUInt64
                0x0000e4a0                gp_VEOS_PortApi_WriteVarSizePortSInt32
                0x0000e4a4                gp_VEOS_PortApi_WriteVarSizePortUInt32
                0x0000e4a8                gp_VEOS_PortApi_WriteVarSizePortSInt16
                0x0000e4ac                gp_VEOS_PortApi_WriteVarSizePortUInt16
                0x0000e4b0                gp_VEOS_PortApi_WriteVarSizePortSInt8
                0x0000e4b4                gp_VEOS_PortApi_WriteVarSizePortUInt8
                0x0000e4b8                gp_VEOS_PortApi_WriteVectorPortFloat64
                0x0000e4bc                gp_VEOS_PortApi_WriteVectorPortFloat32
                0x0000e4c0                gp_VEOS_PortApi_WriteVectorPortBoolean
                0x0000e4c4                gp_VEOS_PortApi_WriteVectorPortSInt64
                0x0000e4c8                gp_VEOS_PortApi_WriteVectorPortUInt64
                0x0000e4cc                gp_VEOS_PortApi_WriteVectorPortSInt32
                0x0000e4d0                gp_VEOS_PortApi_WriteVectorPortUInt32
                0x0000e4d4                gp_VEOS_PortApi_WriteVectorPortSInt16
                0x0000e4d8                gp_VEOS_PortApi_WriteVectorPortUInt16
                0x0000e4dc                gp_VEOS_PortApi_WriteVectorPortSInt8
                0x0000e4e0                gp_VEOS_PortApi_WriteVectorPortUInt8
                0x0000e4e4                gp_VEOS_PortApi_WriteScalarPortFloat64
                0x0000e4e8                gp_VEOS_PortApi_WriteScalarPortFloat32
                0x0000e4ec                gp_VEOS_PortApi_WriteScalarPortBoolean
                0x0000e4f0                gp_VEOS_PortApi_WriteScalarPortSInt64
                0x0000e4f4                gp_VEOS_PortApi_WriteScalarPortUInt64
                0x0000e4f8                gp_VEOS_PortApi_WriteScalarPortSInt32
                0x0000e4fc                gp_VEOS_PortApi_WriteScalarPortUInt32
                0x0000e500                gp_VEOS_PortApi_WriteScalarPortSInt16
                0x0000e504                gp_VEOS_PortApi_WriteScalarPortUInt16
                0x0000e508                gp_VEOS_PortApi_WriteScalarPortSInt8
                0x0000e50c                gp_VEOS_PortApi_WriteScalarPortUInt8
                0x0000e510                gp_VEOS_PortApi_GetInPortBuffer
                0x0000e514                gp_VEOS_PortApi_ReadVarSizePortBinary
                0x0000e518                gp_VEOS_PortApi_ReadVarSizePortFloat64
                0x0000e51c                gp_VEOS_PortApi_ReadVarSizePortFloat32
                0x0000e520                gp_VEOS_PortApi_ReadVarSizePortBoolean
                0x0000e524                gp_VEOS_PortApi_ReadVarSizePortSInt64
                0x0000e528                gp_VEOS_PortApi_ReadVarSizePortUInt64
                0x0000e52c                gp_VEOS_PortApi_ReadVarSizePortSInt32
                0x0000e530                gp_VEOS_PortApi_ReadVarSizePortUInt32
                0x0000e534                gp_VEOS_PortApi_ReadVarSizePortSInt16
                0x0000e538                gp_VEOS_PortApi_ReadVarSizePortUInt16
                0x0000e53c                gp_VEOS_PortApi_ReadVarSizePortSInt8
                0x0000e540                gp_VEOS_PortApi_ReadVarSizePortUInt8
                0x0000e544                gp_VEOS_PortApi_ReadVectorPortFloat64
                0x0000e548                gp_VEOS_PortApi_ReadVectorPortFloat32
                0x0000e54c                gp_VEOS_PortApi_ReadVectorPortBoolean
                0x0000e550                gp_VEOS_PortApi_ReadVectorPortSInt64
                0x0000e554                gp_VEOS_PortApi_ReadVectorPortUInt64
                0x0000e558                gp_VEOS_PortApi_ReadVectorPortSInt32
                0x0000e55c                gp_VEOS_PortApi_ReadVectorPortUInt32
                0x0000e560                gp_VEOS_PortApi_ReadVectorPortSInt16
                0x0000e564                gp_VEOS_PortApi_ReadVectorPortUInt16
                0x0000e568                gp_VEOS_PortApi_ReadVectorPortSInt8
                0x0000e56c                gp_VEOS_PortApi_ReadVectorPortUInt8
                0x0000e570                gp_VEOS_PortApi_ReadScalarPortFloat64
                0x0000e574                gp_VEOS_PortApi_ReadScalarPortFloat32
                0x0000e578                gp_VEOS_PortApi_ReadScalarPortBoolean
                0x0000e57c                gp_VEOS_PortApi_ReadScalarPortSInt64
                0x0000e580                gp_VEOS_PortApi_ReadScalarPortUInt64
                0x0000e584                gp_VEOS_PortApi_ReadScalarPortSInt32