<*GCC-Win32-Linker-generated-mapfile*>
Archive member included to satisfy reference by file (symbol)

C:/Users/DSPACE~1/AppData/Local/Temp/VEOS_S~1/BinaryArtifacts/followerAppl/HostPCLinux64_GCC/VEOS_followerAppl.a(followerAppl_dsrtmdlfcn.obj)
                              .\BinaryArtifacts\followerAppl\HostPCLinux64_GCC\SicAppFrm.o (followerAppl_DSRTInitMdl)
C:/Users/DSPACE~1/AppData/Local/Temp/VEOS_S~1/BinaryArtifacts/followerAppl/HostPCLinux64_GCC/VEOS_followerAppl.a(followerAppl_dsrttf.obj)
                              .\BinaryArtifacts\followerAppl\HostPCLinux64_GCC\SicAppFrm_Task_generated.o (followerAppl_DSRTMdlOutputs0)
C:/Users/DSPACE~1/AppData/Local/Temp/VEOS_S~1/BinaryArtifacts/followerAppl/HostPCLinux64_GCC/VEOS_followerAppl.a(followerAppl.obj)
                              C:/Users/DSPACE~1/AppData/Local/Temp/VEOS_S~1/BinaryArtifacts/followerAppl/HostPCLinux64_GCC/VEOS_followerAppl.a(followerAppl_dsrttf.obj) (followerAppl_output)
C:/Users/DSPACE~1/AppData/Local/Temp/VEOS_S~1/BinaryArtifacts/followerAppl/HostPCLinux64_GCC/VEOS_followerAppl.a(followerAppl_data.obj)
                              C:/Users/DSPACE~1/AppData/Local/Temp/VEOS_S~1/BinaryArtifacts/followerAppl/HostPCLinux64_GCC/VEOS_followerAppl.a(followerAppl.obj) (followerAppl_P)
C:/Users/DSPACE~1/AppData/Local/Temp/VEOS_S~1/BinaryArtifacts/followerAppl/HostPCLinux64_GCC/VEOS_followerAppl.a(followerAppl_dsrtvdf.obj)
                              C:/Users/DSPACE~1/AppData/Local/Temp/VEOS_S~1/BinaryArtifacts/followerAppl/HostPCLinux64_GCC/VEOS_followerAppl.a(followerAppl.obj) (followerAppl_rti_init_trc_pointers)
C:/Users/DSPACE~1/AppData/Local/Temp/VEOS_S~1/BinaryArtifacts/followerAppl/HostPCLinux64_GCC/VEOS_followerAppl.a(rt_nonfinite.obj)
                              C:/Users/DSPACE~1/AppData/Local/Temp/VEOS_S~1/BinaryArtifacts/followerAppl/HostPCLinux64_GCC/VEOS_followerAppl.a(followerAppl.obj) (rt_InitInfAndNaN)
C:/Users/DSPACE~1/AppData/Local/Temp/VEOS_S~1/BinaryArtifacts/followerAppl/HostPCLinux64_GCC/VEOS_followerAppl.a(rtGetInf.obj)
                              C:/Users/DSPACE~1/AppData/Local/Temp/VEOS_S~1/BinaryArtifacts/followerAppl/HostPCLinux64_GCC/VEOS_followerAppl.a(rt_nonfinite.obj) (rtGetInf)
C:/Users/DSPACE~1/AppData/Local/Temp/VEOS_S~1/BinaryArtifacts/followerAppl/HostPCLinux64_GCC/VEOS_followerAppl.a(rtGetNaN.obj)
                              C:/Users/DSPACE~1/AppData/Local/Temp/VEOS_S~1/BinaryArtifacts/followerAppl/HostPCLinux64_GCC/VEOS_followerAppl.a(rt_nonfinite.obj) (rtGetNaN)
C:/Users/DSPACE~1/AppData/Local/Temp/VEOS_S~1/GeneratedCode/LibraryFiles/ModelInit/ModelInit_HostPCLinux64_GCC_Debug.a(ModelInit.obj)
                              .\BinaryArtifacts\followerAppl\HostPCLinux64_GCC\VEOS_Impl.o (VEOS_MdlInitApiImpl_CheckModel)
C:/Users/DSPACE~1/AppData/Local/Temp/VEOS_S~1/GeneratedCode/LibraryFiles/ModelInit/ModelInit_HostPCLinux64_GCC_Debug.a(VEOS_FrmRef.obj)
                              .\BinaryArtifacts\followerAppl\HostPCLinux64_GCC\SicAppFrm_FunMod_generated.o (gp_VEOS_PortApi_ReadScalarPortFloat64)
C:/Users/DSPACE~1/AppData/Local/Temp/VEOS_S~1/GeneratedCode/LibraryFiles/ModelInit/NoEcuIoCore_HostPCLinux64_GCC_Debug.a(NoEcuInit.obj)
                              C:/Users/DSPACE~1/AppData/Local/Temp/VEOS_S~1/GeneratedCode/LibraryFiles/ModelInit/ModelInit_HostPCLinux64_GCC_Debug.a(ModelInit.obj) (VEOS_ModelInit_EcuCoreInit)
C:/Users/DSPACE~1/AppData/Local/Temp/VEOS_S~1/GeneratedCode/LibraryFiles/ModelInit/NoCanIoCore_HostPCLinux64_GCC_Debug.a(NoCanInit.obj)
                              C:/Users/DSPACE~1/AppData/Local/Temp/VEOS_S~1/GeneratedCode/LibraryFiles/ModelInit/ModelInit_HostPCLinux64_GCC_Debug.a(ModelInit.obj) (VEOS_ModelInit_CanCoreInit)
C:/Users/DSPACE~1/AppData/Local/Temp/VEOS_S~1/GeneratedCode/LibraryFiles/ModelInit/NoLinIoCore_HostPCLinux64_GCC_Debug.a(NoLinInit.obj)
                              C:/Users/DSPACE~1/AppData/Local/Temp/VEOS_S~1/GeneratedCode/LibraryFiles/ModelInit/ModelInit_HostPCLinux64_GCC_Debug.a(ModelInit.obj) (VEOS_ModelInit_LinCoreInit)
C:/Users/DSPACE~1/AppData/Local/Temp/VEOS_S~1/GeneratedCode/LibraryFiles/ModelInit/NoEthIoCore_HostPCLinux64_GCC_Debug.a(NoEthInit.obj)
                              C:/Users/DSPACE~1/AppData/Local/Temp/VEOS_S~1/GeneratedCode/LibraryFiles/ModelInit/ModelInit_HostPCLinux64_GCC_Debug.a(ModelInit.obj) (VEOS_ModelInit_EthCoreInit)

Merging program properties

Removed property 0xc0000002 to merge c:/progra~1/common~1/dspace/gcc/103244~1.3_l/x86_64~1/bin/../lib/gcc/x86_64-linux-gnu/10.3.0/crtbeginS.o (0x3) and c:/progra~1/common~1/dspace/gcc/103244~1.3_l/x86_64~1/bin/../../x86_64-linux-gnu/lib/crti.o (not found)
Removed property 0xc0000002 to merge c:/progra~1/common~1/dspace/gcc/103244~1.3_l/x86_64~1/bin/../lib/gcc/x86_64-linux-gnu/10.3.0/crtbeginS.o (not found) and c:/progra~1/common~1/dspace/gcc/103244~1.3_l/x86_64~1/bin/../lib/gcc/x86_64-linux-gnu/10.3.0/crtendS.o (0x3)

Discarded input sections

[...]
Memory Configuration

Name             Origin             Length             Attributes
*default*        0x0000000000000000 0xffffffffffffffff

Linker script and memory map

LOAD c:/progra~1/common~1/dspace/gcc/103244~1.3_l/x86_64~1/bin/../../x86_64-linux-gnu/lib/crti.o
LOAD c:/progra~1/common~1/dspace/gcc/103244~1.3_l/x86_64~1/bin/../lib/gcc/x86_64-linux-gnu/10.3.0/crtbeginS.o
LOAD c:/progra~1/common~1/dspace/gcc/103244~1.3_l/x86_64~1/bin/../../x86_64-linux-gnu/lib/libdl.so
START GROUP
LOAD .\BinaryArtifacts\followerAppl\HostPCLinux64_GCC\SmartServices_Cfg_generated.o
LOAD .\BinaryArtifacts\followerAppl\HostPCLinux64_GCC\SmartServices.o
LOAD .\BinaryArtifacts\followerAppl\HostPCLinux64_GCC\SicAppFrm_FunMod_generated.o
LOAD .\BinaryArtifacts\followerAppl\HostPCLinux64_GCC\SicAppFrm_Task_generated.o
LOAD .\BinaryArtifacts\followerAppl\HostPCLinux64_GCC\SicAppFrm_AccPt_generated.o
LOAD .\BinaryArtifacts\followerAppl\HostPCLinux64_GCC\SicAppFrm.o
LOAD .\BinaryArtifacts\followerAppl\HostPCLinux64_GCC\SicAppFrm_Queue.o
LOAD .\BinaryArtifacts\followerAppl\HostPCLinux64_GCC\VEOS_Api.o
LOAD .\BinaryArtifacts\followerAppl\HostPCLinux64_GCC\VEOS_BusApi.o
LOAD .\BinaryArtifacts\followerAppl\HostPCLinux64_GCC\VEOS_ExpApi.o
LOAD .\BinaryArtifacts\followerAppl\HostPCLinux64_GCC\VEOS_SimApi.o
LOAD .\BinaryArtifacts\followerAppl\HostPCLinux64_GCC\VEOS_NotiApi.o
LOAD .\BinaryArtifacts\followerAppl\HostPCLinux64_GCC\VEOS_MsgApi.o
LOAD .\BinaryArtifacts\followerAppl\HostPCLinux64_GCC\VEOS_PortApi.o
LOAD .\BinaryArtifacts\followerAppl\HostPCLinux64_GCC\VEOS_OsTskApi.o
LOAD .\BinaryArtifacts\followerAppl\HostPCLinux64_GCC\VEOS_Interaction.o
LOAD .\BinaryArtifacts\followerAppl\HostPCLinux64_GCC\VEOS.o
LOAD .\BinaryArtifacts\followerAppl\HostPCLinux64_GCC\VEOS_Impl.o
LOAD .\BinaryArtifacts\followerAppl\HostPCLinux64_GCC\DsMsgApi.o
LOAD C:/Users/DSPACE~1/AppData/Local/Temp/VEOS_S~1/BinaryArtifacts/followerAppl/HostPCLinux64_GCC/VEOS_followerAppl.a
LOAD C:/Users/DSPACE~1/AppData/Local/Temp/VEOS_S~1/GeneratedCode/LibraryFiles/ModelInit/ModelInit_HostPCLinux64_GCC_Debug.a
LOAD C:/Users/DSPACE~1/AppData/Local/Temp/VEOS_S~1/GeneratedCode/LibraryFiles/ModelInit/NoEcuIoCore_HostPCLinux64_GCC_Debug.a
LOAD C:/Users/DSPACE~1/AppData/Local/Temp/VEOS_S~1/GeneratedCode/LibraryFiles/ModelInit/NoCanIoCore_HostPCLinux64_GCC_Debug.a
LOAD C:/Users/DSPACE~1/AppData/Local/Temp/VEOS_S~1/GeneratedCode/LibraryFiles/ModelInit/NoLinIoCore_HostPCLinux64_GCC_Debug.a
LOAD C:/Users/DSPACE~1/AppData/Local/Temp/VEOS_S~1/GeneratedCode/LibraryFiles/ModelInit/NoEthIoCore_HostPCLinux64_GCC_Debug.a
LOAD C:/Users/DSPACE~1/AppData/Local/Temp/VEOS_S~1/GeneratedCode/LibraryFiles/DsFxp/DSFxp_GCC.a
LOAD C:/Users/DSPACE~1/AppData/Local/Temp/VEOS_S~1/BinaryArtifacts/followerAppl/HostPCLinux64_GCC/VEOS_followerAppl.a
LOAD C:/Users/DSPACE~1/AppData/Local/Temp/VEOS_S~1/GeneratedCode/LibraryFiles/ModelInit/ModelInit_HostPCLinux64_GCC_Debug.a
LOAD C:/Users/DSPACE~1/AppData/Local/Temp/VEOS_S~1/GeneratedCode/LibraryFiles/ModelInit/NoEcuIoCore_HostPCLinux64_GCC_Debug.a
LOAD C:/Users/DSPACE~1/AppData/Local/Temp/VEOS_S~1/GeneratedCode/LibraryFiles/ModelInit/NoCanIoCore_HostPCLinux64_GCC_Debug.a
LOAD C:/Users/DSPACE~1/AppData/Local/Temp/VEOS_S~1/GeneratedCode/LibraryFiles/ModelInit/NoLinIoCore_HostPCLinux64_GCC_Debug.a
LOAD C:/Users/DSPACE~1/AppData/Local/Temp/VEOS_S~1/GeneratedCode/LibraryFiles/ModelInit/NoEthIoCore_HostPCLinux64_GCC_Debug.a
LOAD C:/Users/DSPACE~1/AppData/Local/Temp/VEOS_S~1/GeneratedCode/LibraryFiles/DsFxp/DSFxp_GCC.a
END GROUP
LOAD c:/progra~1/common~1/dspace/gcc/103244~1.3_l/x86_64~1/bin/../lib/gcc/x86_64-linux-gnu/10.3.0/../../../../x86_64-linux-gnu/lib/../lib64\libstdc++.a
LOAD c:/progra~1/common~1/dspace/gcc/103244~1.3_l/x86_64~1/bin/../../x86_64-linux-gnu/lib/libm.so
START GROUP
LOAD c:/progra~1/common~1/dspace/gcc/103244~1.3_l/x86_64~1/bin/../../x86_64-linux-gnu/lib\libm.so.6
LOAD c:/progra~1/common~1/dspace/gcc/103244~1.3_l/x86_64~1/bin/../../x86_64-linux-gnu/lib\libmvec.so.1
END GROUP
LOAD c:/progra~1/common~1/dspace/gcc/103244~1.3_l/x86_64~1/bin/../lib/gcc/x86_64-linux-gnu/10.3.0\libgcc.a
LOAD c:/progra~1/common~1/dspace/gcc/103244~1.3_l/x86_64~1/bin/../lib/gcc/x86_64-linux-gnu/10.3.0\libgcc_eh.a
LOAD c:/progra~1/common~1/dspace/gcc/103244~1.3_l/x86_64~1/bin/../../x86_64-linux-gnu/lib/libc.so
START GROUP
LOAD c:/progra~1/common~1/dspace/gcc/103244~1.3_l/x86_64~1/bin/../../x86_64-linux-gnu/lib\libc.so.6
LOAD c:/progra~1/common~1/dspace/gcc/103244~1.3_l/x86_64~1/bin/../../x86_64-linux-gnu/lib\libc_nonshared.a
LOAD c:/progra~1/common~1/dspace/gcc/103244~1.3_l/x86_64~1/bin/../../x86_64-linux-gnu/lib\ld-linux-x86-64.so.2
END GROUP
LOAD c:/progra~1/common~1/dspace/gcc/103244~1.3_l/x86_64~1/bin/../lib/gcc/x86_64-linux-gnu/10.3.0\libgcc.a
LOAD c:/progra~1/common~1/dspace/gcc/103244~1.3_l/x86_64~1/bin/../lib/gcc/x86_64-linux-gnu/10.3.0\libgcc_eh.a
LOAD c:/progra~1/common~1/dspace/gcc/103244~1.3_l/x86_64~1/bin/../lib/gcc/x86_64-linux-gnu/10.3.0/crtendS.o
LOAD c:/progra~1/common~1/dspace/gcc/103244~1.3_l/x86_64~1/bin/../../x86_64-linux-gnu/lib/crtn.o
                0x0000000000000238                . = (SEGMENT_START ("text-segment", 0x0) + SIZEOF_HEADERS)

.note.gnu.build-id
                0x0000000000000238       0x24
 *(.note.gnu.build-id)
 .note.gnu.build-id
                0x0000000000000238       0x24 c:/progra~1/common~1/dspace/gcc/103244~1.3_l/x86_64~1/bin/../../x86_64-linux-gnu/lib/crti.o

.hash           0x0000000000000260      0x38c
 *(.hash)
 .hash          0x0000000000000260      0x38c c:/progra~1/common~1/dspace/gcc/103244~1.3_l/x86_64~1/bin/../../x86_64-linux-gnu/lib/crti.o

.gnu.hash       0x00000000000005f0      0x3f4
 *(.gnu.hash)
 .gnu.hash      0x00000000000005f0      0x3f4 c:/progra~1/common~1/dspace/gcc/103244~1.3_l/x86_64~1/bin/../../x86_64-linux-gnu/lib/crti.o

.dynsym         0x00000000000009e8      0xc00
 *(.dynsym)
 .dynsym        0x00000000000009e8      0xc00 c:/progra~1/common~1/dspace/gcc/103244~1.3_l/x86_64~1/bin/../../x86_64-linux-gnu/lib/crti.o

.dynstr         0x00000000000015e8     0x1110
 *(.dynstr)
 .dynstr        0x00000000000015e8     0x1110 c:/progra~1/common~1/dspace/gcc/103244~1.3_l/x86_64~1/bin/../../x86_64-linux-gnu/lib/crti.o

.gnu.version    0x00000000000026f8      0x100
 *(.gnu.version)
 .gnu.version   0x00000000000026f8      0x100 c:/progra~1/common~1/dspace/gcc/103244~1.3_l/x86_64~1/bin/../../x86_64-linux-gnu/lib/crti.o

.gnu.version_d  0x00000000000027f8        0x0
 *(.gnu.version_d)
 .gnu.version_d
                0x00000000000027f8        0x0 c:/progra~1/common~1/dspace/gcc/103244~1.3_l/x86_64~1/bin/../../x86_64-linux-gnu/lib/crti.o

.gnu.version_r  0x00000000000027f8       0x40
 *(.gnu.version_r)
 .gnu.version_r
                0x00000000000027f8       0x40 c:/progra~1/common~1/dspace/gcc/103244~1.3_l/x86_64~1/bin/../../x86_64-linux-gnu/lib/crti.o

.rela.dyn       0x0000000000002838      0x510
 *(.rela.init)
 *(.rela.text .rela.text.* .rela.gnu.linkonce.t.*)
 .rela.text     0x0000000000002838        0x0 c:/progra~1/common~1/dspace/gcc/103244~1.3_l/x86_64~1/bin/../../x86_64-linux-gnu/lib/crti.o
 *(.rela.fini)
 *(.rela.rodata .rela.rodata.* .rela.gnu.linkonce.r.*)
 *(.rela.data .rela.data.* .rela.gnu.linkonce.d.*)
 .rela.data.rel.local
                0x0000000000002838       0x90 c:/progra~1/common~1/dspace/gcc/103244~1.3_l/x86_64~1/bin/../../x86_64-linux-gnu/lib/crti.o
 .rela.data.rel.ro.local
                0x00000000000028c8      0x120 c:/progra~1/common~1/dspace/gcc/103244~1.3_l/x86_64~1/bin/../../x86_64-linux-gnu/lib/crti.o
 .rela.data.rel.ro
                0x00000000000029e8      0x258 c:/progra~1/common~1/dspace/gcc/103244~1.3_l/x86_64~1/bin/../../x86_64-linux-gnu/lib/crti.o
 *(.rela.tdata .rela.tdata.* .rela.gnu.linkonce.td.*)
 *(.rela.tbss .rela.tbss.* .rela.gnu.linkonce.tb.*)
 *(.rela.ctors)
 *(.rela.dtors)
 *(.rela.got)
 .rela.got      0x0000000000002c40       0xf0 c:/progra~1/common~1/dspace/gcc/103244~1.3_l/x86_64~1/bin/../../x86_64-linux-gnu/lib/crti.o
 *(.rela.bss .rela.bss.* .rela.gnu.linkonce.b.*)
 *(.rela.ldata .rela.ldata.* .rela.gnu.linkonce.l.*)
 *(.rela.lbss .rela.lbss.* .rela.gnu.linkonce.lb.*)
 *(.rela.lrodata .rela.lrodata.* .rela.gnu.linkonce.lr.*)
 *(.rela.ifunc)
 .rela.ifunc    0x0000000000002d30        0x0 c:/progra~1/common~1/dspace/gcc/103244~1.3_l/x86_64~1/bin/../../x86_64-linux-gnu/lib/crti.o
 .rela.init_array
                0x0000000000002d30       0x18 c:/progra~1/common~1/dspace/gcc/103244~1.3_l/x86_64~1/bin/../../x86_64-linux-gnu/lib/crti.o

.rela.plt       0x0000000000002d48       0x48
 *(.rela.plt)
 .rela.plt      0x0000000000002d48       0x48 c:/progra~1/common~1/dspace/gcc/103244~1.3_l/x86_64~1/bin/../../x86_64-linux-gnu/lib/crti.o
 *(.rela.iplt)
                0x0000000000003000                . = ALIGN (CONSTANT (MAXPAGESIZE))

.init           0x0000000000003000       0x17
 *(SORT_NONE(.init))
 .init          0x0000000000003000       0x12 c:/progra~1/common~1/dspace/gcc/103244~1.3_l/x86_64~1/bin/../../x86_64-linux-gnu/lib/crti.o
                0x0000000000003000                _init
 .init          0x0000000000003012        0x5 c:/progra~1/common~1/dspace/gcc/103244~1.3_l/x86_64~1/bin/../../x86_64-linux-gnu/lib/crtn.o

.plt            0x0000000000003020       0x40
 *(.plt)
 .plt           0x0000000000003020       0x40 c:/progra~1/common~1/dspace/gcc/103244~1.3_l/x86_64~1/bin/../../x86_64-linux-gnu/lib/crti.o
 *(.iplt)

.plt.got        0x0000000000003060        0x8
 *(.plt.got)
 .plt.got       0x0000000000003060        0x8 c:/progra~1/common~1/dspace/gcc/103244~1.3_l/x86_64~1/bin/../../x86_64-linux-gnu/lib/crti.o

.plt.sec
 *(.plt.sec)

.text           0x0000000000003070     0x4175
 *(.text.unlikely .text.*_unlikely .text.unlikely.*)
 *(.text.exit .text.exit.*)
 *(.text.startup .text.startup.*)
 *(.text.hot .text.hot.*)
 *(SORT_BY_NAME(.text.sorted.*))
 *(.text .stub .text.* .gnu.linkonce.t.*)
 .text          0x0000000000003070        0x0 c:/progra~1/common~1/dspace/gcc/103244~1.3_l/x86_64~1/bin/../../x86_64-linux-gnu/lib/crti.o
 .text          0x0000000000003070      0x109 c:/progra~1/common~1/dspace/gcc/103244~1.3_l/x86_64~1/bin/../lib/gcc/x86_64-linux-gnu/10.3.0/crtbeginS.o
 .text          0x0000000000003179        0x0 .\BinaryArtifacts\followerAppl\HostPCLinux64_GCC\SmartServices_Cfg_generated.o
 .text          0x0000000000003179       0x56 .\BinaryArtifacts\followerAppl\HostPCLinux64_GCC\SmartServices.o
                0x0000000000003179                SmartServices_Initialize
 .text          0x00000000000031cf       0x36 .\BinaryArtifacts\followerAppl\HostPCLinux64_GCC\SicAppFrm_FunMod_generated.o
                0x00000000000031cf                ap_Entry_followerAppl_0
                0x00000000000031d0                ap_Exit_followerAppl_0
                0x00000000000031d1                ap_read_followerAppl_Inport1_P1
                0x00000000000031eb                ap_read_followerAppl_Inport2_P1
 .text          0x0000000000003205       0xf4 .\BinaryArtifacts\followerAppl\HostPCLinux64_GCC\SicAppFrm_Task_generated.o
                0x0000000000003205                SicAppFrm_ExecTask_Virtual_Task_0
                0x00000000000032c6                SicAppFrm_ExecuteTask
                0x00000000000032e4                SicAppFrm_ResetTasks
 .text          0x00000000000032f9       0xd2 .\BinaryArtifacts\followerAppl\HostPCLinux64_GCC\SicAppFrm_AccPt_generated.o
                0x00000000000032f9                followerAppl_APTerminateSimulation
                0x0000000000003342                followerAppl_APLastApplStateStopped
                0x0000000000003355                followerAppl_APPrintMessage
                0x0000000000003370                followerAppl_APStopSimulation
                0x000000000000339b                SicAppFrm_DAQServiceCall0
 .text          0x00000000000033cb      0x53d .\BinaryArtifacts\followerAppl\HostPCLinux64_GCC\SicAppFrm.o
                0x0000000000003582                SicAppFrm_WasLastApplStateStopped
                0x000000000000358a                SicAppFrm_CheckEvents
                0x000000000000358b                SicAppFrm_TaskExitInAllModelTasks
                0x0000000000003599                SicAppFrm_TriggerEvent
                0x000000000000359a                SicAppFrm_EnforceState
                0x0000000000003600                SicAppFrm_Download
                0x000000000000364e                SicAppFrm_Start
                0x00000000000036a0                SicAppFrm_Stop
                0x00000000000036fc                SicAppFrm_CheckRunAllowed
                0x00000000000037ec                SicAppFrm_Trigger
 .text          0x0000000000003908      0x350 .\BinaryArtifacts\followerAppl\HostPCLinux64_GCC\SicAppFrm_Queue.o
                0x0000000000003908                SicAppFrm_CheckQueueItem
                0x0000000000003924                SicAppFrm_QueueCheckNullPtr
                0x0000000000003935                SicAppFrm_ReserveQueueBuffer
                0x0000000000003986                SicAppFrm_FillQueueBuffer
                0x00000000000039d6                SicAppFrm_Clear
                0x0000000000003a2d                SicAppFrm_IsQueueEmpty
                0x0000000000003a6a                SicAppFrm_Dequeue
                0x0000000000003b43                SicAppFrm_SortQueue
                0x0000000000003bb2                SicAppFrm_Enqueue
 .text          0x0000000000003c58       0x60 .\BinaryArtifacts\followerAppl\HostPCLinux64_GCC\VEOS_Api.o
                0x0000000000003c58                VEOS_API_Start
                0x0000000000003ca4                VEOS_API_Stop
                0x0000000000003caa                VEOS_API_Download
 .text          0x0000000000003cb8        0x6 .\BinaryArtifacts\followerAppl\HostPCLinux64_GCC\VEOS_BusApi.o
                0x0000000000003cb8                VEOS_BusApi_Start
 .text          0x0000000000003cbe      0x19a .\BinaryArtifacts\followerAppl\HostPCLinux64_GCC\VEOS_ExpApi.o
                0x0000000000003cbe                VEOS_ExpApi_Download
                0x0000000000003ce2                VEOS_ExpApi_Start
                0x0000000000003ce8                VEOS_ExpApi_GetRasterService
                0x0000000000003d37                VEOS_ExpApi_CallDaqService
                0x0000000000003d92                VEOS_ExpApi_CallBypassingService
                0x0000000000003d98                VEOS_ExpApi_CallStimServicePostStep
                0x0000000000003daf                VEOS_ExpApi_CallStimServicePreStep
                0x0000000000003dc6                VEOS_ExpApi_StimSvcSyncMode
                0x0000000000003de2                VEOS_ExpApi_StimSvcAsyncMode
                0x0000000000003dfe                VEOS_ExpApi_DsModelAccessRead
                0x0000000000003e2b                VEOS_ExpApi_DsModelAccessWrite
 .text          0x0000000000003e58      0x586 .\BinaryArtifacts\followerAppl\HostPCLinux64_GCC\VEOS_SimApi.o
                0x0000000000003e58                VEOS_SimApi_Start
                0x0000000000003eb2                VEOS_PauseSimulation
                0x0000000000003f38                VEOS_SimApi_TerminateSimulation
                0x0000000000003fc0                VEOS_SimApi_TerminateSimulationFatal
                0x000000000000400c                VEOS_SimApi_DownloadEvent
                0x0000000000004085                VEOS_SimApi_StartEvent
                0x00000000000040fe                VEOS_SimApi_TriggerEvent
                0x0000000000004177                VEOS_SimApi_StopEvent
                0x00000000000041f0                VEOS_SimApi_ResetEvent
                0x0000000000004269                VEOS_SimApi_UnloadEvent
                0x00000000000042e2                VEOS_StopSimulation
                0x00000000000042f5                VEOS_GetCurrentOsaPath
                0x0000000000004332                VEOS_SimApi_ReportError
                0x000000000000437b                VEOS_SimApi_SignalApiError
                0x00000000000043a7                VEOS_SimApi_CallIoHandler
                0x00000000000043b5                VEOS_SimApi_SetCurrentEventStatus
                0x00000000000043c7                VEOS_SimApi_ResetCurrentEventStatus
                0x00000000000043d6                VEOS_SimApi_GetCurrentEventStatus
 .text          0x00000000000043de        0x6 .\BinaryArtifacts\followerAppl\HostPCLinux64_GCC\VEOS_NotiApi.o
                0x00000000000043de                VEOS_NotiApi_Start
 .text          0x00000000000043e4      0x1de .\BinaryArtifacts\followerAppl\HostPCLinux64_GCC\VEOS_MsgApi.o
                0x00000000000043e4                VEOS_MsgApi_Start
                0x0000000000004410                VEOS_MsgApi_ShowMessage
                0x000000000000449f                VEOS_MsgApi_ShowMessageVarArgs
                0x0000000000004534                VEOS_MsgApi_ShowMessageFormat
 .text          0x00000000000045c2       0x19 .\BinaryArtifacts\followerAppl\HostPCLinux64_GCC\VEOS_PortApi.o
                0x00000000000045c2                VEOS_PortApi_Start
 .text          0x00000000000045db        0x6 .\BinaryArtifacts\followerAppl\HostPCLinux64_GCC\VEOS_OsTskApi.o
                0x00000000000045db                VEOS_OsTskApi_Start
 .text          0x00000000000045e1        0x0 .\BinaryArtifacts\followerAppl\HostPCLinux64_GCC\VEOS_Interaction.o
 .text          0x00000000000045e1      0x235 .\BinaryArtifacts\followerAppl\HostPCLinux64_GCC\VEOS.o
                0x00000000000045e1                VEOS_ErrorCodeToMessageConverter
 .text          0x0000000000004816      0x3e6 .\BinaryArtifacts\followerAppl\HostPCLinux64_GCC\VEOS_Impl.o
                0x000000000000486a                VEOS_BusApiImpl_MessageReceivedEvent
                0x000000000000487d                VEOS_BusApiImpl_LinHeaderReceivedEvent
                0x0000000000004890                VEOS_BusApiImpl_ChannelStatusEvent
                0x00000000000048a3                VEOS_SimApiImpl_CallIoHandler
                0x00000000000048a9                VEOS_SimApiImpl_DownloadEvent
                0x000000000000492f                VEOS_SimApiImpl_StartEvent
                0x00000000000049df                VEOS_SimApiImpl_TriggerEvent
                0x0000000000004a24                VEOS_SimApiImpl_StopEvent
                0x0000000000004a8b                VEOS_SimApiImpl_ResetEvent
                0x0000000000004aba                VEOS_SimApiImpl_UnloadEvent
                0x0000000000004b0a                VEOS_SimApiImpl_InterruptEvent
                0x0000000000004b27                VEOS_EnableInterruptHandlers
                0x0000000000004b28                VEOS_DisableInterruptHandlers
                0x0000000000004b29                VEOS_CheckDataType
 .text          0x0000000000004bfc      0x2a0 .\BinaryArtifacts\followerAppl\HostPCLinux64_GCC\DsMsgApi.o
                0x0000000000004bfc                msg_printf
                0x0000000000004cd0                msg_error_printf
                0x0000000000004d69                msg_info_printf
                0x0000000000004e02                msg_warning_printf
                0x0000000000004e9b                msg_default_dialog_set
 .text          0x0000000000004e9c      0x10d C:/Users/DSPACE~1/AppData/Local/Temp/VEOS_S~1/BinaryArtifacts/followerAppl/HostPCLinux64_GCC/VEOS_followerAppl.a(followerAppl_dsrtmdlfcn.obj)
                0x0000000000004e9c                followerAppl_DSRTCheckForErrorStatus
                0x0000000000004ee6                followerAppl_DSRTInitMdl
                0x0000000000004f03                followerAppl_DSRTStartMdl
                0x0000000000004f24                followerAppl_DSRTStopMdl
                0x0000000000004f37                followerAppl_DSRTCheckForSimulationStopCondition
 .text          0x0000000000004fa9       0x42 C:/Users/DSPACE~1/AppData/Local/Temp/VEOS_S~1/BinaryArtifacts/followerAppl/HostPCLinux64_GCC/VEOS_followerAppl.a(followerAppl_dsrttf.obj)
                0x0000000000004fa9                followerAppl_DSRTMdlOutputs0
                0x0000000000004fdd                followerAppl_DSRTMdlUpdate0
 .text          0x0000000000004feb     0x14bc C:/Users/DSPACE~1/AppData/Local/Temp/VEOS_S~1/BinaryArtifacts/followerAppl/HostPCLinux64_GCC/VEOS_followerAppl.a(followerAppl.obj)
                0x0000000000005007                followerAppl_PassSignal_Init
                0x000000000000501a                followerAppl_PassSignal
                0x0000000000005065                followerAppl_PassSignal_f_Init
                0x000000000000506e                followerAppl_PassSignal_Disable
                0x0000000000005072                followerAppl_PassSignal_m_Start
                0x0000000000005076                followerAppl_PassSignal_i
                0x00000000000050ed                rt_urand_Upu32_Yd_f_pw_snf
                0x000000000000514b                followerAppl_output
                0x0000000000005e22                followerAppl_derivatives
                0x0000000000005ed3                followerAppl_update
                0x0000000000006014                followerAppl_initialize
                0x00000000000064a6                followerAppl_terminate
 .text          0x00000000000064a7        0x0 C:/Users/DSPACE~1/AppData/Local/Temp/VEOS_S~1/BinaryArtifacts/followerAppl/HostPCLinux64_GCC/VEOS_followerAppl.a(followerAppl_data.obj)
 .text          0x00000000000064a7      0x188 C:/Users/DSPACE~1/AppData/Local/Temp/VEOS_S~1/BinaryArtifacts/followerAppl/HostPCLinux64_GCC/VEOS_followerAppl.a(followerAppl_dsrtvdf.obj)
                0x0000000000006623                followerAppl_rti_init_trc_pointers
 .text          0x000000000000662f      0x123 C:/Users/DSPACE~1/AppData/Local/Temp/VEOS_S~1/BinaryArtifacts/followerAppl/HostPCLinux64_GCC/VEOS_followerAppl.a(rt_nonfinite.obj)
                0x000000000000662f                rt_InitInfAndNaN
                0x0000000000006686                rtIsInf
                0x00000000000066b8                rtIsInfF
                0x00000000000066e8                rtIsNaN
                0x0000000000006723                rtIsNaNF
 .text          0x0000000000006752       0x24 C:/Users/DSPACE~1/AppData/Local/Temp/VEOS_S~1/BinaryArtifacts/followerAppl/HostPCLinux64_GCC/VEOS_followerAppl.a(rtGetInf.obj)
                0x0000000000006752                rtGetInf
                0x000000000000675b                rtGetInfF
                0x0000000000006764                rtGetMinusInf
                0x000000000000676d                rtGetMinusInfF
 .text          0x0000000000006776       0x12 C:/Users/DSPACE~1/AppData/Local/Temp/VEOS_S~1/BinaryArtifacts/followerAppl/HostPCLinux64_GCC/VEOS_followerAppl.a(rtGetNaN.obj)
                0x0000000000006776                rtGetNaN
                0x000000000000677f                rtGetNaNF
 .text          0x0000000000006788       0x7b C:/Users/DSPACE~1/AppData/Local/Temp/VEOS_S~1/GeneratedCode/LibraryFiles/ModelInit/ModelInit_HostPCLinux64_GCC_Debug.a(ModelInit.obj)
                0x0000000000006788                VEOS_MdlInitApiImpl_CheckModel
 .text          0x0000000000006803        0x0 C:/Users/DSPACE~1/AppData/Local/Temp/VEOS_S~1/GeneratedCode/LibraryFiles/ModelInit/ModelInit_HostPCLinux64_GCC_Debug.a(VEOS_FrmRef.obj)
 .text          0x0000000000006803      0x27a C:/Users/DSPACE~1/AppData/Local/Temp/VEOS_S~1/GeneratedCode/LibraryFiles/ModelInit/NoEcuIoCore_HostPCLinux64_GCC_Debug.a(NoEcuInit.obj)
                0x0000000000006803                VEOS_ModelInit_EcuCoreInit
 .text          0x0000000000006a7d      0x277 C:/Users/DSPACE~1/AppData/Local/Temp/VEOS_S~1/GeneratedCode/LibraryFiles/ModelInit/NoCanIoCore_HostPCLinux64_GCC_Debug.a(NoCanInit.obj)
                0x0000000000006a7d                VEOS_ModelInit_CanCoreInit
 .text          0x0000000000006cf4      0x27a C:/Users/DSPACE~1/AppData/Local/Temp/VEOS_S~1/GeneratedCode/LibraryFiles/ModelInit/NoLinIoCore_HostPCLinux64_GCC_Debug.a(NoLinInit.obj)
                0x0000000000006cf4                VEOS_ModelInit_LinCoreInit
 .text          0x0000000000006f6e      0x277 C:/Users/DSPACE~1/AppData/Local/Temp/VEOS_S~1/GeneratedCode/LibraryFiles/ModelInit/NoEthIoCore_HostPCLinux64_GCC_Debug.a(NoEthInit.obj)
                0x0000000000006f6e                VEOS_ModelInit_EthCoreInit
 .text          0x00000000000071e5        0x0 c:/progra~1/common~1/dspace/gcc/103244~1.3_l/x86_64~1/bin/../lib/gcc/x86_64-linux-gnu/10.3.0/crtendS.o
 .text          0x00000000000071e5        0x0 c:/progra~1/common~1/dspace/gcc/103244~1.3_l/x86_64~1/bin/../../x86_64-linux-gnu/lib/crtn.o
 *(.gnu.warning)

.fini           0x00000000000071e8        0xe
 *(SORT_NONE(.fini))
 .fini          0x00000000000071e8        0x4 c:/progra~1/common~1/dspace/gcc/103244~1.3_l/x86_64~1/bin/../../x86_64-linux-gnu/lib/crti.o
                0x00000000000071e8                _fini
 .fini          0x00000000000071ec        0x5 c:/progra~1/common~1/dspace/gcc/103244~1.3_l/x86_64~1/bin/../lib/gcc/x86_64-linux-gnu/10.3.0/crtbeginS.o
 .fini          0x00000000000071f1        0x5 c:/progra~1/common~1/dspace/gcc/103244~1.3_l/x86_64~1/bin/../../x86_64-linux-gnu/lib/crtn.o
                [!provide]                        PROVIDE (__etext = .)
                [!provide]                        PROVIDE (_etext = .)
                [!provide]                        PROVIDE (etext = .)
                0x0000000000008000                . = ALIGN (CONSTANT (MAXPAGESIZE))
                0x0000000000008000                . = SEGMENT_START ("rodata-segment", (ALIGN (CONSTANT (MAXPAGESIZE)) + (. & (CONSTANT (MAXPAGESIZE) - 0x1))))

.rodata         0x0000000000008000     0x15e4
 *(.rodata .rodata.* .gnu.linkonce.r.*)
 .rodata.str1.1
                0x0000000000008000       0x14 .\BinaryArtifacts\followerAppl\HostPCLinux64_GCC\SicAppFrm_Task_generated.o
 *fill*         0x0000000000008014        0xc 
 .rodata        0x0000000000008020       0x22 .\BinaryArtifacts\followerAppl\HostPCLinux64_GCC\SicAppFrm_Task_generated.o
 .rodata.str1.1
                0x0000000000008042       0x14 .\BinaryArtifacts\followerAppl\HostPCLinux64_GCC\SicAppFrm_AccPt_generated.o
 *fill*         0x0000000000008042       0x1e 
 .rodata        0x0000000000008060       0x63 .\BinaryArtifacts\followerAppl\HostPCLinux64_GCC\SicAppFrm_AccPt_generated.o
 *fill*         0x00000000000080c3        0x5 
 .rodata.str1.8
                0x00000000000080c8      0x20a .\BinaryArtifacts\followerAppl\HostPCLinux64_GCC\SicAppFrm.o
 .rodata.str1.1
                0x00000000000082d2       0x1e .\BinaryArtifacts\followerAppl\HostPCLinux64_GCC\SicAppFrm.o
 .rodata        0x00000000000082f0        0xc .\BinaryArtifacts\followerAppl\HostPCLinux64_GCC\SicAppFrm.o
                0x00000000000082f0                g_SicAppFrm_TaskTurnaroundTime
                0x00000000000082f8                g_SicAppFrm_TaskOverrunCounter
 .rodata.str1.1
                0x00000000000082fc        0xe .\BinaryArtifacts\followerAppl\HostPCLinux64_GCC\VEOS_SimApi.o
 *fill*         0x000000000000830a        0x6 
 .rodata.str1.8
                0x0000000000008310       0x54 .\BinaryArtifacts\followerAppl\HostPCLinux64_GCC\VEOS_SimApi.o
 *fill*         0x0000000000008364       0x1c 
 .rodata        0x0000000000008380      0x135 .\BinaryArtifacts\followerAppl\HostPCLinux64_GCC\VEOS_SimApi.o
 .rodata.str1.1
                0x00000000000084b5        0xb .\BinaryArtifacts\followerAppl\HostPCLinux64_GCC\VEOS_MsgApi.o
 .rodata        0x00000000000084c0       0x38 .\BinaryArtifacts\followerAppl\HostPCLinux64_GCC\VEOS_MsgApi.o
 .rodata        0x00000000000084f8        0x8 .\BinaryArtifacts\followerAppl\HostPCLinux64_GCC\VEOS_Interaction.o
                0x00000000000084f8                ga_VEOS_Version
 .rodata.str1.1
                0x0000000000008500       0x20 .\BinaryArtifacts\followerAppl\HostPCLinux64_GCC\VEOS.o
 .rodata.str1.8
                0x0000000000008520      0x954 .\BinaryArtifacts\followerAppl\HostPCLinux64_GCC\VEOS.o
 .rodata        0x0000000000008e74      0x314 .\BinaryArtifacts\followerAppl\HostPCLinux64_GCC\VEOS.o
 .rodata.str1.8
                0x0000000000009188      0x350 .\BinaryArtifacts\followerAppl\HostPCLinux64_GCC\VEOS_Impl.o
 .rodata.str1.1
                0x00000000000094d8       0x14 C:/Users/DSPACE~1/AppData/Local/Temp/VEOS_S~1/BinaryArtifacts/followerAppl/HostPCLinux64_GCC/VEOS_followerAppl.a(followerAppl_dsrtmdlfcn.obj)
 *fill*         0x00000000000094ec        0x4 
 .rodata.str1.8
                0x00000000000094f0       0x74 C:/Users/DSPACE~1/AppData/Local/Temp/VEOS_S~1/BinaryArtifacts/followerAppl/HostPCLinux64_GCC/VEOS_followerAppl.a(followerAppl_dsrtmdlfcn.obj)
 .rodata.str1.1
                0x0000000000009564        0x5 C:/Users/DSPACE~1/AppData/Local/Temp/VEOS_S~1/BinaryArtifacts/followerAppl/HostPCLinux64_GCC/VEOS_followerAppl.a(followerAppl.obj)
 *fill*         0x0000000000009569        0x7 
 .rodata.cst8   0x0000000000009570       0x30 C:/Users/DSPACE~1/AppData/Local/Temp/VEOS_S~1/BinaryArtifacts/followerAppl/HostPCLinux64_GCC/VEOS_followerAppl.a(followerAppl.obj)
 .rodata.cst16  0x00000000000095a0       0x20 C:/Users/DSPACE~1/AppData/Local/Temp/VEOS_S~1/BinaryArtifacts/followerAppl/HostPCLinux64_GCC/VEOS_followerAppl.a(followerAppl.obj)
 .rodata.cst8   0x00000000000095c0       0x10 C:/Users/DSPACE~1/AppData/Local/Temp/VEOS_S~1/BinaryArtifacts/followerAppl/HostPCLinux64_GCC/VEOS_followerAppl.a(rtGetInf.obj)
 .rodata.cst4   0x00000000000095d0        0x8 C:/Users/DSPACE~1/AppData/Local/Temp/VEOS_S~1/BinaryArtifacts/followerAppl/HostPCLinux64_GCC/VEOS_followerAppl.a(rtGetInf.obj)
 .rodata.cst8   0x00000000000095d8        0x8 C:/Users/DSPACE~1/AppData/Local/Temp/VEOS_S~1/BinaryArtifacts/followerAppl/HostPCLinux64_GCC/VEOS_followerAppl.a(rtGetNaN.obj)
 .rodata.cst4   0x00000000000095e0        0x4 C:/Users/DSPACE~1/AppData/Local/Temp/VEOS_S~1/BinaryArtifacts/followerAppl/HostPCLinux64_GCC/VEOS_followerAppl.a(rtGetNaN.obj)

.rodata1
 *(.rodata1)

.eh_frame_hdr   0x00000000000095e4      0x46c
 *(.eh_frame_hdr)
 .eh_frame_hdr  0x00000000000095e4      0x46c .\BinaryArtifacts\followerAppl\HostPCLinux64_GCC\SmartServices.o
                0x00000000000095e4                __GNU_EH_FRAME_HDR
 *(.eh_frame_entry .eh_frame_entry.*)

.eh_frame       0x0000000000009a50      0xf6c
 *(.eh_frame)
 .eh_frame      0x0000000000009a50       0x40 c:/progra~1/common~1/dspace/gcc/103244~1.3_l/x86_64~1/bin/../../x86_64-linux-gnu/lib/crti.o
 .eh_frame      0x0000000000009a90       0x18 c:/progra~1/common~1/dspace/gcc/103244~1.3_l/x86_64~1/bin/../../x86_64-linux-gnu/lib/crti.o
                                         0x30 (size before relaxing)
 .eh_frame      0x0000000000009aa8       0x18 .\BinaryArtifacts\followerAppl\HostPCLinux64_GCC\SmartServices.o
                                         0x30 (size before relaxing)
 .eh_frame      0x0000000000009ac0       0x58 .\BinaryArtifacts\followerAppl\HostPCLinux64_GCC\SicAppFrm_FunMod_generated.o
                                         0x70 (size before relaxing)
 .eh_frame      0x0000000000009b18       0x50 .\BinaryArtifacts\followerAppl\HostPCLinux64_GCC\SicAppFrm_Task_generated.o
                                         0x68 (size before relaxing)
 .eh_frame      0x0000000000009b68       0x88 .\BinaryArtifacts\followerAppl\HostPCLinux64_GCC\SicAppFrm_AccPt_generated.o
                                         0xa0 (size before relaxing)
 .eh_frame      0x0000000000009bf0      0x178 .\BinaryArtifacts\followerAppl\HostPCLinux64_GCC\SicAppFrm.o
                                        0x190 (size before relaxing)
 .eh_frame      0x0000000000009d68      0x150 .\BinaryArtifacts\followerAppl\HostPCLinux64_GCC\SicAppFrm_Queue.o
                                        0x168 (size before relaxing)
 .eh_frame      0x0000000000009eb8       0x48 .\BinaryArtifacts\followerAppl\HostPCLinux64_GCC\VEOS_Api.o
                                         0x60 (size before relaxing)
 .eh_frame      0x0000000000009f00       0x18 .\BinaryArtifacts\followerAppl\HostPCLinux64_GCC\VEOS_BusApi.o
                                         0x30 (size before relaxing)
 .eh_frame      0x0000000000009f18      0x110 .\BinaryArtifacts\followerAppl\HostPCLinux64_GCC\VEOS_ExpApi.o
                                        0x128 (size before relaxing)
 .eh_frame      0x000000000000a028      0x1d8 .\BinaryArtifacts\followerAppl\HostPCLinux64_GCC\VEOS_SimApi.o
                                        0x1f0 (size before relaxing)
 .eh_frame      0x000000000000a200       0x18 .\BinaryArtifacts\followerAppl\HostPCLinux64_GCC\VEOS_NotiApi.o
                                         0x30 (size before relaxing)
 .eh_frame      0x000000000000a218       0x68 .\BinaryArtifacts\followerAppl\HostPCLinux64_GCC\VEOS_MsgApi.o
                                         0x80 (size before relaxing)
 .eh_frame      0x000000000000a280       0x18 .\BinaryArtifacts\followerAppl\HostPCLinux64_GCC\VEOS_PortApi.o
                                         0x30 (size before relaxing)
 .eh_frame      0x000000000000a298       0x18 .\BinaryArtifacts\followerAppl\HostPCLinux64_GCC\VEOS_OsTskApi.o
                                         0x30 (size before relaxing)
 .eh_frame      0x000000000000a2b0       0x18 .\BinaryArtifacts\followerAppl\HostPCLinux64_GCC\VEOS.o
                                         0x30 (size before relaxing)
 .eh_frame      0x000000000000a2c8      0x1b0 .\BinaryArtifacts\followerAppl\HostPCLinux64_GCC\VEOS_Impl.o
                                        0x1c8 (size before relaxing)
 .eh_frame      0x000000000000a478       0x88 .\BinaryArtifacts\followerAppl\HostPCLinux64_GCC\DsMsgApi.o
                                         0xa0 (size before relaxing)
 .eh_frame      0x000000000000a500       0x88 C:/Users/DSPACE~1/AppData/Local/Temp/VEOS_S~1/BinaryArtifacts/followerAppl/HostPCLinux64_GCC/VEOS_followerAppl.a(followerAppl_dsrtmdlfcn.obj)
                                         0xa0 (size before relaxing)
 .eh_frame      0x000000000000a588       0x38 C:/Users/DSPACE~1/AppData/Local/Temp/VEOS_S~1/BinaryArtifacts/followerAppl/HostPCLinux64_GCC/VEOS_followerAppl.a(followerAppl_dsrttf.obj)
                                         0x50 (size before relaxing)
 .eh_frame      0x000000000000a5c0      0x1a0 C:/Users/DSPACE~1/AppData/Local/Temp/VEOS_S~1/BinaryArtifacts/followerAppl/HostPCLinux64_GCC/VEOS_followerAppl.a(followerAppl.obj)
                                        0x1b8 (size before relaxing)
 .eh_frame      0x000000000000a760       0x40 C:/Users/DSPACE~1/AppData/Local/Temp/VEOS_S~1/BinaryArtifacts/followerAppl/HostPCLinux64_GCC/VEOS_followerAppl.a(followerAppl_dsrtvdf.obj)
                                         0x58 (size before relaxing)
 .eh_frame      0x000000000000a7a0       0x68 C:/Users/DSPACE~1/AppData/Local/Temp/VEOS_S~1/BinaryArtifacts/followerAppl/HostPCLinux64_GCC/VEOS_followerAppl.a(rt_nonfinite.obj)
                                         0x80 (size before relaxing)
 .eh_frame      0x000000000000a808       0x50 C:/Users/DSPACE~1/AppData/Local/Temp/VEOS_S~1/BinaryArtifacts/followerAppl/HostPCLinux64_GCC/VEOS_followerAppl.a(rtGetInf.obj)
                                         0x68 (size before relaxing)
 .eh_frame      0x000000000000a858       0x28 C:/Users/DSPACE~1/AppData/Local/Temp/VEOS_S~1/BinaryArtifacts/followerAppl/HostPCLinux64_GCC/VEOS_followerAppl.a(rtGetNaN.obj)
                                         0x40 (size before relaxing)
 .eh_frame      0x000000000000a880       0x38 C:/Users/DSPACE~1/AppData/Local/Temp/VEOS_S~1/GeneratedCode/LibraryFiles/ModelInit/ModelInit_HostPCLinux64_GCC_Debug.a(ModelInit.obj)
                                         0x50 (size before relaxing)
 .eh_frame      0x000000000000a8b8       0x40 C:/Users/DSPACE~1/AppData/Local/Temp/VEOS_S~1/GeneratedCode/LibraryFiles/ModelInit/NoEcuIoCore_HostPCLinux64_GCC_Debug.a(NoEcuInit.obj)
                                         0x58 (size before relaxing)
 .eh_frame      0x000000000000a8f8       0x40 C:/Users/DSPACE~1/AppData/Local/Temp/VEOS_S~1/GeneratedCode/LibraryFiles/ModelInit/NoCanIoCore_HostPCLinux64_GCC_Debug.a(NoCanInit.obj)
                                         0x58 (size before relaxing)
 .eh_frame      0x000000000000a938       0x40 C:/Users/DSPACE~1/AppData/Local/Temp/VEOS_S~1/GeneratedCode/LibraryFiles/ModelInit/NoLinIoCore_HostPCLinux64_GCC_Debug.a(NoLinInit.obj)
                                         0x58 (size before relaxing)
 .eh_frame      0x000000000000a978       0x40 C:/Users/DSPACE~1/AppData/Local/Temp/VEOS_S~1/GeneratedCode/LibraryFiles/ModelInit/NoEthIoCore_HostPCLinux64_GCC_Debug.a(NoEthInit.obj)
                                         0x58 (size before relaxing)
 .eh_frame      0x000000000000a9b8        0x4 c:/progra~1/common~1/dspace/gcc/103244~1.3_l/x86_64~1/bin/../lib/gcc/x86_64-linux-gnu/10.3.0/crtendS.o
 *(.eh_frame.*)

.gcc_except_table
 *(.gcc_except_table .gcc_except_table.*)

.gnu_extab
 *(.gnu_extab*)

.exception_ranges
 *(.exception_ranges*)
                0x000000000000c978                . = DATA_SEGMENT_ALIGN (CONSTANT (MAXPAGESIZE), CONSTANT (COMMONPAGESIZE))

.eh_frame
 *(.eh_frame)
 *(.eh_frame.*)

.gnu_extab
 *(.gnu_extab)

.gcc_except_table
 *(.gcc_except_table .gcc_except_table.*)

.exception_ranges
 *(.exception_ranges*)

.tdata
 *(.tdata .tdata.* .gnu.linkonce.td.*)

.tbss
 *(.tbss .tbss.* .gnu.linkonce.tb.*)
 *(.tcommon)

.preinit_array
 *(.preinit_array)

.init_array     0x000000000000c978        0x8
 *(SORT_BY_INIT_PRIORITY(.init_array.*) SORT_BY_INIT_PRIORITY(.ctors.*))
 *(.init_array EXCLUDE_FILE(*crtend?.o *crtend.o *crtbegin?.o *crtbegin.o) .ctors)
 .init_array    0x000000000000c978        0x8 c:/progra~1/common~1/dspace/gcc/103244~1.3_l/x86_64~1/bin/../lib/gcc/x86_64-linux-gnu/10.3.0/crtbeginS.o

.fini_array
 *(SORT_BY_INIT_PRIORITY(.fini_array.*) SORT_BY_INIT_PRIORITY(.dtors.*))
 *(.fini_array EXCLUDE_FILE(*crtend?.o *crtend.o *crtbegin?.o *crtbegin.o) .dtors)

.ctors          0x000000000000c980       0x10
 *crtbegin.o(.ctors)
 *crtbegin?.o(.ctors)
 .ctors         0x000000000000c980        0x8 c:/progra~1/common~1/dspace/gcc/103244~1.3_l/x86_64~1/bin/../lib/gcc/x86_64-linux-gnu/10.3.0/crtbeginS.o
 *(EXCLUDE_FILE(*crtend?.o *crtend.o) .ctors)
 *(SORT_BY_NAME(.ctors.*))
 *(.ctors)
 .ctors         0x000000000000c988        0x8 c:/progra~1/common~1/dspace/gcc/103244~1.3_l/x86_64~1/bin/../lib/gcc/x86_64-linux-gnu/10.3.0/crtendS.o

.dtors          0x000000000000c990       0x10
 *crtbegin.o(.dtors)
 *crtbegin?.o(.dtors)
 .dtors         0x000000000000c990        0x8 c:/progra~1/common~1/dspace/gcc/103244~1.3_l/x86_64~1/bin/../lib/gcc/x86_64-linux-gnu/10.3.0/crtbeginS.o
 *(EXCLUDE_FILE(*crtend?.o *crtend.o) .dtors)
 *(SORT_BY_NAME(.dtors.*))
 *(.dtors)
 .dtors         0x000000000000c998        0x8 c:/progra~1/common~1/dspace/gcc/103244~1.3_l/x86_64~1/bin/../lib/gcc/x86_64-linux-gnu/10.3.0/crtendS.o
                0x000000000000c998                __DTOR_END__

.jcr
 *(.jcr)

.data.rel.ro    0x000000000000c9a0      0x438
 *(.data.rel.ro.local* .gnu.linkonce.d.rel.ro.local.*)
 .data.rel.ro.local
                0x000000000000c9a0       0xb0 .\BinaryArtifacts\followerAppl\HostPCLinux64_GCC\SmartServices.o
                0x000000000000c9a0                g_SmartServices_Api
 .data.rel.ro.local
                0x000000000000ca50        0x8 C:/Users/DSPACE~1/AppData/Local/Temp/VEOS_S~1/BinaryArtifacts/followerAppl/HostPCLinux64_GCC/VEOS_followerAppl.a(followerAppl.obj)
                0x000000000000ca50                followerAppl_M
 *(.data.rel.ro .data.rel.ro.* .gnu.linkonce.d.rel.ro.*)
 .data.rel.ro   0x000000000000ca58        0x0 c:/progra~1/common~1/dspace/gcc/103244~1.3_l/x86_64~1/bin/../../x86_64-linux-gnu/lib/crti.o
 *fill*         0x000000000000ca58        0x8 
 .data.rel.ro   0x000000000000ca60      0x378 .\BinaryArtifacts\followerAppl\HostPCLinux64_GCC\VEOS_Interaction.o
                0x000000000000ca60                g_VEOS_Interaction
                0x000000000000cae0                g_VEOS_PortApi
                0x000000000000cd20                g_VEOS_MsgApi
                0x000000000000cd60                g_VEOS_SimApi

.dynamic        0x000000000000cdd8      0x1d0
 *(.dynamic)
 .dynamic       0x000000000000cdd8      0x1d0 c:/progra~1/common~1/dspace/gcc/103244~1.3_l/x86_64~1/bin/../../x86_64-linux-gnu/lib/crti.o
                0x000000000000cdd8                _DYNAMIC

.got            0x000000000000cfa8       0x50
 *(.got)
 .got           0x000000000000cfa8       0x50 c:/progra~1/common~1/dspace/gcc/103244~1.3_l/x86_64~1/bin/../../x86_64-linux-gnu/lib/crti.o
 *(.igot)
                0x000000000000dfe8                . = DATA_SEGMENT_RELRO_END (., (SIZEOF (.got.plt) >= 0x18)?0x18:0x0)

.got.plt        0x000000000000d000       0x30
 *(.got.plt)
 .got.plt       0x000000000000d000       0x30 c:/progra~1/common~1/dspace/gcc/103244~1.3_l/x86_64~1/bin/../../x86_64-linux-gnu/lib/crti.o
                0x000000000000d000                _GLOBAL_OFFSET_TABLE_
 *(.igot.plt)

.data           0x000000000000d040      0x5d0
 *(.data .data.* .gnu.linkonce.d.*)
 .data          0x000000000000d040        0x0 c:/progra~1/common~1/dspace/gcc/103244~1.3_l/x86_64~1/bin/../../x86_64-linux-gnu/lib/crti.o
 .data          0x000000000000d040        0x0 c:/progra~1/common~1/dspace/gcc/103244~1.3_l/x86_64~1/bin/../lib/gcc/x86_64-linux-gnu/10.3.0/crtbeginS.o
 .data.rel.local
                0x000000000000d040        0x8 c:/progra~1/common~1/dspace/gcc/103244~1.3_l/x86_64~1/bin/../lib/gcc/x86_64-linux-gnu/10.3.0/crtbeginS.o
                0x000000000000d040                __dso_handle
 .data          0x000000000000d048        0x0 .\BinaryArtifacts\followerAppl\HostPCLinux64_GCC\SmartServices_Cfg_generated.o
 .data.rel.local
                0x000000000000d048       0x18 .\BinaryArtifacts\followerAppl\HostPCLinux64_GCC\SmartServices_Cfg_generated.o
                0x000000000000d048                XilApiEesPortErrorSwitching
                0x000000000000d050                XilApiEesPortErrorActivated
                0x000000000000d058                XilApiEesPortActiveErrorSet
 .data          0x000000000000d060        0x4 .\BinaryArtifacts\followerAppl\HostPCLinux64_GCC\SmartServices.o
 *fill*         0x000000000000d064        0x4 
 .data.rel.local
                0x000000000000d068        0x8 .\BinaryArtifacts\followerAppl\HostPCLinux64_GCC\SmartServices.o
                0x000000000000d068                g_SmartServices_DsModelAccessEnabled
 .data          0x000000000000d070        0x0 .\BinaryArtifacts\followerAppl\HostPCLinux64_GCC\SicAppFrm_FunMod_generated.o
 .data          0x000000000000d070        0x4 .\BinaryArtifacts\followerAppl\HostPCLinux64_GCC\SicAppFrm_Task_generated.o
                0x000000000000d070                g_SicAppFrm_SampleTimeOffset_RunnableFunction1_PeriodicTask1_
 .data          0x000000000000d074        0x0 .\BinaryArtifacts\followerAppl\HostPCLinux64_GCC\SicAppFrm_AccPt_generated.o
 *fill*         0x000000000000d074        0xc 
 .data          0x000000000000d080       0x14 .\BinaryArtifacts\followerAppl\HostPCLinux64_GCC\SicAppFrm.o
                0x000000000000d080                ga_SicAppFrm_TimerEventCounters
                0x000000000000d090                ga_SicAppFrm_TaskPriorities
 *fill*         0x000000000000d094        0xc 
 .data.rel.local
                0x000000000000d0a0       0x10 .\BinaryArtifacts\followerAppl\HostPCLinux64_GCC\SicAppFrm.o
                0x000000000000d0a0                g_SicAppFrm_TaskSchedule
 .data          0x000000000000d0b0        0x0 .\BinaryArtifacts\followerAppl\HostPCLinux64_GCC\SicAppFrm_Queue.o
 .data          0x000000000000d0b0        0x0 .\BinaryArtifacts\followerAppl\HostPCLinux64_GCC\VEOS_Api.o
 .data          0x000000000000d0b0        0x0 .\BinaryArtifacts\followerAppl\HostPCLinux64_GCC\VEOS_BusApi.o
 .data          0x000000000000d0b0        0x8 .\BinaryArtifacts\followerAppl\HostPCLinux64_GCC\VEOS_ExpApi.o
                0x000000000000d0b0                ga_VEOS_ExpApi_Rasters
 .data          0x000000000000d0b8        0x0 .\BinaryArtifacts\followerAppl\HostPCLinux64_GCC\VEOS_SimApi.o
 .data          0x000000000000d0b8        0x0 .\BinaryArtifacts\followerAppl\HostPCLinux64_GCC\VEOS_NotiApi.o
 .data          0x000000000000d0b8        0x0 .\BinaryArtifacts\followerAppl\HostPCLinux64_GCC\VEOS_MsgApi.o
 .data          0x000000000000d0b8        0x0 .\BinaryArtifacts\followerAppl\HostPCLinux64_GCC\VEOS_PortApi.o
 .data          0x000000000000d0b8        0x0 .\BinaryArtifacts\followerAppl\HostPCLinux64_GCC\VEOS_OsTskApi.o
 .data          0x000000000000d0b8        0x0 .\BinaryArtifacts\followerAppl\HostPCLinux64_GCC\VEOS_Interaction.o
 *fill*         0x000000000000d0b8        0x8 
 .data          0x000000000000d0c0       0x10 .\BinaryArtifacts\followerAppl\HostPCLinux64_GCC\VEOS.o
                0x000000000000d0c0                ga_VEOS_ModelHash
 .data          0x000000000000d0d0        0x8 .\BinaryArtifacts\followerAppl\HostPCLinux64_GCC\VEOS_Impl.o
 .data          0x000000000000d0d8        0x0 .\BinaryArtifacts\followerAppl\HostPCLinux64_GCC\DsMsgApi.o
 .data          0x000000000000d0d8        0x0 C:/Users/DSPACE~1/AppData/Local/Temp/VEOS_S~1/BinaryArtifacts/followerAppl/HostPCLinux64_GCC/VEOS_followerAppl.a(followerAppl_dsrtmdlfcn.obj)
 .data          0x000000000000d0d8        0x0 C:/Users/DSPACE~1/AppData/Local/Temp/VEOS_S~1/BinaryArtifacts/followerAppl/HostPCLinux64_GCC/VEOS_followerAppl.a(followerAppl_dsrttf.obj)
 .data          0x000000000000d0d8        0x0 C:/Users/DSPACE~1/AppData/Local/Temp/VEOS_S~1/BinaryArtifacts/followerAppl/HostPCLinux64_GCC/VEOS_followerAppl.a(followerAppl.obj)
 *fill*         0x000000000000d0d8        0x8 
 .data          0x000000000000d0e0      0x1a8 C:/Users/DSPACE~1/AppData/Local/Temp/VEOS_S~1/BinaryArtifacts/followerAppl/HostPCLinux64_GCC/VEOS_followerAppl.a(followerAppl_data.obj)
                0x000000000000d0e0                followerAppl_P
 .data          0x000000000000d288        0x0 C:/Users/DSPACE~1/AppData/Local/Temp/VEOS_S~1/BinaryArtifacts/followerAppl/HostPCLinux64_GCC/VEOS_followerAppl.a(followerAppl_dsrtvdf.obj)
 .data          0x000000000000d288        0x0 C:/Users/DSPACE~1/AppData/Local/Temp/VEOS_S~1/BinaryArtifacts/followerAppl/HostPCLinux64_GCC/VEOS_followerAppl.a(rt_nonfinite.obj)
 .data          0x000000000000d288        0x0 C:/Users/DSPACE~1/AppData/Local/Temp/VEOS_S~1/BinaryArtifacts/followerAppl/HostPCLinux64_GCC/VEOS_followerAppl.a(rtGetInf.obj)
 .data          0x000000000000d288        0x0 C:/Users/DSPACE~1/AppData/Local/Temp/VEOS_S~1/BinaryArtifacts/followerAppl/HostPCLinux64_GCC/VEOS_followerAppl.a(rtGetNaN.obj)
 .data          0x000000000000d288        0x0 C:/Users/DSPACE~1/AppData/Local/Temp/VEOS_S~1/GeneratedCode/LibraryFiles/ModelInit/ModelInit_HostPCLinux64_GCC_Debug.a(ModelInit.obj)
 .data          0x000000000000d288        0x0 C:/Users/DSPACE~1/AppData/Local/Temp/VEOS_S~1/GeneratedCode/LibraryFiles/ModelInit/ModelInit_HostPCLinux64_GCC_Debug.a(VEOS_FrmRef.obj)
 *fill*         0x000000000000d288       0x18 
 .data          0x000000000000d2a0       0xd0 C:/Users/DSPACE~1/AppData/Local/Temp/VEOS_S~1/GeneratedCode/LibraryFiles/ModelInit/NoEcuIoCore_HostPCLinux64_GCC_Debug.a(NoEcuInit.obj)
                0x000000000000d2a0                g_VEOS_ModelInit_Ecu
 *fill*         0x000000000000d370       0x10 
 .data          0x000000000000d380       0xd0 C:/Users/DSPACE~1/AppData/Local/Temp/VEOS_S~1/GeneratedCode/LibraryFiles/ModelInit/NoCanIoCore_HostPCLinux64_GCC_Debug.a(NoCanInit.obj)
                0x000000000000d380                g_VEOS_ModelInit_Can
 *fill*         0x000000000000d450       0x10 
 .data          0x000000000000d460       0xd0 C:/Users/DSPACE~1/AppData/Local/Temp/VEOS_S~1/GeneratedCode/LibraryFiles/ModelInit/NoLinIoCore_HostPCLinux64_GCC_Debug.a(NoLinInit.obj)
                0x000000000000d460                g_VEOS_ModelInit_Lin
 *fill*         0x000000000000d530       0x10 
 .data          0x000000000000d540       0xd0 C:/Users/DSPACE~1/AppData/Local/Temp/VEOS_S~1/GeneratedCode/LibraryFiles/ModelInit/NoEthIoCore_HostPCLinux64_GCC_Debug.a(NoEthInit.obj)
                0x000000000000d540                g_VEOS_ModelInit_Eth
 .data          0x000000000000d610        0x0 c:/progra~1/common~1/dspace/gcc/103244~1.3_l/x86_64~1/bin/../lib/gcc/x86_64-linux-gnu/10.3.0/crtendS.o
 .data          0x000000000000d610        0x0 c:/progra~1/common~1/dspace/gcc/103244~1.3_l/x86_64~1/bin/../../x86_64-linux-gnu/lib/crtn.o

.tm_clone_table
                0x000000000000d610        0x0
 .tm_clone_table
                0x000000000000d610        0x0 c:/progra~1/common~1/dspace/gcc/103244~1.3_l/x86_64~1/bin/../lib/gcc/x86_64-linux-gnu/10.3.0/crtbeginS.o
 .tm_clone_table
                0x000000000000d610        0x0 c:/progra~1/common~1/dspace/gcc/103244~1.3_l/x86_64~1/bin/../lib/gcc/x86_64-linux-gnu/10.3.0/crtendS.o

VEOS_CAL        0x000000000000d610        0x3
 VEOS_CAL       0x000000000000d610        0x1 .\BinaryArtifacts\followerAppl\HostPCLinux64_GCC\VEOS_BusApi.o
                0x000000000000d610                g_VEOS_DisconnectBuses
 VEOS_CAL       0x000000000000d611        0x1 .\BinaryArtifacts\followerAppl\HostPCLinux64_GCC\VEOS_SimApi.o
                0x000000000000d611                g_VEOS_DisconnectCompletely
 VEOS_CAL       0x000000000000d612        0x1 .\BinaryArtifacts\followerAppl\HostPCLinux64_GCC\VEOS_PortApi.o
                0x000000000000d612                g_VEOS_DisconnectPorts

.data1
 *(.data1)
                [!provide]                        PROVIDE (_edata = .)
                [!provide]                        PROVIDE (edata = .)
                0x000000000000d613                . = .
                [!provide]                        PROVIDE (__bss_start = .)

.bss            0x000000000000d620      0x9a8
 *(.dynbss)
 .dynbss        0x000000000000d620        0x0 c:/progra~1/common~1/dspace/gcc/103244~1.3_l/x86_64~1/bin/../../x86_64-linux-gnu/lib/crti.o
 *(.bss .bss.* .gnu.linkonce.b.*)
 .bss           0x000000000000d620        0x0 c:/progra~1/common~1/dspace/gcc/103244~1.3_l/x86_64~1/bin/../../x86_64-linux-gnu/lib/crti.o
 .bss           0x000000000000d620       0x10 c:/progra~1/common~1/dspace/gcc/103244~1.3_l/x86_64~1/bin/../lib/gcc/x86_64-linux-gnu/10.3.0/crtbeginS.o
 .bss           0x000000000000d630       0x14 .\BinaryArtifacts\followerAppl\HostPCLinux64_GCC\SmartServices_Cfg_generated.o
                0x000000000000d630                XilApiEesPortTrigger
                0x000000000000d634                XilApiEesPortFlags
                0x000000000000d638                XilApiEesPortErrorSwitchingValue
                0x000000000000d63c                XilApiEesPortErrorActivatedValue
                0x000000000000d640                XilApiEesPortActiveErrorSetValue
 *fill*         0x000000000000d644        0x4 
 .bss           0x000000000000d648       0x38 .\BinaryArtifacts\followerAppl\HostPCLinux64_GCC\SmartServices.o
                0x000000000000d648                gp_SmartServices_DsModelAccessWrite
                0x000000000000d650                gp_SmartServices_DsModelAccessRead
                0x000000000000d658                gp_SmartServices_DsModelAccessInit
                0x000000000000d660                gp_SmartServices_DsRtt_SetAsync
                0x000000000000d668                gp_SmartServices_DsRtt_ScriptServicePreComputation
                0x000000000000d670                gp_SmartServices_DsRtt_ScriptServicePostComputation
                0x000000000000d678                gp_SmartServices_DsDaq_Service
 .bss           0x000000000000d680        0x0 .\BinaryArtifacts\followerAppl\HostPCLinux64_GCC\SicAppFrm_FunMod_generated.o
 .bss           0x000000000000d680        0x4 .\BinaryArtifacts\followerAppl\HostPCLinux64_GCC\SicAppFrm_Task_generated.o
                0x000000000000d680                g_SicAppFrm_NumberOfInvocations_Virtual_Task_0
 .bss           0x000000000000d684        0x0 .\BinaryArtifacts\followerAppl\HostPCLinux64_GCC\SicAppFrm_AccPt_generated.o
 *fill*         0x000000000000d684        0xc 
 .bss           0x000000000000d690       0x3d .\BinaryArtifacts\followerAppl\HostPCLinux64_GCC\SicAppFrm.o
                0x000000000000d690                gp_SicAppFrm_ScheduledTasks
                0x000000000000d698                ga_SicAppFrm_TaskOverruns
                0x000000000000d6a0                ga_SicAppFrm_TaskScheduleItems
                0x000000000000d6b0                ga_SicAppFrm_ScheduledTasks
                0x000000000000d6c0                g_SicAppFrm_Kernel
 .bss           0x000000000000d6cd        0x0 .\BinaryArtifacts\followerAppl\HostPCLinux64_GCC\SicAppFrm_Queue.o
 .bss           0x000000000000d6cd        0x0 .\BinaryArtifacts\followerAppl\HostPCLinux64_GCC\VEOS_Api.o
 .bss           0x000000000000d6cd        0x0 .\BinaryArtifacts\followerAppl\HostPCLinux64_GCC\VEOS_BusApi.o
 *fill*         0x000000000000d6cd        0x3 
 .bss           0x000000000000d6d0        0x8 .\BinaryArtifacts\followerAppl\HostPCLinux64_GCC\VEOS_ExpApi.o
                0x000000000000d6d0                gp_VEOS_ExpApi_Instance
 .bss           0x000000000000d6d8       0x34 .\BinaryArtifacts\followerAppl\HostPCLinux64_GCC\VEOS_SimApi.o
                0x000000000000d6d8                gp_VEOS_SimApi_Instance
                0x000000000000d6e0                g_VEOS_SimApi_RealTimeDeviation
                0x000000000000d6e8                g_VEOS_CurrentSimulationCounter_1ns
                0x000000000000d6f0                g_VEOS_CurrentSimulationTime
                0x000000000000d6f8                g_VEOS_SimApi_CurrentEventStatus
                0x000000000000d6fa                g_VEOS_SimApi_SignalErrorOn
                0x000000000000d700                gp_VEOS_TargetAddressBase
                0x000000000000d708                g_VEOS_ApplicationId
 *fill*         0x000000000000d70c        0x4 
 .bss           0x000000000000d710        0x8 .\BinaryArtifacts\followerAppl\HostPCLinux64_GCC\VEOS_NotiApi.o
                0x000000000000d710                gp_VEOS_NotiApi_Instance
 .bss           0x000000000000d718        0x8 .\BinaryArtifacts\followerAppl\HostPCLinux64_GCC\VEOS_MsgApi.o
                0x000000000000d718                gp_VEOS_MsgApi_Instance
 .bss           0x000000000000d720        0x0 .\BinaryArtifacts\followerAppl\HostPCLinux64_GCC\VEOS_PortApi.o
 .bss           0x000000000000d720        0x8 .\BinaryArtifacts\followerAppl\HostPCLinux64_GCC\VEOS_OsTskApi.o
                0x000000000000d720                gp_VEOS_OsTskApi_Instance
 .bss           0x000000000000d728        0x0 .\BinaryArtifacts\followerAppl\HostPCLinux64_GCC\VEOS_Interaction.o
 .bss           0x000000000000d728        0x0 .\BinaryArtifacts\followerAppl\HostPCLinux64_GCC\VEOS.o
 .bss           0x000000000000d728        0x0 .\BinaryArtifacts\followerAppl\HostPCLinux64_GCC\VEOS_Impl.o
 .bss           0x000000000000d728        0x0 .\BinaryArtifacts\followerAppl\HostPCLinux64_GCC\DsMsgApi.o
 .bss           0x000000000000d728        0x4 C:/Users/DSPACE~1/AppData/Local/Temp/VEOS_S~1/BinaryArtifacts/followerAppl/HostPCLinux64_GCC/VEOS_followerAppl.a(followerAppl_dsrtmdlfcn.obj)
                0x000000000000d728                DSRTStopSimulation
 .bss           0x000000000000d72c        0x0 C:/Users/DSPACE~1/AppData/Local/Temp/VEOS_S~1/BinaryArtifacts/followerAppl/HostPCLinux64_GCC/VEOS_followerAppl.a(followerAppl_dsrttf.obj)
 *fill*         0x000000000000d72c       0x14 
 .bss           0x000000000000d740      0x388 C:/Users/DSPACE~1/AppData/Local/Temp/VEOS_S~1/BinaryArtifacts/followerAppl/HostPCLinux64_GCC/VEOS_followerAppl.a(followerAppl.obj)
                0x000000000000d740                followerAppl_U
                0x000000000000d750                followerAppl_PrevZCX
                0x000000000000d760                followerAppl_DW
                0x000000000000d780                followerAppl_X
                0x000000000000d7a0                followerAppl_B
 .bss           0x000000000000dac8        0x0 C:/Users/DSPACE~1/AppData/Local/Temp/VEOS_S~1/BinaryArtifacts/followerAppl/HostPCLinux64_GCC/VEOS_followerAppl.a(followerAppl_data.obj)
 .bss           0x000000000000dac8       0xa0 C:/Users/DSPACE~1/AppData/Local/Temp/VEOS_S~1/BinaryArtifacts/followerAppl/HostPCLinux64_GCC/VEOS_followerAppl.a(followerAppl_dsrtvdf.obj)
                0x000000000000dac8                p_0_followerAppl_real_T_0
                0x000000000000dad0                p_0_followerAppl_int32_T_1
                0x000000000000dad8                p_0_followerAppl_boolean_T_2
                0x000000000000dae0                p_0_followerAppl_real_T_3
                0x000000000000dae8                p_0_followerAppl_real_T_4
                0x000000000000daf0                p_0_followerAppl_real_T_5
                0x000000000000daf8                p_0_followerAppl_real_T_6
                0x000000000000db00                p_1_followerAppl_real_T_0
                0x000000000000db08                p_2_followerAppl_real_T_0
                0x000000000000db10                p_2_followerAppl_boolean_T_1
                0x000000000000db18                p_2_followerAppl_real_T_2
                0x000000000000db20                p_2_followerAppl_real_T_3
                0x000000000000db28                p_2_followerAppl_real_T_4
                0x000000000000db30                p_2_followerAppl_real_T_5
                0x000000000000db38                p_3_followerAppl_real_T_0
                0x000000000000db40                p_3_followerAppl_uint32_T_1
                0x000000000000db48                p_3_followerAppl_boolean_T_2
                0x000000000000db50                p_3_followerAppl_boolean_T_3
                0x000000000000db58                p_3_followerAppl_boolean_T_4
                0x000000000000db60                p_4_followerAppl_real_T_0
 .bss           0x000000000000db68       0x28 C:/Users/DSPACE~1/AppData/Local/Temp/VEOS_S~1/BinaryArtifacts/followerAppl/HostPCLinux64_GCC/VEOS_followerAppl.a(rt_nonfinite.obj)
                0x000000000000db68                rtNaNF
                0x000000000000db6c                rtMinusInfF
                0x000000000000db70                rtInfF
                0x000000000000db78                rtNaN
                0x000000000000db80                rtMinusInf
                0x000000000000db88                rtInf
 .bss           0x000000000000db90        0x0 C:/Users/DSPACE~1/AppData/Local/Temp/VEOS_S~1/BinaryArtifacts/followerAppl/HostPCLinux64_GCC/VEOS_followerAppl.a(rtGetInf.obj)
 .bss           0x000000000000db90        0x0 C:/Users/DSPACE~1/AppData/Local/Temp/VEOS_S~1/BinaryArtifacts/followerAppl/HostPCLinux64_GCC/VEOS_followerAppl.a(rtGetNaN.obj)
 .bss           0x000000000000db90        0x0 C:/Users/DSPACE~1/AppData/Local/Temp/VEOS_S~1/GeneratedCode/LibraryFiles/ModelInit/ModelInit_HostPCLinux64_GCC_Debug.a(ModelInit.obj)
 .bss           0x000000000000db90      0x3b2 C:/Users/DSPACE~1/AppData/Local/Temp/VEOS_S~1/GeneratedCode/LibraryFiles/ModelInit/ModelInit_HostPCLinux64_GCC_Debug.a(VEOS_FrmRef.obj)
                0x000000000000db90                gp_VEOS_OsTskApi_GetCurrentThreadId
                0x000000000000db98                gp_VEOS_OsTskApi_SwitchToThread
                0x000000000000dba0                gp_VEOS_OsTskApi_DeleteThread
                0x000000000000dba8                gp_VEOS_OsTskApi_CreateThread
                0x000000000000dbb0                gp_VEOS_PortApi_WriteVarSizePortBinary
                0x000000000000dbb8                gp_VEOS_PortApi_WriteVarSizePortFloat64
                0x000000000000dbc0                gp_VEOS_PortApi_WriteVarSizePortFloat32
                0x000000000000dbc8                gp_VEOS_PortApi_WriteVarSizePortBoolean
                0x000000000000dbd0                gp_VEOS_PortApi_WriteVarSizePortSInt64
                0x000000000000dbd8                gp_VEOS_PortApi_WriteVarSizePortUInt64
                0x000000000000dbe0                gp_VEOS_PortApi_WriteVarSizePortSInt32
                0x000000000000dbe8                gp_VEOS_PortApi_WriteVarSizePortUInt32
                0x000000000000dbf0                gp_VEOS_PortApi_WriteVarSizePortSInt16
                0x000000000000dbf8                gp_VEOS_PortApi_WriteVarSizePortUInt16
                0x000000000000dc00                gp_VEOS_PortApi_WriteVarSizePortSInt8
                0x000000000000dc08                gp_VEOS_PortApi_WriteVarSizePortUInt8
                0x000000000000dc10                gp_VEOS_PortApi_WriteVectorPortFloat64
                0x000000000000dc18                gp_VEOS_PortApi_WriteVectorPortFloat32
                0x000000000000dc20                gp_VEOS_PortApi_WriteVectorPortBoolean
                0x000000000000dc28                gp_VEOS_PortApi_WriteVectorPortSInt64
                0x000000000000dc30                gp_VEOS_PortApi_WriteVectorPortUInt64
                0x000000000000dc38                gp_VEOS_PortApi_WriteVectorPortSInt32
                0x000000000000dc40                gp_VEOS_PortApi_WriteVectorPortUInt32
                0x000000000000dc48                gp_VEOS_PortApi_WriteVectorPortSInt16
                0x000000000000dc50                gp_VEOS_PortApi_WriteVectorPortUInt16
                0x000000000000dc58                gp_VEOS_PortApi_WriteVectorPortSInt8
                0x000000000000dc60                gp_VEOS_PortApi_WriteVectorPortUInt8
                0x000000000000dc68                gp_VEOS_PortApi_WriteScalarPortFloat64
                0x000000000000dc70                gp_VEOS_PortApi_WriteScalarPortFloat32
                0x000000000000dc78                gp_VEOS_PortApi_WriteScalarPortBoolean
                0x000000000000dc80                gp_VEOS_PortApi_WriteScalarPortSInt64
                0x000000000000dc88                gp_VEOS_PortApi_WriteScalarPortUInt64
                0x000000000000dc90                gp_VEOS_PortApi_WriteScalarPortSInt32
                0x000000000000dc98                gp_VEOS_PortApi_WriteScalarPortUInt32
                0x000000000000dca0                gp_VEOS_PortApi_WriteScalarPortSInt16
                0x000000000000dca8                gp_VEOS_PortApi_WriteScalarPortUInt16
                0x000000000000dcb0                gp_VEOS_PortApi_WriteScalarPortSInt8
                0x000000000000dcb8                gp_VEOS_PortApi_WriteScalarPortUInt8
                0x000000000000dcc0                gp_VEOS_PortApi_GetInPortBuffer
                0x000000000000dcc8                gp_VEOS_PortApi_ReadVarSizePortBinary
                0x000000000000dcd0                gp_VEOS_PortApi_ReadVarSizePortFloat64
                0x000000000000dcd8                gp_VEOS_PortApi_ReadVarSizePortFloat32
                0x000000000000dce0                gp_VEOS_PortApi_ReadVarSizePortBoolean
                0x000000000000dce8                gp_VEOS_PortApi_ReadVarSizePortSInt64
                0x000000000000dcf0                gp_VEOS_PortApi_ReadVarSizePortUInt64
                0x000000000000dcf8                gp_VEOS_PortApi_ReadVarSizePortSInt32
                0x000000000000dd00                gp_VEOS_PortApi_ReadVarSizePortUInt32
                0x000000000000dd08                gp_VEOS_PortApi_ReadVarSizePortSInt16
                0x000000000000dd10                gp_VEOS_PortApi_ReadVarSizePortUInt16
                0x000000000000dd18                gp_VEOS_PortApi_ReadVarSizePortSInt8
                0x000000000000dd20                gp_VEOS_PortApi_ReadVarSizePortUInt8
                0x000000000000dd28                gp_VEOS_PortApi_ReadVectorPortFloat64
                0x000000000000dd30                gp_VEOS_PortApi_ReadVectorPortFloat32
                0x000000000000dd38                gp_VEOS_PortApi_ReadVectorPortBoolean
                0x000000000000dd40                gp_VEOS_PortApi_ReadVectorPortSInt64
                0x000000000000dd48                gp_VEOS_PortApi_ReadVectorPortUInt64
                0x000000000000dd50                gp_VEOS_PortApi_ReadVectorPortSInt32
                0x000000000000dd58                gp_VEOS_PortApi_ReadVectorPortUInt32
                0x000000000000dd60                gp_VEOS_PortApi_ReadVectorPortSInt16
                0x000000000000dd68                gp_VEOS_PortApi_ReadVectorPortUInt16
                0x000000000000dd70                gp_VEOS_PortApi_ReadVectorPortSInt8
                0x000000000000dd78                gp_VEOS_PortApi_ReadVectorPortUInt8
                0x000000000000dd80                gp_VEOS_PortApi_ReadScalarPortFloat64
                0x000000000000dd88                gp_VEOS_PortApi_ReadScalarPortFloat32
                0x000000000000dd90                gp_VEOS_PortApi_ReadScalarPortBoolean
                0x000000000000dd98                gp_VEOS_PortApi_ReadScalarPortSInt64
                0x000000000000dda0                gp_VEOS_PortApi_ReadScalarPortUInt64
                0x000000000000dda8                gp_VEOS_PortApi_ReadScalarPortSInt32
                0x000000000000ddb0                gp_VEOS_PortApi_ReadScalarPortUInt32
                0x000000000000ddb8                gp_VEOS_PortApi_ReadScalarPortSInt16
                0x000000000000ddc0                gp_VEOS_PortApi_ReadScalarPortUInt16
                0x000000000000ddc8                gp_VEOS_PortApi_ReadScalarPortSInt8
                0x000000000000ddd0                gp_VEOS_PortApi_ReadScalarPortUInt8
                0x000000000000ddd8                gp_VEOS_MsgApi_LogMessageVarArgs
                0x000000000000dde0                gp_VEOS_MsgApi_ShowMessageVarArgs
                0x000000000000dde8                gp_VEOS_MsgApi_ShowMessage
                0x000000000000ddf0                gp_VEOS_NotiApi_CancelNotification
                0x000000000000ddf8                gp_VEOS_NotiApi_StartNotification
                0x000000000000de00                gp_VEOS_NotiApi_CreateNotification
                0x000000000000de08                gp_VEOS_SimApi_TerminateSimulationFatal
                0x000000000000de10                gp_VEOS_SimApi_TerminateSimulation
                0x000000000000de18                gp_VEOS_PauseSimulation
                0x000000000000de20                gp_VEOS_XcpRegisterDaqAddressExtension
                0x000000000000de28                gp_VEOS_ExpApi_XcpService
                0x000000000000de30                gp_VEOS_BusApi_LinMsgReadRxData
                0x000000000000de38                gp_VEOS_BusApi_LinMsgTransmitData
                0x000000000000de40                gp_VEOS_BusApi_LinRegisterHeaderReceiveEvent
                0x000000000000de48                gp_VEOS_BusApi_LinMsgSetMaxDlc
                0x000000000000de50                gp_VEOS_BusApi_LinMsgTransmitHeader
                0x000000000000de58                gp_VEOS_BusApi_CanChSetDataPhaseBaudRate
                0x000000000000de60                gp_VEOS_BusApi_CanChGetDataPhaseBaudRate
                0x000000000000de68                gp_VEOS_BusApi_CanMsgSetBaudRateFilter
                0x000000000000de70                gp_VEOS_BusApi_CanMsgReadRxData
                0x000000000000de78                gp_VEOS_BusApi_CanMsgTransmitData
                0x000000000000de80                gp_VEOS_BusApi_MsgSetFilter
                0x000000000000de88                gp_VEOS_BusApi_MsgGetQueueLength
                0x000000000000de90                gp_VEOS_BusApi_MsgGetMonitorHandle
                0x000000000000de98                gp_VEOS_BusApi_MsgGetMailboxHandle
                0x000000000000dea0                gp_VEOS_BusApi_MsgClearQueue
                0x000000000000dea8                gp_VEOS_BusApi_MsgApplyChanges
                0x000000000000deb0                gp_VEOS_BusApi_MsgReadRxData
                0x000000000000deb8                gp_VEOS_BusApi_MsgTransmitData
                0x000000000000dec0                gp_VEOS_BusApi_MsgRegisterReceiveEvent
                0x000000000000dec8                gp_VEOS_BusApi_MsgSetQueueSize
                0x000000000000ded0                gp_VEOS_BusApi_MsgGetStatus
                0x000000000000ded8                gp_VEOS_BusApi_MsgDeactivate
                0x000000000000dee0                gp_VEOS_BusApi_MsgActivate
                0x000000000000dee8                gp_VEOS_BusApi_ChSleep
                0x000000000000def0                gp_VEOS_BusApi_ChApplyChanges
                0x000000000000def8                gp_VEOS_BusApi_ChRegisterStatusEvent
                0x000000000000df00                gp_VEOS_BusApi_ChGetBaudrate
                0x000000000000df08                gp_VEOS_BusApi_ChSetBaudrate
                0x000000000000df10                gp_VEOS_BusApi_ChGetStatus
                0x000000000000df18                gp_VEOS_BusApi_ChDeactivate
                0x000000000000df20                gp_VEOS_BusApi_ChActivate
                0x000000000000df28                gp_VEOS_BusApi_ChGetHandle
                0x000000000000df30                g_VEOS_LastFuncCalled
                0x000000000000df38                g_VEOS_LastApiCalled
                0x000000000000df40                g_VEOS_LastError
 *fill*         0x000000000000df42        0xe 
 .bss           0x000000000000df50       0x18 C:/Users/DSPACE~1/AppData/Local/Temp/VEOS_S~1/GeneratedCode/LibraryFiles/ModelInit/NoEcuIoCore_HostPCLinux64_GCC_Debug.a(NoEcuInit.obj)
 *fill*         0x000000000000df68        0x8 
 .bss           0x000000000000df70       0x18 C:/Users/DSPACE~1/AppData/Local/Temp/VEOS_S~1/GeneratedCode/LibraryFiles/ModelInit/NoCanIoCore_HostPCLinux64_GCC_Debug.a(NoCanInit.obj)
 *fill*         0x000000000000df88        0x8 
 .bss           0x000000000000df90       0x18 C:/Users/DSPACE~1/AppData/Local/Temp/VEOS_S~1/GeneratedCode/LibraryFiles/ModelInit/NoLinIoCore_HostPCLinux64_GCC_Debug.a(NoLinInit.obj)
 *fill*         0x000000000000dfa8        0x8 
 .bss           0x000000000000dfb0       0x18 C:/Users/DSPACE~1/AppData/Local/Temp/VEOS_S~1/GeneratedCode/LibraryFiles/ModelInit/NoEthIoCore_HostPCLinux64_GCC_Debug.a(NoEthInit.obj)
 .bss           0x000000000000dfc8        0x0 c:/progra~1/common~1/dspace/gcc/103244~1.3_l/x86_64~1/bin/../lib/gcc/x86_64-linux-gnu/10.3.0/crtendS.o
 .bss           0x000000000000dfc8        0x0 c:/progra~1/common~1/dspace/gcc/103244~1.3_l/x86_64~1/bin/../../x86_64-linux-gnu/lib/crtn.o
 *(COMMON)
                0x000000000000dfc8                . = ALIGN ((. != 0x0)?0x8:0x1)

.lbss
 *(.dynlbss)
 *(.lbss .lbss.* .gnu.linkonce.lb.*)
 *(LARGE_COMMON)
                0x000000000000dfc8                . = ALIGN (0x8)
                0x000000000000dfc8                . = SEGMENT_START ("ldata-segment", .)

.lrodata
 *(.lrodata .lrodata.* .gnu.linkonce.lr.*)

.ldata          0x000000000000ffc8        0x0
 *(.ldata .ldata.* .gnu.linkonce.l.*)
                0x000000000000ffc8                . = ALIGN ((. != 0x0)?0x8:0x1)
                0x000000000000ffc8                . = ALIGN (0x8)
                [!provide]                        PROVIDE (_end = .)
                [!provide]                        PROVIDE (end = .)
                0x000000000000ffc8                . = DATA_SEGMENT_END (.)

.stab
 *(.stab)

.stabstr
 *(.stabstr)

.stab.excl
 *(.stab.excl)

.stab.exclstr
 *(.stab.exclstr)

.stab.index
 *(.stab.index)

.stab.indexstr
 *(.stab.indexstr)

.comment        0x0000000000000000       0x3c
 *(.comment)
 .comment       0x0000000000000000       0x2a c:/progra~1/common~1/dspace/gcc/103244~1.3_l/x86_64~1/bin/../lib/gcc/x86_64-linux-gnu/10.3.0/crtbeginS.o
                                         0x2b (size before relaxing)
 .comment       0x000000000000002a       0x12 .\BinaryArtifacts\followerAppl\HostPCLinux64_GCC\SmartServices_Cfg_generated.o
                                         0x13 (size before relaxing)
 .comment       0x000000000000003c       0x13 .\BinaryArtifacts\followerAppl\HostPCLinux64_GCC\SmartServices.o
 .comment       0x000000000000003c       0x13 .\BinaryArtifacts\followerAppl\HostPCLinux64_GCC\SicAppFrm_FunMod_generated.o
 .comment       0x000000000000003c       0x13 .\BinaryArtifacts\followerAppl\HostPCLinux64_GCC\SicAppFrm_Task_generated.o
 .comment       0x000000000000003c       0x13 .\BinaryArtifacts\followerAppl\HostPCLinux64_GCC\SicAppFrm_AccPt_generated.o
 .comment       0x000000000000003c       0x13 .\BinaryArtifacts\followerAppl\HostPCLinux64_GCC\SicAppFrm.o
 .comment       0x000000000000003c       0x13 .\BinaryArtifacts\followerAppl\HostPCLinux64_GCC\SicAppFrm_Queue.o
 .comment       0x000000000000003c       0x13 .\BinaryArtifacts\followerAppl\HostPCLinux64_GCC\VEOS_Api.o
 .comment       0x000000000000003c       0x13 .\BinaryArtifacts\followerAppl\HostPCLinux64_GCC\VEOS_BusApi.o
 .comment       0x000000000000003c       0x13 .\BinaryArtifacts\followerAppl\HostPCLinux64_GCC\VEOS_ExpApi.o
 .comment       0x000000000000003c       0x13 .\BinaryArtifacts\followerAppl\HostPCLinux64_GCC\VEOS_SimApi.o
 .comment       0x000000000000003c       0x13 .\BinaryArtifacts\followerAppl\HostPCLinux64_GCC\VEOS_NotiApi.o
 .comment       0x000000000000003c       0x13 .\BinaryArtifacts\followerAppl\HostPCLinux64_GCC\VEOS_MsgApi.o
 .comment       0x000000000000003c       0x13 .\BinaryArtifacts\followerAppl\HostPCLinux64_GCC\VEOS_PortApi.o
 .comment       0x000000000000003c       0x13 .\BinaryArtifacts\followerAppl\HostPCLinux64_GCC\VEOS_OsTskApi.o
 .comment       0x000000000000003c       0x13 .\BinaryArtifacts\followerAppl\HostPCLinux64_GCC\VEOS_Interaction.o
 .comment       0x000000000000003c       0x13 .\BinaryArtifacts\followerAppl\HostPCLinux64_GCC\VEOS.o
 .comment       0x000000000000003c       0x13 .\BinaryArtifacts\followerAppl\HostPCLinux64_GCC\VEOS_Impl.o
 .comment       0x000000000000003c       0x13 .\BinaryArtifacts\followerAppl\HostPCLinux64_GCC\DsMsgApi.o
 .comment       0x000000000000003c       0x13 C:/Users/DSPACE~1/AppData/Local/Temp/VEOS_S~1/BinaryArtifacts/followerAppl/HostPCLinux64_GCC/VEOS_followerAppl.a(followerAppl_dsrtmdlfcn.obj)
 .comment       0x000000000000003c       0x13 C:/Users/DSPACE~1/AppData/Local/Temp/VEOS_S~1/BinaryArtifacts/followerAppl/HostPCLinux64_GCC/VEOS_followerAppl.a(followerAppl_dsrttf.obj)
 .comment       0x000000000000003c       0x13 C:/Users/DSPACE~1/AppData/Local/Temp/VEOS_S~1/BinaryArtifacts/followerAppl/HostPCLinux64_GCC/VEOS_followerAppl.a(followerAppl.obj)
 .comment       0x000000000000003c       0x13 C:/Users/DSPACE~1/AppData/Local/Temp/VEOS_S~1/BinaryArtifacts/followerAppl/HostPCLinux64_GCC/VEOS_followerAppl.a(followerAppl_data.obj)
 .comment       0x000000000000003c       0x13 C:/Users/DSPACE~1/AppData/Local/Temp/VEOS_S~1/BinaryArtifacts/followerAppl/HostPCLinux64_GCC/VEOS_followerAppl.a(followerAppl_dsrtvdf.obj)
 .comment       0x000000000000003c       0x13 C:/Users/DSPACE~1/AppData/Local/Temp/VEOS_S~1/BinaryArtifacts/followerAppl/HostPCLinux64_GCC/VEOS_followerAppl.a(rt_nonfinite.obj)
 .comment       0x000000000000003c       0x13 C:/Users/DSPACE~1/AppData/Local/Temp/VEOS_S~1/BinaryArtifacts/followerAppl/HostPCLinux64_GCC/VEOS_followerAppl.a(rtGetInf.obj)
 .comment       0x000000000000003c       0x13 C:/Users/DSPACE~1/AppData/Local/Temp/VEOS_S~1/BinaryArtifacts/followerAppl/HostPCLinux64_GCC/VEOS_followerAppl.a(rtGetNaN.obj)
 .comment       0x000000000000003c       0x13 C:/Users/DSPACE~1/AppData/Local/Temp/VEOS_S~1/GeneratedCode/LibraryFiles/ModelInit/ModelInit_HostPCLinux64_GCC_Debug.a(ModelInit.obj)
 .comment       0x000000000000003c       0x13 C:/Users/DSPACE~1/AppData/Local/Temp/VEOS_S~1/GeneratedCode/LibraryFiles/ModelInit/ModelInit_HostPCLinux64_GCC_Debug.a(VEOS_FrmRef.obj)
 .comment       0x000000000000003c       0x13 C:/Users/DSPACE~1/AppData/Local/Temp/VEOS_S~1/GeneratedCode/LibraryFiles/ModelInit/NoEcuIoCore_HostPCLinux64_GCC_Debug.a(NoEcuInit.obj)
 .comment       0x000000000000003c       0x13 C:/Users/DSPACE~1/AppData/Local/Temp/VEOS_S~1/GeneratedCode/LibraryFiles/ModelInit/NoCanIoCore_HostPCLinux64_GCC_Debug.a(NoCanInit.obj)
 .comment       0x000000000000003c       0x13 C:/Users/DSPACE~1/AppData/Local/Temp/VEOS_S~1/GeneratedCode/LibraryFiles/ModelInit/NoLinIoCore_HostPCLinux64_GCC_Debug.a(NoLinInit.obj)
 .comment       0x000000000000003c       0x13 C:/Users/DSPACE~1/AppData/Local/Temp/VEOS_S~1/GeneratedCode/LibraryFiles/ModelInit/NoEthIoCore_HostPCLinux64_GCC_Debug.a(NoEthInit.obj)
 .comment       0x000000000000003c       0x2b c:/progra~1/common~1/dspace/gcc/103244~1.3_l/x86_64~1/bin/../lib/gcc/x86_64-linux-gnu/10.3.0/crtendS.o

.gnu.build.attributes
 *(.gnu.build.attributes .gnu.build.attributes.*)

.debug
 *(.debug)

.line
 *(.line)

.debug_srcinfo
 *(.debug_srcinfo)

.debug_sfnames
 *(.debug_sfnames)

.debug_aranges  0x0000000000000000      0x670
 *(.debug_aranges)
 .debug_aranges
                0x0000000000000000       0x40 c:/progra~1/common~1/dspace/gcc/103244~1.3_l/x86_64~1/bin/../../x86_64-linux-gnu/lib/crti.o
 .debug_aranges
                0x0000000000000040       0x20 .\BinaryArtifacts\followerAppl\HostPCLinux64_GCC\SmartServices_Cfg_generated.o
 .debug_aranges
                0x0000000000000060       0x30 .\BinaryArtifacts\followerAppl\HostPCLinux64_GCC\SmartServices.o
 .debug_aranges
                0x0000000000000090       0x30 .\BinaryArtifacts\followerAppl\HostPCLinux64_GCC\SicAppFrm_FunMod_generated.o
 .debug_aranges
                0x00000000000000c0       0x30 .\BinaryArtifacts\followerAppl\HostPCLinux64_GCC\SicAppFrm_Task_generated.o
 .debug_aranges
                0x00000000000000f0       0x30 .\BinaryArtifacts\followerAppl\HostPCLinux64_GCC\SicAppFrm_AccPt_generated.o
 .debug_aranges
                0x0000000000000120       0x30 .\BinaryArtifacts\followerAppl\HostPCLinux64_GCC\SicAppFrm.o
 .debug_aranges
                0x0000000000000150       0x30 .\BinaryArtifacts\followerAppl\HostPCLinux64_GCC\SicAppFrm_Queue.o
 .debug_aranges
                0x0000000000000180       0x30 .\BinaryArtifacts\followerAppl\HostPCLinux64_GCC\VEOS_Api.o
 .debug_aranges
                0x00000000000001b0       0x30 .\BinaryArtifacts\followerAppl\HostPCLinux64_GCC\VEOS_BusApi.o
 .debug_aranges
                0x00000000000001e0       0x30 .\BinaryArtifacts\followerAppl\HostPCLinux64_GCC\VEOS_ExpApi.o
 .debug_aranges
                0x0000000000000210       0x30 .\BinaryArtifacts\followerAppl\HostPCLinux64_GCC\VEOS_SimApi.o
 .debug_aranges
                0x0000000000000240       0x30 .\BinaryArtifacts\followerAppl\HostPCLinux64_GCC\VEOS_NotiApi.o
 .debug_aranges
                0x0000000000000270       0x30 .\BinaryArtifacts\followerAppl\HostPCLinux64_GCC\VEOS_MsgApi.o
 .debug_aranges
                0x00000000000002a0       0x30 .\BinaryArtifacts\followerAppl\HostPCLinux64_GCC\VEOS_PortApi.o
 .debug_aranges
                0x00000000000002d0       0x30 .\BinaryArtifacts\followerAppl\HostPCLinux64_GCC\VEOS_OsTskApi.o
 .debug_aranges
                0x0000000000000300       0x20 .\BinaryArtifacts\followerAppl\HostPCLinux64_GCC\VEOS_Interaction.o
 .debug_aranges
                0x0000000000000320       0x30 .\BinaryArtifacts\followerAppl\HostPCLinux64_GCC\VEOS.o
 .debug_aranges
                0x0000000000000350       0x30 .\BinaryArtifacts\followerAppl\HostPCLinux64_GCC\VEOS_Impl.o
 .debug_aranges
                0x0000000000000380       0x30 .\BinaryArtifacts\followerAppl\HostPCLinux64_GCC\DsMsgApi.o
 .debug_aranges
                0x00000000000003b0       0x30 C:/Users/DSPACE~1/AppData/Local/Temp/VEOS_S~1/BinaryArtifacts/followerAppl/HostPCLinux64_GCC/VEOS_followerAppl.a(followerAppl_dsrtmdlfcn.obj)
 .debug_aranges
                0x00000000000003e0       0x30 C:/Users/DSPACE~1/AppData/Local/Temp/VEOS_S~1/BinaryArtifacts/followerAppl/HostPCLinux64_GCC/VEOS_followerAppl.a(followerAppl_dsrttf.obj)
 .debug_aranges
                0x0000000000000410       0x30 C:/Users/DSPACE~1/AppData/Local/Temp/VEOS_S~1/BinaryArtifacts/followerAppl/HostPCLinux64_GCC/VEOS_followerAppl.a(followerAppl.obj)
 .debug_aranges
                0x0000000000000440       0x20 C:/Users/DSPACE~1/AppData/Local/Temp/VEOS_S~1/BinaryArtifacts/followerAppl/HostPCLinux64_GCC/VEOS_followerAppl.a(followerAppl_data.obj)
 .debug_aranges
                0x0000000000000460       0x30 C:/Users/DSPACE~1/AppData/Local/Temp/VEOS_S~1/BinaryArtifacts/followerAppl/HostPCLinux64_GCC/VEOS_followerAppl.a(followerAppl_dsrtvdf.obj)
 .debug_aranges
                0x0000000000000490       0x30 C:/Users/DSPACE~1/AppData/Local/Temp/VEOS_S~1/BinaryArtifacts/followerAppl/HostPCLinux64_GCC/VEOS_followerAppl.a(rt_nonfinite.obj)
 .debug_aranges
                0x00000000000004c0       0x30 C:/Users/DSPACE~1/AppData/Local/Temp/VEOS_S~1/BinaryArtifacts/followerAppl/HostPCLinux64_GCC/VEOS_followerAppl.a(rtGetInf.obj)
 .debug_aranges
                0x00000000000004f0       0x30 C:/Users/DSPACE~1/AppData/Local/Temp/VEOS_S~1/BinaryArtifacts/followerAppl/HostPCLinux64_GCC/VEOS_followerAppl.a(rtGetNaN.obj)
 .debug_aranges
                0x0000000000000520       0x30 C:/Users/DSPACE~1/AppData/Local/Temp/VEOS_S~1/GeneratedCode/LibraryFiles/ModelInit/ModelInit_HostPCLinux64_GCC_Debug.a(ModelInit.obj)
 .debug_aranges
                0x0000000000000550       0x20 C:/Users/DSPACE~1/AppData/Local/Temp/VEOS_S~1/GeneratedCode/LibraryFiles/ModelInit/ModelInit_HostPCLinux64_GCC_Debug.a(VEOS_FrmRef.obj)
 .debug_aranges
                0x0000000000000570       0x30 C:/Users/DSPACE~1/AppData/Local/Temp/VEOS_S~1/GeneratedCode/LibraryFiles/ModelInit/NoEcuIoCore_HostPCLinux64_GCC_Debug.a(NoEcuInit.obj)
 .debug_aranges
                0x00000000000005a0       0x30 C:/Users/DSPACE~1/AppData/Local/Temp/VEOS_S~1/GeneratedCode/LibraryFiles/ModelInit/NoCanIoCore_HostPCLinux64_GCC_Debug.a(NoCanInit.obj)
 .debug_aranges
                0x00000000000005d0       0x30 C:/Users/DSPACE~1/AppData/Local/Temp/VEOS_S~1/GeneratedCode/LibraryFiles/ModelInit/NoLinIoCore_HostPCLinux64_GCC_Debug.a(NoLinInit.obj)
 .debug_aranges
                0x0000000000000600       0x30 C:/Users/DSPACE~1/AppData/Local/Temp/VEOS_S~1/GeneratedCode/LibraryFiles/ModelInit/NoEthIoCore_HostPCLinux64_GCC_Debug.a(NoEthInit.obj)
 .debug_aranges
                0x0000000000000630       0x40 c:/progra~1/common~1/dspace/gcc/103244~1.3_l/x86_64~1/bin/../../x86_64-linux-gnu/lib/crtn.o

.debug_pubnames
 *(.debug_pubnames)

.debug_info     0x0000000000000000    0x10e21
 *(.debug_info .gnu.linkonce.wi.*)
 .debug_info    0x0000000000000000       0x22 c:/progra~1/common~1/dspace/gcc/103244~1.3_l/x86_64~1/bin/../../x86_64-linux-gnu/lib/crti.o
 .debug_info    0x0000000000000022      0x162 .\BinaryArtifacts\followerAppl\HostPCLinux64_GCC\SmartServices_Cfg_generated.o
 .debug_info    0x0000000000000184      0xb04 .\BinaryArtifacts\followerAppl\HostPCLinux64_GCC\SmartServices.o
 .debug_info    0x0000000000000c88      0x1cf .\BinaryArtifacts\followerAppl\HostPCLinux64_GCC\SicAppFrm_FunMod_generated.o
 .debug_info    0x0000000000000e57      0x440 .\BinaryArtifacts\followerAppl\HostPCLinux64_GCC\SicAppFrm_Task_generated.o
 .debug_info    0x0000000000001297      0x48c .\BinaryArtifacts\followerAppl\HostPCLinux64_GCC\SicAppFrm_AccPt_generated.o
 .debug_info    0x0000000000001723      0xd21 .\BinaryArtifacts\followerAppl\HostPCLinux64_GCC\SicAppFrm.o
 .debug_info    0x0000000000002444      0x69c .\BinaryArtifacts\followerAppl\HostPCLinux64_GCC\SicAppFrm_Queue.o
 .debug_info    0x0000000000002ae0      0x250 .\BinaryArtifacts\followerAppl\HostPCLinux64_GCC\VEOS_Api.o
 .debug_info    0x0000000000002d30      0x171 .\BinaryArtifacts\followerAppl\HostPCLinux64_GCC\VEOS_BusApi.o
 .debug_info    0x0000000000002ea1      0x726 .\BinaryArtifacts\followerAppl\HostPCLinux64_GCC\VEOS_ExpApi.o
 .debug_info    0x00000000000035c7      0xbe8 .\BinaryArtifacts\followerAppl\HostPCLinux64_GCC\VEOS_SimApi.o
 .debug_info    0x00000000000041af      0x156 .\BinaryArtifacts\followerAppl\HostPCLinux64_GCC\VEOS_NotiApi.o
 .debug_info    0x0000000000004305      0x51e .\BinaryArtifacts\followerAppl\HostPCLinux64_GCC\VEOS_MsgApi.o
 .debug_info    0x0000000000004823      0x1e2 .\BinaryArtifacts\followerAppl\HostPCLinux64_GCC\VEOS_PortApi.o
 .debug_info    0x0000000000004a05      0x156 .\BinaryArtifacts\followerAppl\HostPCLinux64_GCC\VEOS_OsTskApi.o
 .debug_info    0x0000000000004b5b     0x2d96 .\BinaryArtifacts\followerAppl\HostPCLinux64_GCC\VEOS_Interaction.o
 .debug_info    0x00000000000078f1      0x196 .\BinaryArtifacts\followerAppl\HostPCLinux64_GCC\VEOS.o
 .debug_info    0x0000000000007a87      0xa98 .\BinaryArtifacts\followerAppl\HostPCLinux64_GCC\VEOS_Impl.o
 .debug_info    0x000000000000851f      0x4b8 .\BinaryArtifacts\followerAppl\HostPCLinux64_GCC\DsMsgApi.o
 .debug_info    0x00000000000089d7      0xbbf C:/Users/DSPACE~1/AppData/Local/Temp/VEOS_S~1/BinaryArtifacts/followerAppl/HostPCLinux64_GCC/VEOS_followerAppl.a(followerAppl_dsrtmdlfcn.obj)
 .debug_info    0x0000000000009596      0x1d5 C:/Users/DSPACE~1/AppData/Local/Temp/VEOS_S~1/BinaryArtifacts/followerAppl/HostPCLinux64_GCC/VEOS_followerAppl.a(followerAppl_dsrttf.obj)
 .debug_info    0x000000000000976b     0x1ad3 C:/Users/DSPACE~1/AppData/Local/Temp/VEOS_S~1/BinaryArtifacts/followerAppl/HostPCLinux64_GCC/VEOS_followerAppl.a(followerAppl.obj)
 .debug_info    0x000000000000b23e      0x3ae C:/Users/DSPACE~1/AppData/Local/Temp/VEOS_S~1/BinaryArtifacts/followerAppl/HostPCLinux64_GCC/VEOS_followerAppl.a(followerAppl_data.obj)
 .debug_info    0x000000000000b5ec      0x9fb C:/Users/DSPACE~1/AppData/Local/Temp/VEOS_S~1/BinaryArtifacts/followerAppl/HostPCLinux64_GCC/VEOS_followerAppl.a(followerAppl_dsrtvdf.obj)
 .debug_info    0x000000000000bfe7      0x41d C:/Users/DSPACE~1/AppData/Local/Temp/VEOS_S~1/BinaryArtifacts/followerAppl/HostPCLinux64_GCC/VEOS_followerAppl.a(rt_nonfinite.obj)
 .debug_info    0x000000000000c404      0x41e C:/Users/DSPACE~1/AppData/Local/Temp/VEOS_S~1/BinaryArtifacts/followerAppl/HostPCLinux64_GCC/VEOS_followerAppl.a(rtGetInf.obj)
 .debug_info    0x000000000000c822      0x325 C:/Users/DSPACE~1/AppData/Local/Temp/VEOS_S~1/BinaryArtifacts/followerAppl/HostPCLinux64_GCC/VEOS_followerAppl.a(rtGetNaN.obj)
 .debug_info    0x000000000000cb47      0x3ed C:/Users/DSPACE~1/AppData/Local/Temp/VEOS_S~1/GeneratedCode/LibraryFiles/ModelInit/ModelInit_HostPCLinux64_GCC_Debug.a(ModelInit.obj)
 .debug_info    0x000000000000cf34     0x22ef C:/Users/DSPACE~1/AppData/Local/Temp/VEOS_S~1/GeneratedCode/LibraryFiles/ModelInit/ModelInit_HostPCLinux64_GCC_Debug.a(VEOS_FrmRef.obj)
 .debug_info    0x000000000000f223      0x6f7 C:/Users/DSPACE~1/AppData/Local/Temp/VEOS_S~1/GeneratedCode/LibraryFiles/ModelInit/NoEcuIoCore_HostPCLinux64_GCC_Debug.a(NoEcuInit.obj)
 .debug_info    0x000000000000f91a      0x6f7 C:/Users/DSPACE~1/AppData/Local/Temp/VEOS_S~1/GeneratedCode/LibraryFiles/ModelInit/NoCanIoCore_HostPCLinux64_GCC_Debug.a(NoCanInit.obj)
 .debug_info    0x0000000000010011      0x6f7 C:/Users/DSPACE~1/AppData/Local/Temp/VEOS_S~1/GeneratedCode/LibraryFiles/ModelInit/NoLinIoCore_HostPCLinux64_GCC_Debug.a(NoLinInit.obj)
 .debug_info    0x0000000000010708      0x6f7 C:/Users/DSPACE~1/AppData/Local/Temp/VEOS_S~1/GeneratedCode/LibraryFiles/ModelInit/NoEthIoCore_HostPCLinux64_GCC_Debug.a(NoEthInit.obj)
 .debug_info    0x0000000000010dff       0x22 c:/progra~1/common~1/dspace/gcc/103244~1.3_l/x86_64~1/bin/../../x86_64-linux-gnu/lib/crtn.o

.debug_abbrev   0x0000000000000000     0x2f9d
 *(.debug_abbrev)
 .debug_abbrev  0x0000000000000000       0x12 c:/progra~1/common~1/dspace/gcc/103244~1.3_l/x86_64~1/bin/../../x86_64-linux-gnu/lib/crti.o
 .debug_abbrev  0x0000000000000012       0x58 .\BinaryArtifacts\followerAppl\HostPCLinux64_GCC\SmartServices_Cfg_generated.o
 .debug_abbrev  0x000000000000006a      0x142 .\BinaryArtifacts\followerAppl\HostPCLinux64_GCC\SmartServices.o
 .debug_abbrev  0x00000000000001ac       0xcb .\BinaryArtifacts\followerAppl\HostPCLinux64_GCC\SicAppFrm_FunMod_generated.o
 .debug_abbrev  0x0000000000000277      0x141 .\BinaryArtifacts\followerAppl\HostPCLinux64_GCC\SicAppFrm_Task_generated.o
 .debug_abbrev  0x00000000000003b8      0x11d .\BinaryArtifacts\followerAppl\HostPCLinux64_GCC\SicAppFrm_AccPt_generated.o
 .debug_abbrev  0x00000000000004d5      0x27f .\BinaryArtifacts\followerAppl\HostPCLinux64_GCC\SicAppFrm.o
 .debug_abbrev  0x0000000000000754      0x173 .\BinaryArtifacts\followerAppl\HostPCLinux64_GCC\SicAppFrm_Queue.o
 .debug_abbrev  0x00000000000008c7       0xd4 .\BinaryArtifacts\followerAppl\HostPCLinux64_GCC\VEOS_Api.o
 .debug_abbrev  0x000000000000099b       0xab .\BinaryArtifacts\followerAppl\HostPCLinux64_GCC\VEOS_BusApi.o
 .debug_abbrev  0x0000000000000a46      0x276 .\BinaryArtifacts\followerAppl\HostPCLinux64_GCC\VEOS_ExpApi.o
 .debug_abbrev  0x0000000000000cbc      0x240 .\BinaryArtifacts\followerAppl\HostPCLinux64_GCC\VEOS_SimApi.o
 .debug_abbrev  0x0000000000000efc       0xab .\BinaryArtifacts\followerAppl\HostPCLinux64_GCC\VEOS_NotiApi.o
 .debug_abbrev  0x0000000000000fa7      0x1f7 .\BinaryArtifacts\followerAppl\HostPCLinux64_GCC\VEOS_MsgApi.o
 .debug_abbrev  0x000000000000119e       0xcb .\BinaryArtifacts\followerAppl\HostPCLinux64_GCC\VEOS_PortApi.o
 .debug_abbrev  0x0000000000001269       0xab .\BinaryArtifacts\followerAppl\HostPCLinux64_GCC\VEOS_OsTskApi.o
 .debug_abbrev  0x0000000000001314      0x1ed .\BinaryArtifacts\followerAppl\HostPCLinux64_GCC\VEOS_Interaction.o
 .debug_abbrev  0x0000000000001501       0xbc .\BinaryArtifacts\followerAppl\HostPCLinux64_GCC\VEOS.o
 .debug_abbrev  0x00000000000015bd      0x1cc .\BinaryArtifacts\followerAppl\HostPCLinux64_GCC\VEOS_Impl.o
 .debug_abbrev  0x0000000000001789      0x175 .\BinaryArtifacts\followerAppl\HostPCLinux64_GCC\DsMsgApi.o
 .debug_abbrev  0x00000000000018fe      0x210 C:/Users/DSPACE~1/AppData/Local/Temp/VEOS_S~1/BinaryArtifacts/followerAppl/HostPCLinux64_GCC/VEOS_followerAppl.a(followerAppl_dsrtmdlfcn.obj)
 .debug_abbrev  0x0000000000001b0e       0xe3 C:/Users/DSPACE~1/AppData/Local/Temp/VEOS_S~1/BinaryArtifacts/followerAppl/HostPCLinux64_GCC/VEOS_followerAppl.a(followerAppl_dsrttf.obj)
 .debug_abbrev  0x0000000000001bf1      0x352 C:/Users/DSPACE~1/AppData/Local/Temp/VEOS_S~1/BinaryArtifacts/followerAppl/HostPCLinux64_GCC/VEOS_followerAppl.a(followerAppl.obj)
 .debug_abbrev  0x0000000000001f43       0xbc C:/Users/DSPACE~1/AppData/Local/Temp/VEOS_S~1/BinaryArtifacts/followerAppl/HostPCLinux64_GCC/VEOS_followerAppl.a(followerAppl_data.obj)
 .debug_abbrev  0x0000000000001fff      0x184 C:/Users/DSPACE~1/AppData/Local/Temp/VEOS_S~1/BinaryArtifacts/followerAppl/HostPCLinux64_GCC/VEOS_followerAppl.a(followerAppl_dsrtvdf.obj)
 .debug_abbrev  0x0000000000002183      0x171 C:/Users/DSPACE~1/AppData/Local/Temp/VEOS_S~1/BinaryArtifacts/followerAppl/HostPCLinux64_GCC/VEOS_followerAppl.a(rt_nonfinite.obj)
 .debug_abbrev  0x00000000000022f4      0x13d C:/Users/DSPACE~1/AppData/Local/Temp/VEOS_S~1/BinaryArtifacts/followerAppl/HostPCLinux64_GCC/VEOS_followerAppl.a(rtGetInf.obj)
 .debug_abbrev  0x0000000000002431      0x129 C:/Users/DSPACE~1/AppData/Local/Temp/VEOS_S~1/BinaryArtifacts/followerAppl/HostPCLinux64_GCC/VEOS_followerAppl.a(rtGetNaN.obj)
 .debug_abbrev  0x000000000000255a      0x137 C:/Users/DSPACE~1/AppData/Local/Temp/VEOS_S~1/GeneratedCode/LibraryFiles/ModelInit/ModelInit_HostPCLinux64_GCC_Debug.a(ModelInit.obj)
 .debug_abbrev  0x0000000000002691      0x112 C:/Users/DSPACE~1/AppData/Local/Temp/VEOS_S~1/GeneratedCode/LibraryFiles/ModelInit/ModelInit_HostPCLinux64_GCC_Debug.a(VEOS_FrmRef.obj)
 .debug_abbrev  0x00000000000027a3      0x1fa C:/Users/DSPACE~1/AppData/Local/Temp/VEOS_S~1/GeneratedCode/LibraryFiles/ModelInit/NoEcuIoCore_HostPCLinux64_GCC_Debug.a(NoEcuInit.obj)
 .debug_abbrev  0x000000000000299d      0x1fa C:/Users/DSPACE~1/AppData/Local/Temp/VEOS_S~1/GeneratedCode/LibraryFiles/ModelInit/NoCanIoCore_HostPCLinux64_GCC_Debug.a(NoCanInit.obj)
 .debug_abbrev  0x0000000000002b97      0x1fa C:/Users/DSPACE~1/AppData/Local/Temp/VEOS_S~1/GeneratedCode/LibraryFiles/ModelInit/NoLinIoCore_HostPCLinux64_GCC_Debug.a(NoLinInit.obj)
 .debug_abbrev  0x0000000000002d91      0x1fa C:/Users/DSPACE~1/AppData/Local/Temp/VEOS_S~1/GeneratedCode/LibraryFiles/ModelInit/NoEthIoCore_HostPCLinux64_GCC_Debug.a(NoEthInit.obj)
 .debug_abbrev  0x0000000000002f8b       0x12 c:/progra~1/common~1/dspace/gcc/103244~1.3_l/x86_64~1/bin/../../x86_64-linux-gnu/lib/crtn.o

.debug_line     0x0000000000000000     0x5cac
 *(.debug_line .debug_line.* .debug_line_end)
 .debug_line    0x0000000000000000       0x65 c:/progra~1/common~1/dspace/gcc/103244~1.3_l/x86_64~1/bin/../../x86_64-linux-gnu/lib/crti.o
 .debug_line    0x0000000000000065       0xd0 .\BinaryArtifacts\followerAppl\HostPCLinux64_GCC\SmartServices_Cfg_generated.o
 .debug_line    0x0000000000000135      0x173 .\BinaryArtifacts\followerAppl\HostPCLinux64_GCC\SmartServices.o
 .debug_line    0x00000000000002a8      0x16e .\BinaryArtifacts\followerAppl\HostPCLinux64_GCC\SicAppFrm_FunMod_generated.o
 .debug_line    0x0000000000000416      0x264 .\BinaryArtifacts\followerAppl\HostPCLinux64_GCC\SicAppFrm_Task_generated.o
 .debug_line    0x000000000000067a      0x20e .\BinaryArtifacts\followerAppl\HostPCLinux64_GCC\SicAppFrm_AccPt_generated.o
 .debug_line    0x0000000000000888      0x5b9 .\BinaryArtifacts\followerAppl\HostPCLinux64_GCC\SicAppFrm.o
 .debug_line    0x0000000000000e41      0x492 .\BinaryArtifacts\followerAppl\HostPCLinux64_GCC\SicAppFrm_Queue.o
 .debug_line    0x00000000000012d3      0x150 .\BinaryArtifacts\followerAppl\HostPCLinux64_GCC\VEOS_Api.o