<*GCC-Win32-Linker-generated-mapfile*>
Archive member included to satisfy reference by file (symbol)

C:/Users/DSPACE~1/AppData/Local/Temp/VEOS_S~1/BinaryArtifacts/turnlamp/HostPCLinux64_GCC/VEOS_turnlamp.a(turnlamp_dsrtmdlfcn.obj)
                              .\BinaryArtifacts\turnlamp\HostPCLinux64_GCC\SicAppFrm.o (turnlamp_DSRTInitMdl)
C:/Users/DSPACE~1/AppData/Local/Temp/VEOS_S~1/BinaryArtifacts/turnlamp/HostPCLinux64_GCC/VEOS_turnlamp.a(turnlamp_dsrttf.obj)
                              .\BinaryArtifacts\turnlamp\HostPCLinux64_GCC\SicAppFrm_Task_generated.o (turnlamp_DSRTMdlOutputs0)
C:/Users/DSPACE~1/AppData/Local/Temp/VEOS_S~1/BinaryArtifacts/turnlamp/HostPCLinux64_GCC/VEOS_turnlamp.a(turnlamp.obj)
                              C:/Users/DSPACE~1/AppData/Local/Temp/VEOS_S~1/BinaryArtifacts/turnlamp/HostPCLinux64_GCC/VEOS_turnlamp.a(turnlamp_dsrttf.obj) (turnlamp_output0)
C:/Users/DSPACE~1/AppData/Local/Temp/VEOS_S~1/BinaryArtifacts/turnlamp/HostPCLinux64_GCC/VEOS_turnlamp.a(rt_nonfinite.obj)
                              C:/Users/DSPACE~1/AppData/Local/Temp/VEOS_S~1/BinaryArtifacts/turnlamp/HostPCLinux64_GCC/VEOS_turnlamp.a(turnlamp.obj) (rt_InitInfAndNaN)
C:/Users/DSPACE~1/AppData/Local/Temp/VEOS_S~1/BinaryArtifacts/turnlamp/HostPCLinux64_GCC/VEOS_turnlamp.a(turnlamp_data.obj)
                              C:/Users/DSPACE~1/AppData/Local/Temp/VEOS_S~1/BinaryArtifacts/turnlamp/HostPCLinux64_GCC/VEOS_turnlamp.a(turnlamp.obj) (turnlamp_P)
C:/Users/DSPACE~1/AppData/Local/Temp/VEOS_S~1/BinaryArtifacts/turnlamp/HostPCLinux64_GCC/VEOS_turnlamp.a(turnlamp_dsrtvdf.obj)
                              C:/Users/DSPACE~1/AppData/Local/Temp/VEOS_S~1/BinaryArtifacts/turnlamp/HostPCLinux64_GCC/VEOS_turnlamp.a(turnlamp.obj) (turnlamp_rti_init_trc_pointers)
C:/Users/DSPACE~1/AppData/Local/Temp/VEOS_S~1/BinaryArtifacts/turnlamp/HostPCLinux64_GCC/VEOS_turnlamp.a(rtGetInf.obj)
                              C:/Users/DSPACE~1/AppData/Local/Temp/VEOS_S~1/BinaryArtifacts/turnlamp/HostPCLinux64_GCC/VEOS_turnlamp.a(rt_nonfinite.obj) (rtGetInf)
C:/Users/DSPACE~1/AppData/Local/Temp/VEOS_S~1/BinaryArtifacts/turnlamp/HostPCLinux64_GCC/VEOS_turnlamp.a(rtGetNaN.obj)
                              C:/Users/DSPACE~1/AppData/Local/Temp/VEOS_S~1/BinaryArtifacts/turnlamp/HostPCLinux64_GCC/VEOS_turnlamp.a(rt_nonfinite.obj) (rtGetNaN)
C:/Users/DSPACE~1/AppData/Local/Temp/VEOS_S~1/GeneratedCode/LibraryFiles/ModelInit/ModelInit_HostPCLinux64_GCC_Debug.a(ModelInit.obj)
                              .\BinaryArtifacts\turnlamp\HostPCLinux64_GCC\VEOS_Impl.o (VEOS_MdlInitApiImpl_CheckModel)
C:/Users/DSPACE~1/AppData/Local/Temp/VEOS_S~1/GeneratedCode/LibraryFiles/ModelInit/ModelInit_HostPCLinux64_GCC_Debug.a(VEOS_FrmRef.obj)
                              .\BinaryArtifacts\turnlamp\HostPCLinux64_GCC\VEOS_MsgApi.o (gp_VEOS_MsgApi_ShowMessageVarArgs)
C:/Users/DSPACE~1/AppData/Local/Temp/VEOS_S~1/GeneratedCode/LibraryFiles/ModelInit/NoEcuIoCore_HostPCLinux64_GCC_Debug.a(NoEcuInit.obj)
                              C:/Users/DSPACE~1/AppData/Local/Temp/VEOS_S~1/GeneratedCode/LibraryFiles/ModelInit/ModelInit_HostPCLinux64_GCC_Debug.a(ModelInit.obj) (VEOS_ModelInit_EcuCoreInit)
C:/Users/DSPACE~1/AppData/Local/Temp/VEOS_S~1/GeneratedCode/LibraryFiles/ModelInit/NoCanIoCore_HostPCLinux64_GCC_Debug.a(NoCanInit.obj)
                              C:/Users/DSPACE~1/AppData/Local/Temp/VEOS_S~1/GeneratedCode/LibraryFiles/ModelInit/ModelInit_HostPCLinux64_GCC_Debug.a(ModelInit.obj) (VEOS_ModelInit_CanCoreInit)
C:/Users/DSPACE~1/AppData/Local/Temp/VEOS_S~1/GeneratedCode/LibraryFiles/ModelInit/NoLinIoCore_HostPCLinux64_GCC_Debug.a(NoLinInit.obj)
                              C:/Users/DSPACE~1/AppData/Local/Temp/VEOS_S~1/GeneratedCode/LibraryFiles/ModelInit/ModelInit_HostPCLinux64_GCC_Debug.a(ModelInit.obj) (VEOS_ModelInit_LinCoreInit)
C:/Users/DSPACE~1/AppData/Local/Temp/VEOS_S~1/GeneratedCode/LibraryFiles/ModelInit/NoEthIoCore_HostPCLinux64_GCC_Debug.a(NoEthInit.obj)
                              C:/Users/DSPACE~1/AppData/Local/Temp/VEOS_S~1/GeneratedCode/LibraryFiles/ModelInit/ModelInit_HostPCLinux64_GCC_Debug.a(ModelInit.obj) (VEOS_ModelInit_EthCoreInit)

Merging program properties

Removed property 0xc0000002 to merge c:/progra~1/common~1/dspace/gcc/103244~1.3_l/x86_64~1/bin/../lib/gcc/x86_64-linux-gnu/10.3.0/crtbeginS.o (0x3) and c:/progra~1/common~1/dspace/gcc/103244~1.3_l/x86_64~1/bin/../../x86_64-linux-gnu/lib/crti.o (not found)
Removed property 0xc0000002 to merge c:/progra~1/common~1/dspace/gcc/103244~1.3_l/x86_64~1/bin/../lib/gcc/x86_64-linux-gnu/10.3.0/crtbeginS.o (not found) and c:/progra~1/common~1/dspace/gcc/103244~1.3_l/x86_64~1/bin/../lib/gcc/x86_64-linux-gnu/10.3.0/crtendS.o (0x3)

Discarded input sections

 .note.GNU-stack
                0x0000000000000000        0x0 c:/progra~1/common~1/dspace/gcc/103244~1.3_l/x86_64~1/bin/../../x86_64-linux-gnu/lib/crti.o
 .note.GNU-stack
[...]
Memory Configuration

Name             Origin             Length             Attributes
*default*        0x0000000000000000 0xffffffffffffffff

Linker script and memory map

LOAD c:/progra~1/common~1/dspace/gcc/103244~1.3_l/x86_64~1/bin/../../x86_64-linux-gnu/lib/crti.o
LOAD c:/progra~1/common~1/dspace/gcc/103244~1.3_l/x86_64~1/bin/../lib/gcc/x86_64-linux-gnu/10.3.0/crtbeginS.o
LOAD c:/progra~1/common~1/dspace/gcc/103244~1.3_l/x86_64~1/bin/../../x86_64-linux-gnu/lib/libdl.so
START GROUP
LOAD .\BinaryArtifacts\turnlamp\HostPCLinux64_GCC\SmartServices_Cfg_generated.o
LOAD .\BinaryArtifacts\turnlamp\HostPCLinux64_GCC\SmartServices.o
LOAD .\BinaryArtifacts\turnlamp\HostPCLinux64_GCC\SicAppFrm_Task_generated.o
LOAD .\BinaryArtifacts\turnlamp\HostPCLinux64_GCC\SicAppFrm_AccPt_generated.o
LOAD .\BinaryArtifacts\turnlamp\HostPCLinux64_GCC\SicAppFrm.o
LOAD .\BinaryArtifacts\turnlamp\HostPCLinux64_GCC\SicAppFrm_Queue.o
LOAD .\BinaryArtifacts\turnlamp\HostPCLinux64_GCC\VEOS_Api.o
LOAD .\BinaryArtifacts\turnlamp\HostPCLinux64_GCC\VEOS_BusApi.o
LOAD .\BinaryArtifacts\turnlamp\HostPCLinux64_GCC\VEOS_ExpApi.o
LOAD .\BinaryArtifacts\turnlamp\HostPCLinux64_GCC\VEOS_SimApi.o
LOAD .\BinaryArtifacts\turnlamp\HostPCLinux64_GCC\VEOS_NotiApi.o
LOAD .\BinaryArtifacts\turnlamp\HostPCLinux64_GCC\VEOS_MsgApi.o
LOAD .\BinaryArtifacts\turnlamp\HostPCLinux64_GCC\VEOS_PortApi.o
LOAD .\BinaryArtifacts\turnlamp\HostPCLinux64_GCC\VEOS_OsTskApi.o
LOAD .\BinaryArtifacts\turnlamp\HostPCLinux64_GCC\VEOS_Interaction.o
LOAD .\BinaryArtifacts\turnlamp\HostPCLinux64_GCC\VEOS.o
LOAD .\BinaryArtifacts\turnlamp\HostPCLinux64_GCC\VEOS_Impl.o
LOAD .\BinaryArtifacts\turnlamp\HostPCLinux64_GCC\DsMsgApi.o
LOAD C:/Users/DSPACE~1/AppData/Local/Temp/VEOS_S~1/BinaryArtifacts/turnlamp/HostPCLinux64_GCC/VEOS_turnlamp.a
LOAD C:/Users/DSPACE~1/AppData/Local/Temp/VEOS_S~1/GeneratedCode/LibraryFiles/ModelInit/ModelInit_HostPCLinux64_GCC_Debug.a
LOAD C:/Users/DSPACE~1/AppData/Local/Temp/VEOS_S~1/GeneratedCode/LibraryFiles/ModelInit/NoEcuIoCore_HostPCLinux64_GCC_Debug.a
LOAD C:/Users/DSPACE~1/AppData/Local/Temp/VEOS_S~1/GeneratedCode/LibraryFiles/ModelInit/NoCanIoCore_HostPCLinux64_GCC_Debug.a
LOAD C:/Users/DSPACE~1/AppData/Local/Temp/VEOS_S~1/GeneratedCode/LibraryFiles/ModelInit/NoLinIoCore_HostPCLinux64_GCC_Debug.a
LOAD C:/Users/DSPACE~1/AppData/Local/Temp/VEOS_S~1/GeneratedCode/LibraryFiles/ModelInit/NoEthIoCore_HostPCLinux64_GCC_Debug.a
LOAD C:/Users/DSPACE~1/AppData/Local/Temp/VEOS_S~1/GeneratedCode/LibraryFiles/DsFxp/DSFxp_GCC.a
LOAD C:/Users/DSPACE~1/AppData/Local/Temp/VEOS_S~1/BinaryArtifacts/turnlamp/HostPCLinux64_GCC/VEOS_turnlamp.a
LOAD C:/Users/DSPACE~1/AppData/Local/Temp/VEOS_S~1/GeneratedCode/LibraryFiles/ModelInit/ModelInit_HostPCLinux64_GCC_Debug.a
LOAD C:/Users/DSPACE~1/AppData/Local/Temp/VEOS_S~1/GeneratedCode/LibraryFiles/ModelInit/NoEcuIoCore_HostPCLinux64_GCC_Debug.a
LOAD C:/Users/DSPACE~1/AppData/Local/Temp/VEOS_S~1/GeneratedCode/LibraryFiles/ModelInit/NoCanIoCore_HostPCLinux64_GCC_Debug.a
LOAD C:/Users/DSPACE~1/AppData/Local/Temp/VEOS_S~1/GeneratedCode/LibraryFiles/ModelInit/NoLinIoCore_HostPCLinux64_GCC_Debug.a
LOAD C:/Users/DSPACE~1/AppData/Local/Temp/VEOS_S~1/GeneratedCode/LibraryFiles/ModelInit/NoEthIoCore_HostPCLinux64_GCC_Debug.a
LOAD C:/Users/DSPACE~1/AppData/Local/Temp/VEOS_S~1/GeneratedCode/LibraryFiles/DsFxp/DSFxp_GCC.a
END GROUP
LOAD c:/progra~1/common~1/dspace/gcc/103244~1.3_l/x86_64~1/bin/../lib/gcc/x86_64-linux-gnu/10.3.0/../../../../x86_64-linux-gnu/lib/../lib64\libstdc++.a
LOAD c:/progra~1/common~1/dspace/gcc/103244~1.3_l/x86_64~1/bin/../../x86_64-linux-gnu/lib/libm.so
START GROUP
LOAD c:/progra~1/common~1/dspace/gcc/103244~1.3_l/x86_64~1/bin/../../x86_64-linux-gnu/lib\libm.so.6
LOAD c:/progra~1/common~1/dspace/gcc/103244~1.3_l/x86_64~1/bin/../../x86_64-linux-gnu/lib\libmvec.so.1
END GROUP
LOAD c:/progra~1/common~1/dspace/gcc/103244~1.3_l/x86_64~1/bin/../lib/gcc/x86_64-linux-gnu/10.3.0\libgcc.a
LOAD c:/progra~1/common~1/dspace/gcc/103244~1.3_l/x86_64~1/bin/../lib/gcc/x86_64-linux-gnu/10.3.0\libgcc_eh.a
LOAD c:/progra~1/common~1/dspace/gcc/103244~1.3_l/x86_64~1/bin/../../x86_64-linux-gnu/lib/libc.so
START GROUP
LOAD c:/progra~1/common~1/dspace/gcc/103244~1.3_l/x86_64~1/bin/../../x86_64-linux-gnu/lib\libc.so.6
LOAD c:/progra~1/common~1/dspace/gcc/103244~1.3_l/x86_64~1/bin/../../x86_64-linux-gnu/lib\libc_nonshared.a
LOAD c:/progra~1/common~1/dspace/gcc/103244~1.3_l/x86_64~1/bin/../../x86_64-linux-gnu/lib\ld-linux-x86-64.so.2
END GROUP
LOAD c:/progra~1/common~1/dspace/gcc/103244~1.3_l/x86_64~1/bin/../lib/gcc/x86_64-linux-gnu/10.3.0\libgcc.a
LOAD c:/progra~1/common~1/dspace/gcc/103244~1.3_l/x86_64~1/bin/../lib/gcc/x86_64-linux-gnu/10.3.0\libgcc_eh.a
LOAD c:/progra~1/common~1/dspace/gcc/103244~1.3_l/x86_64~1/bin/../lib/gcc/x86_64-linux-gnu/10.3.0/crtendS.o
LOAD c:/progra~1/common~1/dspace/gcc/103244~1.3_l/x86_64~1/bin/../../x86_64-linux-gnu/lib/crtn.o
                0x0000000000000238                . = (SEGMENT_START ("text-segment", 0x0) + SIZEOF_HEADERS)

.note.gnu.build-id
                0x0000000000000238       0x24
 *(.note.gnu.build-id)
 .note.gnu.build-id
                0x0000000000000238       0x24 c:/progra~1/common~1/dspace/gcc/103244~1.3_l/x86_64~1/bin/../../x86_64-linux-gnu/lib/crti.o

.hash           0x0000000000000260      0x38c
 *(.hash)
 .hash          0x0000000000000260      0x38c c:/progra~1/common~1/dspace/gcc/103244~1.3_l/x86_64~1/bin/../../x86_64-linux-gnu/lib/crti.o

.gnu.hash       0x00000000000005f0      0x3f4
 *(.gnu.hash)
 .gnu.hash      0x00000000000005f0      0x3f4 c:/progra~1/common~1/dspace/gcc/103244~1.3_l/x86_64~1/bin/../../x86_64-linux-gnu/lib/crti.o

.dynsym         0x00000000000009e8      0xc00
 *(.dynsym)
 .dynsym        0x00000000000009e8      0xc00 c:/progra~1/common~1/dspace/gcc/103244~1.3_l/x86_64~1/bin/../../x86_64-linux-gnu/lib/crti.o

.dynstr         0x00000000000015e8     0x1110
 *(.dynstr)
 .dynstr        0x00000000000015e8     0x1110 c:/progra~1/common~1/dspace/gcc/103244~1.3_l/x86_64~1/bin/../../x86_64-linux-gnu/lib/crti.o

.gnu.version    0x00000000000026f8      0x100
 *(.gnu.version)
 .gnu.version   0x00000000000026f8      0x100 c:/progra~1/common~1/dspace/gcc/103244~1.3_l/x86_64~1/bin/../../x86_64-linux-gnu/lib/crti.o

.gnu.version_d  0x00000000000027f8        0x0
 *(.gnu.version_d)
 .gnu.version_d
                0x00000000000027f8        0x0 c:/progra~1/common~1/dspace/gcc/103244~1.3_l/x86_64~1/bin/../../x86_64-linux-gnu/lib/crti.o

.gnu.version_r  0x00000000000027f8       0x40
 *(.gnu.version_r)
 .gnu.version_r
                0x00000000000027f8       0x40 c:/progra~1/common~1/dspace/gcc/103244~1.3_l/x86_64~1/bin/../../x86_64-linux-gnu/lib/crti.o

.rela.dyn       0x0000000000002838      0x498
 *(.rela.init)
 *(.rela.text .rela.text.* .rela.gnu.linkonce.t.*)
 .rela.text     0x0000000000002838        0x0 c:/progra~1/common~1/dspace/gcc/103244~1.3_l/x86_64~1/bin/../../x86_64-linux-gnu/lib/crti.o
 *(.rela.fini)
 *(.rela.rodata .rela.rodata.* .rela.gnu.linkonce.r.*)
 *(.rela.data .rela.data.* .rela.gnu.linkonce.d.*)
 .rela.data.rel.local
                0x0000000000002838       0x90 c:/progra~1/common~1/dspace/gcc/103244~1.3_l/x86_64~1/bin/../../x86_64-linux-gnu/lib/crti.o
 .rela.data.rel.ro.local
                0x00000000000028c8      0x120 c:/progra~1/common~1/dspace/gcc/103244~1.3_l/x86_64~1/bin/../../x86_64-linux-gnu/lib/crti.o
 .rela.data.rel.ro
                0x00000000000029e8      0x1f8 c:/progra~1/common~1/dspace/gcc/103244~1.3_l/x86_64~1/bin/../../x86_64-linux-gnu/lib/crti.o
 *(.rela.tdata .rela.tdata.* .rela.gnu.linkonce.td.*)
 *(.rela.tbss .rela.tbss.* .rela.gnu.linkonce.tb.*)
 *(.rela.ctors)
 *(.rela.dtors)
 *(.rela.got)
 .rela.got      0x0000000000002be0       0xd8 c:/progra~1/common~1/dspace/gcc/103244~1.3_l/x86_64~1/bin/../../x86_64-linux-gnu/lib/crti.o
 *(.rela.bss .rela.bss.* .rela.gnu.linkonce.b.*)
 *(.rela.ldata .rela.ldata.* .rela.gnu.linkonce.l.*)
 *(.rela.lbss .rela.lbss.* .rela.gnu.linkonce.lb.*)
 *(.rela.lrodata .rela.lrodata.* .rela.gnu.linkonce.lr.*)
 *(.rela.ifunc)
 .rela.ifunc    0x0000000000002cb8        0x0 c:/progra~1/common~1/dspace/gcc/103244~1.3_l/x86_64~1/bin/../../x86_64-linux-gnu/lib/crti.o
 .rela.init_array
                0x0000000000002cb8       0x18 c:/progra~1/common~1/dspace/gcc/103244~1.3_l/x86_64~1/bin/../../x86_64-linux-gnu/lib/crti.o

.rela.plt       0x0000000000002cd0       0x48
 *(.rela.plt)
 .rela.plt      0x0000000000002cd0       0x48 c:/progra~1/common~1/dspace/gcc/103244~1.3_l/x86_64~1/bin/../../x86_64-linux-gnu/lib/crti.o
 *(.rela.iplt)
                0x0000000000003000                . = ALIGN (CONSTANT (MAXPAGESIZE))

.init           0x0000000000003000       0x17
 *(SORT_NONE(.init))
 .init          0x0000000000003000       0x12 c:/progra~1/common~1/dspace/gcc/103244~1.3_l/x86_64~1/bin/../../x86_64-linux-gnu/lib/crti.o
                0x0000000000003000                _init
 .init          0x0000000000003012        0x5 c:/progra~1/common~1/dspace/gcc/103244~1.3_l/x86_64~1/bin/../../x86_64-linux-gnu/lib/crtn.o

.plt            0x0000000000003020       0x40
 *(.plt)
 .plt           0x0000000000003020       0x40 c:/progra~1/common~1/dspace/gcc/103244~1.3_l/x86_64~1/bin/../../x86_64-linux-gnu/lib/crti.o
 *(.iplt)

.plt.got        0x0000000000003060        0x8
 *(.plt.got)
 .plt.got       0x0000000000003060        0x8 c:/progra~1/common~1/dspace/gcc/103244~1.3_l/x86_64~1/bin/../../x86_64-linux-gnu/lib/crti.o

.plt.sec
 *(.plt.sec)

.text           0x0000000000003070     0x4e05
 *(.text.unlikely .text.*_unlikely .text.unlikely.*)
 *(.text.exit .text.exit.*)
 *(.text.startup .text.startup.*)
 *(.text.hot .text.hot.*)
 *(SORT_BY_NAME(.text.sorted.*))
 *(.text .stub .text.* .gnu.linkonce.t.*)
 .text          0x0000000000003070        0x0 c:/progra~1/common~1/dspace/gcc/103244~1.3_l/x86_64~1/bin/../../x86_64-linux-gnu/lib/crti.o
 .text          0x0000000000003070      0x109 c:/progra~1/common~1/dspace/gcc/103244~1.3_l/x86_64~1/bin/../lib/gcc/x86_64-linux-gnu/10.3.0/crtbeginS.o
 .text          0x0000000000003179        0x0 .\BinaryArtifacts\turnlamp\HostPCLinux64_GCC\SmartServices_Cfg_generated.o
 .text          0x0000000000003179       0x56 .\BinaryArtifacts\turnlamp\HostPCLinux64_GCC\SmartServices.o
                0x0000000000003179                SmartServices_Initialize
 .text          0x00000000000031cf      0x227 .\BinaryArtifacts\turnlamp\HostPCLinux64_GCC\SicAppFrm_Task_generated.o
                0x00000000000031cf                SicAppFrm_ExecTask_Periodic_Task_2
                0x0000000000003268                SicAppFrm_ExecTask_Virtual_Task_0
                0x000000000000334a                SicAppFrm_ExecuteTask
                0x00000000000033af                turnlamp_DSRTTriggerFunction2
                0x00000000000033cd                SicAppFrm_ResetTasks
 .text          0x00000000000033f6      0x102 .\BinaryArtifacts\turnlamp\HostPCLinux64_GCC\SicAppFrm_AccPt_generated.o
                0x00000000000033f6                turnlamp_APTerminateSimulation
                0x000000000000343f                turnlamp_APLastApplStateStopped
                0x0000000000003452                turnlamp_APPrintMessage
                0x000000000000346d                turnlamp_APStopSimulation
                0x0000000000003498                SicAppFrm_DAQServiceCall1
                0x00000000000034c8                SicAppFrm_DAQServiceCall0
 .text          0x00000000000034f8      0x760 .\BinaryArtifacts\turnlamp\HostPCLinux64_GCC\SicAppFrm.o
                0x00000000000036ce                SicAppFrm_WasLastApplStateStopped
                0x00000000000036d6                SicAppFrm_EnforceState
                0x000000000000373c                SicAppFrm_Download
                0x000000000000378a                SicAppFrm_Start
                0x00000000000037dc                SicAppFrm_Stop
                0x0000000000003838                SicAppFrm_CheckRunAllowed
                0x0000000000003928                SicAppFrm_Trigger
                0x0000000000003a49                SicAppFrm_CheckEvents
                0x0000000000003c24                SicAppFrm_TaskExitInAllModelTasks
                0x0000000000003c37                SicAppFrm_TriggerEvent
 .text          0x0000000000003c58      0x350 .\BinaryArtifacts\turnlamp\HostPCLinux64_GCC\SicAppFrm_Queue.o
                0x0000000000003c58                SicAppFrm_CheckQueueItem
                0x0000000000003c74                SicAppFrm_QueueCheckNullPtr
                0x0000000000003c85                SicAppFrm_ReserveQueueBuffer
                0x0000000000003cd6                SicAppFrm_FillQueueBuffer
                0x0000000000003d26                SicAppFrm_Clear
                0x0000000000003d7d                SicAppFrm_IsQueueEmpty
                0x0000000000003dba                SicAppFrm_Dequeue
                0x0000000000003e93                SicAppFrm_SortQueue
                0x0000000000003f02                SicAppFrm_Enqueue
 .text          0x0000000000003fa8       0x60 .\BinaryArtifacts\turnlamp\HostPCLinux64_GCC\VEOS_Api.o
                0x0000000000003fa8                VEOS_API_Start
                0x0000000000003ff4                VEOS_API_Stop
                0x0000000000003ffa                VEOS_API_Download
 .text          0x0000000000004008        0x6 .\BinaryArtifacts\turnlamp\HostPCLinux64_GCC\VEOS_BusApi.o
                0x0000000000004008                VEOS_BusApi_Start
 .text          0x000000000000400e      0x19a .\BinaryArtifacts\turnlamp\HostPCLinux64_GCC\VEOS_ExpApi.o
                0x000000000000400e                VEOS_ExpApi_Download
                0x0000000000004032                VEOS_ExpApi_Start
                0x0000000000004038                VEOS_ExpApi_GetRasterService
                0x0000000000004087                VEOS_ExpApi_CallDaqService
                0x00000000000040e2                VEOS_ExpApi_CallBypassingService
                0x00000000000040e8                VEOS_ExpApi_CallStimServicePostStep
                0x00000000000040ff                VEOS_ExpApi_CallStimServicePreStep
                0x0000000000004116                VEOS_ExpApi_StimSvcSyncMode
                0x0000000000004132                VEOS_ExpApi_StimSvcAsyncMode
                0x000000000000414e                VEOS_ExpApi_DsModelAccessRead
                0x000000000000417b                VEOS_ExpApi_DsModelAccessWrite
 .text          0x00000000000041a8      0x586 .\BinaryArtifacts\turnlamp\HostPCLinux64_GCC\VEOS_SimApi.o
                0x00000000000041a8                VEOS_SimApi_Start
                0x0000000000004202                VEOS_PauseSimulation
                0x0000000000004288                VEOS_SimApi_TerminateSimulation
                0x0000000000004310                VEOS_SimApi_TerminateSimulationFatal
                0x000000000000435c                VEOS_SimApi_DownloadEvent
                0x00000000000043d5                VEOS_SimApi_StartEvent
                0x000000000000444e                VEOS_SimApi_TriggerEvent
                0x00000000000044c7                VEOS_SimApi_StopEvent
                0x0000000000004540                VEOS_SimApi_ResetEvent
                0x00000000000045b9                VEOS_SimApi_UnloadEvent
                0x0000000000004632                VEOS_StopSimulation
                0x0000000000004645                VEOS_GetCurrentOsaPath
                0x0000000000004682                VEOS_SimApi_ReportError
                0x00000000000046cb                VEOS_SimApi_SignalApiError
                0x00000000000046f7                VEOS_SimApi_CallIoHandler
                0x0000000000004705                VEOS_SimApi_SetCurrentEventStatus
                0x0000000000004717                VEOS_SimApi_ResetCurrentEventStatus
                0x0000000000004726                VEOS_SimApi_GetCurrentEventStatus
 .text          0x000000000000472e        0x6 .\BinaryArtifacts\turnlamp\HostPCLinux64_GCC\VEOS_NotiApi.o
                0x000000000000472e                VEOS_NotiApi_Start
 .text          0x0000000000004734      0x1de .\BinaryArtifacts\turnlamp\HostPCLinux64_GCC\VEOS_MsgApi.o
                0x0000000000004734                VEOS_MsgApi_Start
                0x0000000000004760                VEOS_MsgApi_ShowMessage
                0x00000000000047ef                VEOS_MsgApi_ShowMessageVarArgs
                0x0000000000004884                VEOS_MsgApi_ShowMessageFormat
 .text          0x0000000000004912        0x6 .\BinaryArtifacts\turnlamp\HostPCLinux64_GCC\VEOS_PortApi.o
                0x0000000000004912                VEOS_PortApi_Start
 .text          0x0000000000004918        0x6 .\BinaryArtifacts\turnlamp\HostPCLinux64_GCC\VEOS_OsTskApi.o
                0x0000000000004918                VEOS_OsTskApi_Start
 .text          0x000000000000491e        0x0 .\BinaryArtifacts\turnlamp\HostPCLinux64_GCC\VEOS_Interaction.o
 .text          0x000000000000491e      0x235 .\BinaryArtifacts\turnlamp\HostPCLinux64_GCC\VEOS.o
                0x000000000000491e                VEOS_ErrorCodeToMessageConverter
 .text          0x0000000000004b53      0x3e6 .\BinaryArtifacts\turnlamp\HostPCLinux64_GCC\VEOS_Impl.o
                0x0000000000004ba7                VEOS_BusApiImpl_MessageReceivedEvent
                0x0000000000004bba                VEOS_BusApiImpl_LinHeaderReceivedEvent
                0x0000000000004bcd                VEOS_BusApiImpl_ChannelStatusEvent
                0x0000000000004be0                VEOS_SimApiImpl_CallIoHandler
                0x0000000000004be6                VEOS_SimApiImpl_DownloadEvent
                0x0000000000004c6c                VEOS_SimApiImpl_StartEvent
                0x0000000000004d1c                VEOS_SimApiImpl_TriggerEvent
                0x0000000000004d61                VEOS_SimApiImpl_StopEvent
                0x0000000000004dc8                VEOS_SimApiImpl_ResetEvent
                0x0000000000004df7                VEOS_SimApiImpl_UnloadEvent
                0x0000000000004e47                VEOS_SimApiImpl_InterruptEvent
                0x0000000000004e64                VEOS_EnableInterruptHandlers
                0x0000000000004e65                VEOS_DisableInterruptHandlers
                0x0000000000004e66                VEOS_CheckDataType
 .text          0x0000000000004f39      0x2a0 .\BinaryArtifacts\turnlamp\HostPCLinux64_GCC\DsMsgApi.o
                0x0000000000004f39                msg_printf
                0x000000000000500d                msg_error_printf
                0x00000000000050a6                msg_info_printf
                0x000000000000513f                msg_warning_printf
                0x00000000000051d8                msg_default_dialog_set
 .text          0x00000000000051d9      0x10d C:/Users/DSPACE~1/AppData/Local/Temp/VEOS_S~1/BinaryArtifacts/turnlamp/HostPCLinux64_GCC/VEOS_turnlamp.a(turnlamp_dsrtmdlfcn.obj)
                0x00000000000051d9                turnlamp_DSRTCheckForErrorStatus
                0x0000000000005223                turnlamp_DSRTInitMdl
                0x0000000000005240                turnlamp_DSRTStartMdl
                0x0000000000005261                turnlamp_DSRTStopMdl
                0x0000000000005274                turnlamp_DSRTCheckForSimulationStopCondition
 .text          0x00000000000052e6       0x9f C:/Users/DSPACE~1/AppData/Local/Temp/VEOS_S~1/BinaryArtifacts/turnlamp/HostPCLinux64_GCC/VEOS_turnlamp.a(turnlamp_dsrttf.obj)
                0x00000000000052e6                turnlamp_DSRTMdlOutputs0
                0x00000000000052f4                turnlamp_DSRTMdlUpdate0
                0x0000000000005302                turnlamp_DSRTMdlOutputs2
                0x0000000000005310                turnlamp_DSRTMdlUpdate2
                0x000000000000531e                turnlamp_DSRTTriggerTaskFunctions
 .text          0x0000000000005385     0x1d60 C:/Users/DSPACE~1/AppData/Local/Temp/VEOS_S~1/BinaryArtifacts/turnlamp/HostPCLinux64_GCC/VEOS_turnlamp.a(turnlamp.obj)
                0x0000000000005385                turnlamp_PassSignal_Init
                0x0000000000005398                turnlamp_PassSignal
                0x00000000000053e3                turnlamp_PassSignal_d_Init
                0x00000000000053ec                turnlamp_PassSignal_Disable
                0x00000000000053f0                turnlamp_PassSignal_n_Start
                0x00000000000053f4                turnlamp_PassSignal_h
                0x0000000000005456                rt_urand_Upu32_Yd_f_pw_snf
                0x00000000000054b4                turnlamp_output0
                0x000000000000699b                turnlamp_derivatives
                0x0000000000006a56                turnlamp_update0
                0x0000000000006be5                turnlamp_output2
                0x0000000000006bfa                turnlamp_update2
                0x0000000000006bfb                turnlamp_initialize
                0x00000000000070e4                turnlamp_terminate
 .text          0x00000000000070e5      0x123 C:/Users/DSPACE~1/AppData/Local/Temp/VEOS_S~1/BinaryArtifacts/turnlamp/HostPCLinux64_GCC/VEOS_turnlamp.a(rt_nonfinite.obj)
                0x00000000000070e5                rt_InitInfAndNaN
                0x000000000000713c                rtIsInf
                0x000000000000716e                rtIsInfF
                0x000000000000719e                rtIsNaN
                0x00000000000071d9                rtIsNaNF
 .text          0x0000000000007208        0x0 C:/Users/DSPACE~1/AppData/Local/Temp/VEOS_S~1/BinaryArtifacts/turnlamp/HostPCLinux64_GCC/VEOS_turnlamp.a(turnlamp_data.obj)
 .text          0x0000000000007208      0x1da C:/Users/DSPACE~1/AppData/Local/Temp/VEOS_S~1/BinaryArtifacts/turnlamp/HostPCLinux64_GCC/VEOS_turnlamp.a(turnlamp_dsrtvdf.obj)
                0x00000000000073d6                turnlamp_rti_init_trc_pointers
 .text          0x00000000000073e2       0x24 C:/Users/DSPACE~1/AppData/Local/Temp/VEOS_S~1/BinaryArtifacts/turnlamp/HostPCLinux64_GCC/VEOS_turnlamp.a(rtGetInf.obj)
                0x00000000000073e2                rtGetInf
                0x00000000000073eb                rtGetInfF
                0x00000000000073f4                rtGetMinusInf
                0x00000000000073fd                rtGetMinusInfF
 .text          0x0000000000007406       0x12 C:/Users/DSPACE~1/AppData/Local/Temp/VEOS_S~1/BinaryArtifacts/turnlamp/HostPCLinux64_GCC/VEOS_turnlamp.a(rtGetNaN.obj)
                0x0000000000007406                rtGetNaN
                0x000000000000740f                rtGetNaNF
 .text          0x0000000000007418       0x7b C:/Users/DSPACE~1/AppData/Local/Temp/VEOS_S~1/GeneratedCode/LibraryFiles/ModelInit/ModelInit_HostPCLinux64_GCC_Debug.a(ModelInit.obj)
                0x0000000000007418                VEOS_MdlInitApiImpl_CheckModel
 .text          0x0000000000007493        0x0 C:/Users/DSPACE~1/AppData/Local/Temp/VEOS_S~1/GeneratedCode/LibraryFiles/ModelInit/ModelInit_HostPCLinux64_GCC_Debug.a(VEOS_FrmRef.obj)
 .text          0x0000000000007493      0x27a C:/Users/DSPACE~1/AppData/Local/Temp/VEOS_S~1/GeneratedCode/LibraryFiles/ModelInit/NoEcuIoCore_HostPCLinux64_GCC_Debug.a(NoEcuInit.obj)
                0x0000000000007493                VEOS_ModelInit_EcuCoreInit
 .text          0x000000000000770d      0x277 C:/Users/DSPACE~1/AppData/Local/Temp/VEOS_S~1/GeneratedCode/LibraryFiles/ModelInit/NoCanIoCore_HostPCLinux64_GCC_Debug.a(NoCanInit.obj)
                0x000000000000770d                VEOS_ModelInit_CanCoreInit
 .text          0x0000000000007984      0x27a C:/Users/DSPACE~1/AppData/Local/Temp/VEOS_S~1/GeneratedCode/LibraryFiles/ModelInit/NoLinIoCore_HostPCLinux64_GCC_Debug.a(NoLinInit.obj)
                0x0000000000007984                VEOS_ModelInit_LinCoreInit
 .text          0x0000000000007bfe      0x277 C:/Users/DSPACE~1/AppData/Local/Temp/VEOS_S~1/GeneratedCode/LibraryFiles/ModelInit/NoEthIoCore_HostPCLinux64_GCC_Debug.a(NoEthInit.obj)
                0x0000000000007bfe                VEOS_ModelInit_EthCoreInit
 .text          0x0000000000007e75        0x0 c:/progra~1/common~1/dspace/gcc/103244~1.3_l/x86_64~1/bin/../lib/gcc/x86_64-linux-gnu/10.3.0/crtendS.o
 .text          0x0000000000007e75        0x0 c:/progra~1/common~1/dspace/gcc/103244~1.3_l/x86_64~1/bin/../../x86_64-linux-gnu/lib/crtn.o
 *(.gnu.warning)

.fini           0x0000000000007e78        0xe
 *(SORT_NONE(.fini))
 .fini          0x0000000000007e78        0x4 c:/progra~1/common~1/dspace/gcc/103244~1.3_l/x86_64~1/bin/../../x86_64-linux-gnu/lib/crti.o
                0x0000000000007e78                _fini
 .fini          0x0000000000007e7c        0x5 c:/progra~1/common~1/dspace/gcc/103244~1.3_l/x86_64~1/bin/../lib/gcc/x86_64-linux-gnu/10.3.0/crtbeginS.o
 .fini          0x0000000000007e81        0x5 c:/progra~1/common~1/dspace/gcc/103244~1.3_l/x86_64~1/bin/../../x86_64-linux-gnu/lib/crtn.o
                [!provide]                        PROVIDE (__etext = .)
                [!provide]                        PROVIDE (_etext = .)
                [!provide]                        PROVIDE (etext = .)
                0x0000000000008000                . = ALIGN (CONSTANT (MAXPAGESIZE))
                0x0000000000008000                . = SEGMENT_START ("rodata-segment", (ALIGN (CONSTANT (MAXPAGESIZE)) + (. & (CONSTANT (MAXPAGESIZE) - 0x1))))

.rodata         0x0000000000008000     0x1614
 *(.rodata .rodata.* .gnu.linkonce.r.*)
 .rodata.str1.1
                0x0000000000008000       0x14 .\BinaryArtifacts\turnlamp\HostPCLinux64_GCC\SicAppFrm_Task_generated.o
 *fill*         0x0000000000008014        0xc 
 .rodata        0x0000000000008020       0x63 .\BinaryArtifacts\turnlamp\HostPCLinux64_GCC\SicAppFrm_Task_generated.o
 .rodata.str1.1
                0x0000000000008083       0x14 .\BinaryArtifacts\turnlamp\HostPCLinux64_GCC\SicAppFrm_AccPt_generated.o
 *fill*         0x0000000000008083        0xd 
 .rodata        0x0000000000008090       0x7f .\BinaryArtifacts\turnlamp\HostPCLinux64_GCC\SicAppFrm_AccPt_generated.o
 *fill*         0x000000000000810f        0x1 
 .rodata.str1.8
                0x0000000000008110      0x20a .\BinaryArtifacts\turnlamp\HostPCLinux64_GCC\SicAppFrm.o
 .rodata.str1.1
                0x000000000000831a       0x1e .\BinaryArtifacts\turnlamp\HostPCLinux64_GCC\SicAppFrm.o
 .rodata        0x0000000000008338        0xc .\BinaryArtifacts\turnlamp\HostPCLinux64_GCC\SicAppFrm.o
                0x0000000000008338                g_SicAppFrm_TaskTurnaroundTime
                0x0000000000008340                g_SicAppFrm_TaskOverrunCounter
 .rodata.str1.1
                0x0000000000008344        0xe .\BinaryArtifacts\turnlamp\HostPCLinux64_GCC\VEOS_SimApi.o
 *fill*         0x0000000000008352        0x6 
 .rodata.str1.8
                0x0000000000008358       0x54 .\BinaryArtifacts\turnlamp\HostPCLinux64_GCC\VEOS_SimApi.o
 *fill*         0x00000000000083ac       0x14 
 .rodata        0x00000000000083c0      0x135 .\BinaryArtifacts\turnlamp\HostPCLinux64_GCC\VEOS_SimApi.o
 .rodata.str1.1
                0x00000000000084f5        0xb .\BinaryArtifacts\turnlamp\HostPCLinux64_GCC\VEOS_MsgApi.o
 .rodata        0x0000000000008500       0x38 .\BinaryArtifacts\turnlamp\HostPCLinux64_GCC\VEOS_MsgApi.o
 .rodata        0x0000000000008538        0x8 .\BinaryArtifacts\turnlamp\HostPCLinux64_GCC\VEOS_Interaction.o
                0x0000000000008538                ga_VEOS_Version
 .rodata.str1.1
                0x0000000000008540       0x20 .\BinaryArtifacts\turnlamp\HostPCLinux64_GCC\VEOS.o
 .rodata.str1.8
                0x0000000000008560      0x954 .\BinaryArtifacts\turnlamp\HostPCLinux64_GCC\VEOS.o
 .rodata        0x0000000000008eb4      0x314 .\BinaryArtifacts\turnlamp\HostPCLinux64_GCC\VEOS.o
 .rodata.str1.8
                0x00000000000091c8      0x350 .\BinaryArtifacts\turnlamp\HostPCLinux64_GCC\VEOS_Impl.o
 .rodata.str1.1
                0x0000000000009518       0x14 C:/Users/DSPACE~1/AppData/Local/Temp/VEOS_S~1/BinaryArtifacts/turnlamp/HostPCLinux64_GCC/VEOS_turnlamp.a(turnlamp_dsrtmdlfcn.obj)
 *fill*         0x000000000000952c        0x4 
 .rodata.str1.8
                0x0000000000009530       0x68 C:/Users/DSPACE~1/AppData/Local/Temp/VEOS_S~1/BinaryArtifacts/turnlamp/HostPCLinux64_GCC/VEOS_turnlamp.a(turnlamp_dsrtmdlfcn.obj)
 .rodata.str1.1
                0x0000000000009598        0x5 C:/Users/DSPACE~1/AppData/Local/Temp/VEOS_S~1/BinaryArtifacts/turnlamp/HostPCLinux64_GCC/VEOS_turnlamp.a(turnlamp.obj)
 *fill*         0x000000000000959d        0x3 
 .rodata.cst8   0x00000000000095a0       0x30 C:/Users/DSPACE~1/AppData/Local/Temp/VEOS_S~1/BinaryArtifacts/turnlamp/HostPCLinux64_GCC/VEOS_turnlamp.a(turnlamp.obj)
 .rodata.cst16  0x00000000000095d0       0x20 C:/Users/DSPACE~1/AppData/Local/Temp/VEOS_S~1/BinaryArtifacts/turnlamp/HostPCLinux64_GCC/VEOS_turnlamp.a(turnlamp.obj)
 .rodata.cst8   0x00000000000095f0       0x10 C:/Users/DSPACE~1/AppData/Local/Temp/VEOS_S~1/BinaryArtifacts/turnlamp/HostPCLinux64_GCC/VEOS_turnlamp.a(rtGetInf.obj)
 .rodata.cst4   0x0000000000009600        0x8 C:/Users/DSPACE~1/AppData/Local/Temp/VEOS_S~1/BinaryArtifacts/turnlamp/HostPCLinux64_GCC/VEOS_turnlamp.a(rtGetInf.obj)
 .rodata.cst8   0x0000000000009608        0x8 C:/Users/DSPACE~1/AppData/Local/Temp/VEOS_S~1/BinaryArtifacts/turnlamp/HostPCLinux64_GCC/VEOS_turnlamp.a(rtGetNaN.obj)
 .rodata.cst4   0x0000000000009610        0x4 C:/Users/DSPACE~1/AppData/Local/Temp/VEOS_S~1/BinaryArtifacts/turnlamp/HostPCLinux64_GCC/VEOS_turnlamp.a(rtGetNaN.obj)

.rodata1
 *(.rodata1)

.eh_frame_hdr   0x0000000000009614      0x48c
 *(.eh_frame_hdr)
 .eh_frame_hdr  0x0000000000009614      0x48c .\BinaryArtifacts\turnlamp\HostPCLinux64_GCC\SmartServices.o
                0x0000000000009614                __GNU_EH_FRAME_HDR
 *(.eh_frame_entry .eh_frame_entry.*)

.eh_frame       0x0000000000009aa0     0x100c
 *(.eh_frame)
 .eh_frame      0x0000000000009aa0       0x40 c:/progra~1/common~1/dspace/gcc/103244~1.3_l/x86_64~1/bin/../../x86_64-linux-gnu/lib/crti.o
 .eh_frame      0x0000000000009ae0       0x18 c:/progra~1/common~1/dspace/gcc/103244~1.3_l/x86_64~1/bin/../../x86_64-linux-gnu/lib/crti.o
                                         0x30 (size before relaxing)
 .eh_frame      0x0000000000009af8       0x18 .\BinaryArtifacts\turnlamp\HostPCLinux64_GCC\SmartServices.o
                                         0x30 (size before relaxing)
 .eh_frame      0x0000000000009b10       0x88 .\BinaryArtifacts\turnlamp\HostPCLinux64_GCC\SicAppFrm_Task_generated.o
                                         0xa0 (size before relaxing)
 .eh_frame      0x0000000000009b98       0xa8 .\BinaryArtifacts\turnlamp\HostPCLinux64_GCC\SicAppFrm_AccPt_generated.o
                                         0xc0 (size before relaxing)
 .eh_frame      0x0000000000009c40      0x1c0 .\BinaryArtifacts\turnlamp\HostPCLinux64_GCC\SicAppFrm.o
                                        0x1d8 (size before relaxing)
 .eh_frame      0x0000000000009e00      0x150 .\BinaryArtifacts\turnlamp\HostPCLinux64_GCC\SicAppFrm_Queue.o
                                        0x168 (size before relaxing)
 .eh_frame      0x0000000000009f50       0x48 .\BinaryArtifacts\turnlamp\HostPCLinux64_GCC\VEOS_Api.o
                                         0x60 (size before relaxing)
 .eh_frame      0x0000000000009f98       0x18 .\BinaryArtifacts\turnlamp\HostPCLinux64_GCC\VEOS_BusApi.o
                                         0x30 (size before relaxing)
 .eh_frame      0x0000000000009fb0      0x110 .\BinaryArtifacts\turnlamp\HostPCLinux64_GCC\VEOS_ExpApi.o
                                        0x128 (size before relaxing)
 .eh_frame      0x000000000000a0c0      0x1d8 .\BinaryArtifacts\turnlamp\HostPCLinux64_GCC\VEOS_SimApi.o
                                        0x1f0 (size before relaxing)
 .eh_frame      0x000000000000a298       0x18 .\BinaryArtifacts\turnlamp\HostPCLinux64_GCC\VEOS_NotiApi.o
                                         0x30 (size before relaxing)
 .eh_frame      0x000000000000a2b0       0x68 .\BinaryArtifacts\turnlamp\HostPCLinux64_GCC\VEOS_MsgApi.o
                                         0x80 (size before relaxing)
 .eh_frame      0x000000000000a318       0x18 .\BinaryArtifacts\turnlamp\HostPCLinux64_GCC\VEOS_PortApi.o
                                         0x30 (size before relaxing)
 .eh_frame      0x000000000000a330       0x18 .\BinaryArtifacts\turnlamp\HostPCLinux64_GCC\VEOS_OsTskApi.o
                                         0x30 (size before relaxing)
 .eh_frame      0x000000000000a348       0x18 .\BinaryArtifacts\turnlamp\HostPCLinux64_GCC\VEOS.o
                                         0x30 (size before relaxing)
 .eh_frame      0x000000000000a360      0x1b0 .\BinaryArtifacts\turnlamp\HostPCLinux64_GCC\VEOS_Impl.o
                                        0x1c8 (size before relaxing)
 .eh_frame      0x000000000000a510       0x88 .\BinaryArtifacts\turnlamp\HostPCLinux64_GCC\DsMsgApi.o
                                         0xa0 (size before relaxing)
 .eh_frame      0x000000000000a598       0x88 C:/Users/DSPACE~1/AppData/Local/Temp/VEOS_S~1/BinaryArtifacts/turnlamp/HostPCLinux64_GCC/VEOS_turnlamp.a(turnlamp_dsrtmdlfcn.obj)
                                         0xa0 (size before relaxing)
 .eh_frame      0x000000000000a620       0x88 C:/Users/DSPACE~1/AppData/Local/Temp/VEOS_S~1/BinaryArtifacts/turnlamp/HostPCLinux64_GCC/VEOS_turnlamp.a(turnlamp_dsrttf.obj)
                                         0xa0 (size before relaxing)
 .eh_frame      0x000000000000a6a8      0x1a8 C:/Users/DSPACE~1/AppData/Local/Temp/VEOS_S~1/BinaryArtifacts/turnlamp/HostPCLinux64_GCC/VEOS_turnlamp.a(turnlamp.obj)
                                        0x1c0 (size before relaxing)
 .eh_frame      0x000000000000a850       0x68 C:/Users/DSPACE~1/AppData/Local/Temp/VEOS_S~1/BinaryArtifacts/turnlamp/HostPCLinux64_GCC/VEOS_turnlamp.a(rt_nonfinite.obj)
                                         0x80 (size before relaxing)
 .eh_frame      0x000000000000a8b8       0x40 C:/Users/DSPACE~1/AppData/Local/Temp/VEOS_S~1/BinaryArtifacts/turnlamp/HostPCLinux64_GCC/VEOS_turnlamp.a(turnlamp_dsrtvdf.obj)
                                         0x58 (size before relaxing)
 .eh_frame      0x000000000000a8f8       0x50 C:/Users/DSPACE~1/AppData/Local/Temp/VEOS_S~1/BinaryArtifacts/turnlamp/HostPCLinux64_GCC/VEOS_turnlamp.a(rtGetInf.obj)
                                         0x68 (size before relaxing)
 .eh_frame      0x000000000000a948       0x28 C:/Users/DSPACE~1/AppData/Local/Temp/VEOS_S~1/BinaryArtifacts/turnlamp/HostPCLinux64_GCC/VEOS_turnlamp.a(rtGetNaN.obj)
                                         0x40 (size before relaxing)
 .eh_frame      0x000000000000a970       0x38 C:/Users/DSPACE~1/AppData/Local/Temp/VEOS_S~1/GeneratedCode/LibraryFiles/ModelInit/ModelInit_HostPCLinux64_GCC_Debug.a(ModelInit.obj)
                                         0x50 (size before relaxing)
 .eh_frame      0x000000000000a9a8       0x40 C:/Users/DSPACE~1/AppData/Local/Temp/VEOS_S~1/GeneratedCode/LibraryFiles/ModelInit/NoEcuIoCore_HostPCLinux64_GCC_Debug.a(NoEcuInit.obj)
                                         0x58 (size before relaxing)
 .eh_frame      0x000000000000a9e8       0x40 C:/Users/DSPACE~1/AppData/Local/Temp/VEOS_S~1/GeneratedCode/LibraryFiles/ModelInit/NoCanIoCore_HostPCLinux64_GCC_Debug.a(NoCanInit.obj)
                                         0x58 (size before relaxing)
 .eh_frame      0x000000000000aa28       0x40 C:/Users/DSPACE~1/AppData/Local/Temp/VEOS_S~1/GeneratedCode/LibraryFiles/ModelInit/NoLinIoCore_HostPCLinux64_GCC_Debug.a(NoLinInit.obj)
                                         0x58 (size before relaxing)
 .eh_frame      0x000000000000aa68       0x40 C:/Users/DSPACE~1/AppData/Local/Temp/VEOS_S~1/GeneratedCode/LibraryFiles/ModelInit/NoEthIoCore_HostPCLinux64_GCC_Debug.a(NoEthInit.obj)
                                         0x58 (size before relaxing)
 .eh_frame      0x000000000000aaa8        0x4 c:/progra~1/common~1/dspace/gcc/103244~1.3_l/x86_64~1/bin/../lib/gcc/x86_64-linux-gnu/10.3.0/crtendS.o
 *(.eh_frame.*)

.gcc_except_table
 *(.gcc_except_table .gcc_except_table.*)

.gnu_extab
 *(.gnu_extab*)

.exception_ranges
 *(.exception_ranges*)
                0x000000000000bbb8                . = DATA_SEGMENT_ALIGN (CONSTANT (MAXPAGESIZE), CONSTANT (COMMONPAGESIZE))

.eh_frame
 *(.eh_frame)
 *(.eh_frame.*)

.gnu_extab
 *(.gnu_extab)

.gcc_except_table
 *(.gcc_except_table .gcc_except_table.*)

.exception_ranges
 *(.exception_ranges*)

.tdata
 *(.tdata .tdata.* .gnu.linkonce.td.*)

.tbss
 *(.tbss .tbss.* .gnu.linkonce.tb.*)
 *(.tcommon)

.preinit_array
 *(.preinit_array)

.init_array     0x000000000000bbb8        0x8
 *(SORT_BY_INIT_PRIORITY(.init_array.*) SORT_BY_INIT_PRIORITY(.ctors.*))
 *(.init_array EXCLUDE_FILE(*crtend?.o *crtend.o *crtbegin?.o *crtbegin.o) .ctors)
 .init_array    0x000000000000bbb8        0x8 c:/progra~1/common~1/dspace/gcc/103244~1.3_l/x86_64~1/bin/../lib/gcc/x86_64-linux-gnu/10.3.0/crtbeginS.o

.fini_array
 *(SORT_BY_INIT_PRIORITY(.fini_array.*) SORT_BY_INIT_PRIORITY(.dtors.*))
 *(.fini_array EXCLUDE_FILE(*crtend?.o *crtend.o *crtbegin?.o *crtbegin.o) .dtors)

.ctors          0x000000000000bbc0       0x10
 *crtbegin.o(.ctors)
 *crtbegin?.o(.ctors)
 .ctors         0x000000000000bbc0        0x8 c:/progra~1/common~1/dspace/gcc/103244~1.3_l/x86_64~1/bin/../lib/gcc/x86_64-linux-gnu/10.3.0/crtbeginS.o
 *(EXCLUDE_FILE(*crtend?.o *crtend.o) .ctors)
 *(SORT_BY_NAME(.ctors.*))
 *(.ctors)
 .ctors         0x000000000000bbc8        0x8 c:/progra~1/common~1/dspace/gcc/103244~1.3_l/x86_64~1/bin/../lib/gcc/x86_64-linux-gnu/10.3.0/crtendS.o

.dtors          0x000000000000bbd0       0x10
 *crtbegin.o(.dtors)
 *crtbegin?.o(.dtors)
 .dtors         0x000000000000bbd0        0x8 c:/progra~1/common~1/dspace/gcc/103244~1.3_l/x86_64~1/bin/../lib/gcc/x86_64-linux-gnu/10.3.0/crtbeginS.o
 *(EXCLUDE_FILE(*crtend?.o *crtend.o) .dtors)
 *(SORT_BY_NAME(.dtors.*))
 *(.dtors)
 .dtors         0x000000000000bbd8        0x8 c:/progra~1/common~1/dspace/gcc/103244~1.3_l/x86_64~1/bin/../lib/gcc/x86_64-linux-gnu/10.3.0/crtendS.o
                0x000000000000bbd8                __DTOR_END__

.jcr
 *(.jcr)

.data.rel.ro    0x000000000000bbe0      0x1f8
 *(.data.rel.ro.local* .gnu.linkonce.d.rel.ro.local.*)
 .data.rel.ro.local
                0x000000000000bbe0       0xb0 .\BinaryArtifacts\turnlamp\HostPCLinux64_GCC\SmartServices.o
                0x000000000000bbe0                g_SmartServices_Api
 .data.rel.ro.local
                0x000000000000bc90        0x8 C:/Users/DSPACE~1/AppData/Local/Temp/VEOS_S~1/BinaryArtifacts/turnlamp/HostPCLinux64_GCC/VEOS_turnlamp.a(turnlamp.obj)
                0x000000000000bc90                turnlamp_M
 *(.data.rel.ro .data.rel.ro.* .gnu.linkonce.d.rel.ro.*)
 .data.rel.ro   0x000000000000bc98        0x0 c:/progra~1/common~1/dspace/gcc/103244~1.3_l/x86_64~1/bin/../../x86_64-linux-gnu/lib/crti.o
 *fill*         0x000000000000bc98        0x8 
 .data.rel.ro   0x000000000000bca0      0x138 .\BinaryArtifacts\turnlamp\HostPCLinux64_GCC\VEOS_Interaction.o
                0x000000000000bca0                g_VEOS_Interaction
                0x000000000000bd20                g_VEOS_MsgApi
                0x000000000000bd60                g_VEOS_SimApi

.dynamic        0x000000000000bdd8      0x1d0
 *(.dynamic)
 .dynamic       0x000000000000bdd8      0x1d0 c:/progra~1/common~1/dspace/gcc/103244~1.3_l/x86_64~1/bin/../../x86_64-linux-gnu/lib/crti.o
                0x000000000000bdd8                _DYNAMIC

.got            0x000000000000bfa8       0x48
 *(.got)
 .got           0x000000000000bfa8       0x48 c:/progra~1/common~1/dspace/gcc/103244~1.3_l/x86_64~1/bin/../../x86_64-linux-gnu/lib/crti.o
 *(.igot)
                0x000000000000cfe8                . = DATA_SEGMENT_RELRO_END (., (SIZEOF (.got.plt) >= 0x18)?0x18:0x0)

.got.plt        0x000000000000c000       0x30
 *(.got.plt)
 .got.plt       0x000000000000c000       0x30 c:/progra~1/common~1/dspace/gcc/103244~1.3_l/x86_64~1/bin/../../x86_64-linux-gnu/lib/crti.o
                0x000000000000c000                _GLOBAL_OFFSET_TABLE_
 *(.igot.plt)

.data           0x000000000000c040      0x670
 *(.data .data.* .gnu.linkonce.d.*)
 .data          0x000000000000c040        0x0 c:/progra~1/common~1/dspace/gcc/103244~1.3_l/x86_64~1/bin/../../x86_64-linux-gnu/lib/crti.o
 .data          0x000000000000c040        0x0 c:/progra~1/common~1/dspace/gcc/103244~1.3_l/x86_64~1/bin/../lib/gcc/x86_64-linux-gnu/10.3.0/crtbeginS.o
 .data.rel.local
                0x000000000000c040        0x8 c:/progra~1/common~1/dspace/gcc/103244~1.3_l/x86_64~1/bin/../lib/gcc/x86_64-linux-gnu/10.3.0/crtbeginS.o
                0x000000000000c040                __dso_handle
 .data          0x000000000000c048        0x0 .\BinaryArtifacts\turnlamp\HostPCLinux64_GCC\SmartServices_Cfg_generated.o
 .data.rel.local
                0x000000000000c048       0x18 .\BinaryArtifacts\turnlamp\HostPCLinux64_GCC\SmartServices_Cfg_generated.o
                0x000000000000c048                XilApiEesPortErrorSwitching
                0x000000000000c050                XilApiEesPortErrorActivated
                0x000000000000c058                XilApiEesPortActiveErrorSet
 .data          0x000000000000c060        0x4 .\BinaryArtifacts\turnlamp\HostPCLinux64_GCC\SmartServices.o
 *fill*         0x000000000000c064        0x4 
 .data.rel.local
                0x000000000000c068        0x8 .\BinaryArtifacts\turnlamp\HostPCLinux64_GCC\SmartServices.o
                0x000000000000c068                g_SmartServices_DsModelAccessEnabled
 .data          0x000000000000c070        0x8 .\BinaryArtifacts\turnlamp\HostPCLinux64_GCC\SicAppFrm_Task_generated.o
                0x000000000000c070                g_SicAppFrm_SampleTimeOffset_RunnableFunction1_PeriodicTask1_
                0x000000000000c074                g_SicAppFrm_SampleTimeOffset_RunnableFunction2_PeriodicTask2_
 .data          0x000000000000c078        0x0 .\BinaryArtifacts\turnlamp\HostPCLinux64_GCC\SicAppFrm_AccPt_generated.o
 *fill*         0x000000000000c078        0x8 
 .data          0x000000000000c080       0x18 .\BinaryArtifacts\turnlamp\HostPCLinux64_GCC\SicAppFrm.o
                0x000000000000c080                ga_SicAppFrm_TimerEventCounters
                0x000000000000c090                ga_SicAppFrm_TaskPriorities
 *fill*         0x000000000000c098        0x8 
 .data.rel.local
                0x000000000000c0a0       0x10 .\BinaryArtifacts\turnlamp\HostPCLinux64_GCC\SicAppFrm.o
                0x000000000000c0a0                g_SicAppFrm_TaskSchedule
 .data          0x000000000000c0b0        0x0 .\BinaryArtifacts\turnlamp\HostPCLinux64_GCC\SicAppFrm_Queue.o
 .data          0x000000000000c0b0        0x0 .\BinaryArtifacts\turnlamp\HostPCLinux64_GCC\VEOS_Api.o
 .data          0x000000000000c0b0        0x0 .\BinaryArtifacts\turnlamp\HostPCLinux64_GCC\VEOS_BusApi.o
 .data          0x000000000000c0b0        0xc .\BinaryArtifacts\turnlamp\HostPCLinux64_GCC\VEOS_ExpApi.o
                0x000000000000c0b0                ga_VEOS_ExpApi_Rasters
 .data          0x000000000000c0bc        0x0 .\BinaryArtifacts\turnlamp\HostPCLinux64_GCC\VEOS_SimApi.o
 .data          0x000000000000c0bc        0x0 .\BinaryArtifacts\turnlamp\HostPCLinux64_GCC\VEOS_NotiApi.o
 .data          0x000000000000c0bc        0x0 .\BinaryArtifacts\turnlamp\HostPCLinux64_GCC\VEOS_MsgApi.o
 .data          0x000000000000c0bc        0x0 .\BinaryArtifacts\turnlamp\HostPCLinux64_GCC\VEOS_PortApi.o
 .data          0x000000000000c0bc        0x0 .\BinaryArtifacts\turnlamp\HostPCLinux64_GCC\VEOS_OsTskApi.o
 .data          0x000000000000c0bc        0x0 .\BinaryArtifacts\turnlamp\HostPCLinux64_GCC\VEOS_Interaction.o
 *fill*         0x000000000000c0bc        0x4 
 .data          0x000000000000c0c0       0x10 .\BinaryArtifacts\turnlamp\HostPCLinux64_GCC\VEOS.o
                0x000000000000c0c0                ga_VEOS_ModelHash
 .data          0x000000000000c0d0        0x8 .\BinaryArtifacts\turnlamp\HostPCLinux64_GCC\VEOS_Impl.o
 .data          0x000000000000c0d8        0x0 .\BinaryArtifacts\turnlamp\HostPCLinux64_GCC\DsMsgApi.o
 .data          0x000000000000c0d8        0x0 C:/Users/DSPACE~1/AppData/Local/Temp/VEOS_S~1/BinaryArtifacts/turnlamp/HostPCLinux64_GCC/VEOS_turnlamp.a(turnlamp_dsrtmdlfcn.obj)
 .data          0x000000000000c0d8        0x0 C:/Users/DSPACE~1/AppData/Local/Temp/VEOS_S~1/BinaryArtifacts/turnlamp/HostPCLinux64_GCC/VEOS_turnlamp.a(turnlamp_dsrttf.obj)
 .data          0x000000000000c0d8        0x0 C:/Users/DSPACE~1/AppData/Local/Temp/VEOS_S~1/BinaryArtifacts/turnlamp/HostPCLinux64_GCC/VEOS_turnlamp.a(turnlamp.obj)
 .data          0x000000000000c0d8        0x0 C:/Users/DSPACE~1/AppData/Local/Temp/VEOS_S~1/BinaryArtifacts/turnlamp/HostPCLinux64_GCC/VEOS_turnlamp.a(rt_nonfinite.obj)
 *fill*         0x000000000000c0d8        0x8 
 .data          0x000000000000c0e0      0x248 C:/Users/DSPACE~1/AppData/Local/Temp/VEOS_S~1/BinaryArtifacts/turnlamp/HostPCLinux64_GCC/VEOS_turnlamp.a(turnlamp_data.obj)
                0x000000000000c0e0                turnlamp_P
 .data          0x000000000000c328        0x0 C:/Users/DSPACE~1/AppData/Local/Temp/VEOS_S~1/BinaryArtifacts/turnlamp/HostPCLinux64_GCC/VEOS_turnlamp.a(turnlamp_dsrtvdf.obj)
 .data          0x000000000000c328        0x0 C:/Users/DSPACE~1/AppData/Local/Temp/VEOS_S~1/BinaryArtifacts/turnlamp/HostPCLinux64_GCC/VEOS_turnlamp.a(rtGetInf.obj)
 .data          0x000000000000c328        0x0 C:/Users/DSPACE~1/AppData/Local/Temp/VEOS_S~1/BinaryArtifacts/turnlamp/HostPCLinux64_GCC/VEOS_turnlamp.a(rtGetNaN.obj)
 .data          0x000000000000c328        0x0 C:/Users/DSPACE~1/AppData/Local/Temp/VEOS_S~1/GeneratedCode/LibraryFiles/ModelInit/ModelInit_HostPCLinux64_GCC_Debug.a(ModelInit.obj)
 .data          0x000000000000c328        0x0 C:/Users/DSPACE~1/AppData/Local/Temp/VEOS_S~1/GeneratedCode/LibraryFiles/ModelInit/ModelInit_HostPCLinux64_GCC_Debug.a(VEOS_FrmRef.obj)
 *fill*         0x000000000000c328       0x18 
 .data          0x000000000000c340       0xd0 C:/Users/DSPACE~1/AppData/Local/Temp/VEOS_S~1/GeneratedCode/LibraryFiles/ModelInit/NoEcuIoCore_HostPCLinux64_GCC_Debug.a(NoEcuInit.obj)
                0x000000000000c340                g_VEOS_ModelInit_Ecu
 *fill*         0x000000000000c410       0x10 
 .data          0x000000000000c420       0xd0 C:/Users/DSPACE~1/AppData/Local/Temp/VEOS_S~1/GeneratedCode/LibraryFiles/ModelInit/NoCanIoCore_HostPCLinux64_GCC_Debug.a(NoCanInit.obj)
                0x000000000000c420                g_VEOS_ModelInit_Can
 *fill*         0x000000000000c4f0       0x10 
 .data          0x000000000000c500       0xd0 C:/Users/DSPACE~1/AppData/Local/Temp/VEOS_S~1/GeneratedCode/LibraryFiles/ModelInit/NoLinIoCore_HostPCLinux64_GCC_Debug.a(NoLinInit.obj)
                0x000000000000c500                g_VEOS_ModelInit_Lin
 *fill*         0x000000000000c5d0       0x10 
 .data          0x000000000000c5e0       0xd0 C:/Users/DSPACE~1/AppData/Local/Temp/VEOS_S~1/GeneratedCode/LibraryFiles/ModelInit/NoEthIoCore_HostPCLinux64_GCC_Debug.a(NoEthInit.obj)
                0x000000000000c5e0                g_VEOS_ModelInit_Eth
 .data          0x000000000000c6b0        0x0 c:/progra~1/common~1/dspace/gcc/103244~1.3_l/x86_64~1/bin/../lib/gcc/x86_64-linux-gnu/10.3.0/crtendS.o
 .data          0x000000000000c6b0        0x0 c:/progra~1/common~1/dspace/gcc/103244~1.3_l/x86_64~1/bin/../../x86_64-linux-gnu/lib/crtn.o

.tm_clone_table
                0x000000000000c6b0        0x0
 .tm_clone_table
                0x000000000000c6b0        0x0 c:/progra~1/common~1/dspace/gcc/103244~1.3_l/x86_64~1/bin/../lib/gcc/x86_64-linux-gnu/10.3.0/crtbeginS.o
 .tm_clone_table
                0x000000000000c6b0        0x0 c:/progra~1/common~1/dspace/gcc/103244~1.3_l/x86_64~1/bin/../lib/gcc/x86_64-linux-gnu/10.3.0/crtendS.o

VEOS_CAL        0x000000000000c6b0        0x3
 VEOS_CAL       0x000000000000c6b0        0x1 .\BinaryArtifacts\turnlamp\HostPCLinux64_GCC\VEOS_BusApi.o
                0x000000000000c6b0                g_VEOS_DisconnectBuses
 VEOS_CAL       0x000000000000c6b1        0x1 .\BinaryArtifacts\turnlamp\HostPCLinux64_GCC\VEOS_SimApi.o
                0x000000000000c6b1                g_VEOS_DisconnectCompletely
 VEOS_CAL       0x000000000000c6b2        0x1 .\BinaryArtifacts\turnlamp\HostPCLinux64_GCC\VEOS_PortApi.o
                0x000000000000c6b2                g_VEOS_DisconnectPorts

.data1
 *(.data1)
                [!provide]                        PROVIDE (_edata = .)
                [!provide]                        PROVIDE (edata = .)
                0x000000000000c6b3                . = .
                [!provide]                        PROVIDE (__bss_start = .)

.bss            0x000000000000c6c0      0xaa8
 *(.dynbss)
 .dynbss        0x000000000000c6c0        0x0 c:/progra~1/common~1/dspace/gcc/103244~1.3_l/x86_64~1/bin/../../x86_64-linux-gnu/lib/crti.o
 *(.bss .bss.* .gnu.linkonce.b.*)
 .bss           0x000000000000c6c0        0x0 c:/progra~1/common~1/dspace/gcc/103244~1.3_l/x86_64~1/bin/../../x86_64-linux-gnu/lib/crti.o
 .bss           0x000000000000c6c0       0x10 c:/progra~1/common~1/dspace/gcc/103244~1.3_l/x86_64~1/bin/../lib/gcc/x86_64-linux-gnu/10.3.0/crtbeginS.o
 .bss           0x000000000000c6d0       0x14 .\BinaryArtifacts\turnlamp\HostPCLinux64_GCC\SmartServices_Cfg_generated.o
                0x000000000000c6d0                XilApiEesPortTrigger
                0x000000000000c6d4                XilApiEesPortFlags
                0x000000000000c6d8                XilApiEesPortErrorSwitchingValue
                0x000000000000c6dc                XilApiEesPortErrorActivatedValue
                0x000000000000c6e0                XilApiEesPortActiveErrorSetValue
 *fill*         0x000000000000c6e4        0x4 
 .bss           0x000000000000c6e8       0x38 .\BinaryArtifacts\turnlamp\HostPCLinux64_GCC\SmartServices.o
                0x000000000000c6e8                gp_SmartServices_DsModelAccessWrite
                0x000000000000c6f0                gp_SmartServices_DsModelAccessRead
                0x000000000000c6f8                gp_SmartServices_DsModelAccessInit
                0x000000000000c700                gp_SmartServices_DsRtt_SetAsync
                0x000000000000c708                gp_SmartServices_DsRtt_ScriptServicePreComputation
                0x000000000000c710                gp_SmartServices_DsRtt_ScriptServicePostComputation
                0x000000000000c718                gp_SmartServices_DsDaq_Service
 .bss           0x000000000000c720        0x8 .\BinaryArtifacts\turnlamp\HostPCLinux64_GCC\SicAppFrm_Task_generated.o
                0x000000000000c720                g_SicAppFrm_NumberOfInvocations_Virtual_Task_0
                0x000000000000c724                g_SicAppFrm_NumberOfInvocations_Periodic_Task_2
 .bss           0x000000000000c728        0x0 .\BinaryArtifacts\turnlamp\HostPCLinux64_GCC\SicAppFrm_AccPt_generated.o
 *fill*         0x000000000000c728       0x18 
 .bss           0x000000000000c740       0x6d .\BinaryArtifacts\turnlamp\HostPCLinux64_GCC\SicAppFrm.o
                0x000000000000c740                ga_SicAppFrm_EventTriggers
                0x000000000000c748                ga_SicAppFrm_TaskEventAssociations
                0x000000000000c750                gp_SicAppFrm_ScheduledTasks
                0x000000000000c760                ga_SicAppFrm_TaskOverruns
                0x000000000000c770                ga_SicAppFrm_TaskScheduleItems
                0x000000000000c780                ga_SicAppFrm_ScheduledTasks
                0x000000000000c7a0                g_SicAppFrm_Kernel
 .bss           0x000000000000c7ad        0x0 .\BinaryArtifacts\turnlamp\HostPCLinux64_GCC\SicAppFrm_Queue.o
 .bss           0x000000000000c7ad        0x0 .\BinaryArtifacts\turnlamp\HostPCLinux64_GCC\VEOS_Api.o
 .bss           0x000000000000c7ad        0x0 .\BinaryArtifacts\turnlamp\HostPCLinux64_GCC\VEOS_BusApi.o
 *fill*         0x000000000000c7ad        0x3 
 .bss           0x000000000000c7b0        0x8 .\BinaryArtifacts\turnlamp\HostPCLinux64_GCC\VEOS_ExpApi.o
                0x000000000000c7b0                gp_VEOS_ExpApi_Instance
 .bss           0x000000000000c7b8       0x34 .\BinaryArtifacts\turnlamp\HostPCLinux64_GCC\VEOS_SimApi.o
                0x000000000000c7b8                gp_VEOS_SimApi_Instance
                0x000000000000c7c0                g_VEOS_SimApi_RealTimeDeviation
                0x000000000000c7c8                g_VEOS_CurrentSimulationCounter_1ns
                0x000000000000c7d0                g_VEOS_CurrentSimulationTime
                0x000000000000c7d8                g_VEOS_SimApi_CurrentEventStatus
                0x000000000000c7da                g_VEOS_SimApi_SignalErrorOn
                0x000000000000c7e0                gp_VEOS_TargetAddressBase
                0x000000000000c7e8                g_VEOS_ApplicationId
 *fill*         0x000000000000c7ec        0x4 
 .bss           0x000000000000c7f0        0x8 .\BinaryArtifacts\turnlamp\HostPCLinux64_GCC\VEOS_NotiApi.o
                0x000000000000c7f0                gp_VEOS_NotiApi_Instance
 .bss           0x000000000000c7f8        0x8 .\BinaryArtifacts\turnlamp\HostPCLinux64_GCC\VEOS_MsgApi.o
                0x000000000000c7f8                gp_VEOS_MsgApi_Instance
 .bss           0x000000000000c800        0x0 .\BinaryArtifacts\turnlamp\HostPCLinux64_GCC\VEOS_PortApi.o
 .bss           0x000000000000c800        0x8 .\BinaryArtifacts\turnlamp\HostPCLinux64_GCC\VEOS_OsTskApi.o
                0x000000000000c800                gp_VEOS_OsTskApi_Instance
 .bss           0x000000000000c808        0x0 .\BinaryArtifacts\turnlamp\HostPCLinux64_GCC\VEOS_Interaction.o
 .bss           0x000000000000c808        0x0 .\BinaryArtifacts\turnlamp\HostPCLinux64_GCC\VEOS.o
 .bss           0x000000000000c808        0x0 .\BinaryArtifacts\turnlamp\HostPCLinux64_GCC\VEOS_Impl.o
 .bss           0x000000000000c808        0x0 .\BinaryArtifacts\turnlamp\HostPCLinux64_GCC\DsMsgApi.o
 .bss           0x000000000000c808        0x4 C:/Users/DSPACE~1/AppData/Local/Temp/VEOS_S~1/BinaryArtifacts/turnlamp/HostPCLinux64_GCC/VEOS_turnlamp.a(turnlamp_dsrtmdlfcn.obj)
                0x000000000000c808                DSRTStopSimulation
 .bss           0x000000000000c80c        0x0 C:/Users/DSPACE~1/AppData/Local/Temp/VEOS_S~1/BinaryArtifacts/turnlamp/HostPCLinux64_GCC/VEOS_turnlamp.a(turnlamp_dsrttf.obj)
 *fill*         0x000000000000c80c       0x14 
 .bss           0x000000000000c820      0x430 C:/Users/DSPACE~1/AppData/Local/Temp/VEOS_S~1/BinaryArtifacts/turnlamp/HostPCLinux64_GCC/VEOS_turnlamp.a(turnlamp.obj)
                0x000000000000c820                turnlamp_PrevZCX
                0x000000000000c840                turnlamp_DW
                0x000000000000c880                turnlamp_X
                0x000000000000c8a0                turnlamp_B
 .bss           0x000000000000cc50       0x28 C:/Users/DSPACE~1/AppData/Local/Temp/VEOS_S~1/BinaryArtifacts/turnlamp/HostPCLinux64_GCC/VEOS_turnlamp.a(rt_nonfinite.obj)
                0x000000000000cc50                rtNaNF
                0x000000000000cc54                rtMinusInfF
                0x000000000000cc58                rtInfF
                0x000000000000cc60                rtNaN
                0x000000000000cc68                rtMinusInf
                0x000000000000cc70                rtInf
 .bss           0x000000000000cc78        0x0 C:/Users/DSPACE~1/AppData/Local/Temp/VEOS_S~1/BinaryArtifacts/turnlamp/HostPCLinux64_GCC/VEOS_turnlamp.a(turnlamp_data.obj)
 .bss           0x000000000000cc78       0xc0 C:/Users/DSPACE~1/AppData/Local/Temp/VEOS_S~1/BinaryArtifacts/turnlamp/HostPCLinux64_GCC/VEOS_turnlamp.a(turnlamp_dsrtvdf.obj)
                0x000000000000cc78                p_0_turnlamp_real_T_0
                0x000000000000cc80                p_0_turnlamp_int32_T_1
                0x000000000000cc88                p_0_turnlamp_uint8_T_2
                0x000000000000cc90                p_0_turnlamp_boolean_T_3
                0x000000000000cc98                p_0_turnlamp_real_T_4
                0x000000000000cca0                p_0_turnlamp_real_T_5
                0x000000000000cca8                p_0_turnlamp_real_T_6
                0x000000000000ccb0                p_0_turnlamp_real_T_7
                0x000000000000ccb8                p_1_turnlamp_boolean_T_0
                0x000000000000ccc0                p_1_turnlamp_uint8_T_1
                0x000000000000ccc8                p_1_turnlamp_real_T_2
                0x000000000000ccd0                p_1_turnlamp_int32_T_3
                0x000000000000ccd8                p_1_turnlamp_boolean_T_4
                0x000000000000cce0                p_1_turnlamp_real_T_5
                0x000000000000cce8                p_1_turnlamp_real_T_6
                0x000000000000ccf0                p_1_turnlamp_real_T_7
                0x000000000000ccf8                p_1_turnlamp_real_T_8
                0x000000000000cd00                p_2_turnlamp_real_T_0
                0x000000000000cd08                p_2_turnlamp_uint32_T_1
                0x000000000000cd10                p_2_turnlamp_uint8_T_2
                0x000000000000cd18                p_2_turnlamp_boolean_T_3
                0x000000000000cd20                p_2_turnlamp_boolean_T_4
                0x000000000000cd28                p_2_turnlamp_boolean_T_5
                0x000000000000cd30                p_3_turnlamp_real_T_0
 .bss           0x000000000000cd38        0x0 C:/Users/DSPACE~1/AppData/Local/Temp/VEOS_S~1/BinaryArtifacts/turnlamp/HostPCLinux64_GCC/VEOS_turnlamp.a(rtGetInf.obj)
 .bss           0x000000000000cd38        0x0 C:/Users/DSPACE~1/AppData/Local/Temp/VEOS_S~1/BinaryArtifacts/turnlamp/HostPCLinux64_GCC/VEOS_turnlamp.a(rtGetNaN.obj)
 .bss           0x000000000000cd38        0x0 C:/Users/DSPACE~1/AppData/Local/Temp/VEOS_S~1/GeneratedCode/LibraryFiles/ModelInit/ModelInit_HostPCLinux64_GCC_Debug.a(ModelInit.obj)
 .bss           0x000000000000cd38      0x3b2 C:/Users/DSPACE~1/AppData/Local/Temp/VEOS_S~1/GeneratedCode/LibraryFiles/ModelInit/ModelInit_HostPCLinux64_GCC_Debug.a(VEOS_FrmRef.obj)
                0x000000000000cd38                gp_VEOS_OsTskApi_GetCurrentThreadId
                0x000000000000cd40                gp_VEOS_OsTskApi_SwitchToThread
                0x000000000000cd48                gp_VEOS_OsTskApi_DeleteThread
                0x000000000000cd50                gp_VEOS_OsTskApi_CreateThread
                0x000000000000cd58                gp_VEOS_PortApi_WriteVarSizePortBinary
                0x000000000000cd60                gp_VEOS_PortApi_WriteVarSizePortFloat64
                0x000000000000cd68                gp_VEOS_PortApi_WriteVarSizePortFloat32
                0x000000000000cd70                gp_VEOS_PortApi_WriteVarSizePortBoolean
                0x000000000000cd78                gp_VEOS_PortApi_WriteVarSizePortSInt64
                0x000000000000cd80                gp_VEOS_PortApi_WriteVarSizePortUInt64
                0x000000000000cd88                gp_VEOS_PortApi_WriteVarSizePortSInt32
                0x000000000000cd90                gp_VEOS_PortApi_WriteVarSizePortUInt32
                0x000000000000cd98                gp_VEOS_PortApi_WriteVarSizePortSInt16
                0x000000000000cda0                gp_VEOS_PortApi_WriteVarSizePortUInt16
                0x000000000000cda8                gp_VEOS_PortApi_WriteVarSizePortSInt8
                0x000000000000cdb0                gp_VEOS_PortApi_WriteVarSizePortUInt8
                0x000000000000cdb8                gp_VEOS_PortApi_WriteVectorPortFloat64
                0x000000000000cdc0                gp_VEOS_PortApi_WriteVectorPortFloat32
                0x000000000000cdc8                gp_VEOS_PortApi_WriteVectorPortBoolean
                0x000000000000cdd0                gp_VEOS_PortApi_WriteVectorPortSInt64
                0x000000000000cdd8                gp_VEOS_PortApi_WriteVectorPortUInt64
                0x000000000000cde0                gp_VEOS_PortApi_WriteVectorPortSInt32
                0x000000000000cde8                gp_VEOS_PortApi_WriteVectorPortUInt32
                0x000000000000cdf0                gp_VEOS_PortApi_WriteVectorPortSInt16
                0x000000000000cdf8                gp_VEOS_PortApi_WriteVectorPortUInt16
                0x000000000000ce00                gp_VEOS_PortApi_WriteVectorPortSInt8
                0x000000000000ce08                gp_VEOS_PortApi_WriteVectorPortUInt8
                0x000000000000ce10                gp_VEOS_PortApi_WriteScalarPortFloat64
                0x000000000000ce18                gp_VEOS_PortApi_WriteScalarPortFloat32
                0x000000000000ce20                gp_VEOS_PortApi_WriteScalarPortBoolean
                0x000000000000ce28                gp_VEOS_PortApi_WriteScalarPortSInt64
                0x000000000000ce30                gp_VEOS_PortApi_WriteScalarPortUInt64
                0x000000000000ce38                gp_VEOS_PortApi_WriteScalarPortSInt32
                0x000000000000ce40                gp_VEOS_PortApi_WriteScalarPortUInt32
                0x000000000000ce48                gp_VEOS_PortApi_WriteScalarPortSInt16
                0x000000000000ce50                gp_VEOS_PortApi_WriteScalarPortUInt16
                0x000000000000ce58                gp_VEOS_PortApi_WriteScalarPortSInt8
                0x000000000000ce60                gp_VEOS_PortApi_WriteScalarPortUInt8
                0x000000000000ce68                gp_VEOS_PortApi_GetInPortBuffer
                0x000000000000ce70                gp_VEOS_PortApi_ReadVarSizePortBinary
                0x000000000000ce78                gp_VEOS_PortApi_ReadVarSizePortFloat64
                0x000000000000ce80                gp_VEOS_PortApi_ReadVarSizePortFloat32
                0x000000000000ce88                gp_VEOS_PortApi_ReadVarSizePortBoolean
                0x000000000000ce90                gp_VEOS_PortApi_ReadVarSizePortSInt64
                0x000000000000ce98                gp_VEOS_PortApi_ReadVarSizePortUInt64
                0x000000000000cea0                gp_VEOS_PortApi_ReadVarSizePortSInt32
                0x000000000000cea8                gp_VEOS_PortApi_ReadVarSizePortUInt32
                0x000000000000ceb0                gp_VEOS_PortApi_ReadVarSizePortSInt16
                0x000000000000ceb8                gp_VEOS_PortApi_ReadVarSizePortUInt16
                0x000000000000cec0                gp_VEOS_PortApi_ReadVarSizePortSInt8
                0x000000000000cec8                gp_VEOS_PortApi_ReadVarSizePortUInt8
                0x000000000000ced0                gp_VEOS_PortApi_ReadVectorPortFloat64
                0x000000000000ced8                gp_VEOS_PortApi_ReadVectorPortFloat32
                0x000000000000cee0                gp_VEOS_PortApi_ReadVectorPortBoolean
                0x000000000000cee8                gp_VEOS_PortApi_ReadVectorPortSInt64
                0x000000000000cef0                gp_VEOS_PortApi_ReadVectorPortUInt64
                0x000000000000cef8                gp_VEOS_PortApi_ReadVectorPortSInt32
                0x000000000000cf00                gp_VEOS_PortApi_ReadVectorPortUInt32
                0x000000000000cf08                gp_VEOS_PortApi_ReadVectorPortSInt16
                0x000000000000cf10                gp_VEOS_PortApi_ReadVectorPortUInt16
                0x000000000000cf18                gp_VEOS_PortApi_ReadVectorPortSInt8
                0x000000000000cf20                gp_VEOS_PortApi_ReadVectorPortUInt8
                0x000000000000cf28                gp_VEOS_PortApi_ReadScalarPortFloat64
                0x000000000000cf30                gp_VEOS_PortApi_ReadScalarPortFloat32
                0x000000000000cf38                gp_VEOS_PortApi_ReadScalarPortBoolean
                0x000000000000cf40                gp_VEOS_PortApi_ReadScalarPortSInt64
                0x000000000000cf48                gp_VEOS_PortApi_ReadScalarPortUInt64
                0x000000000000cf50                gp_VEOS_PortApi_ReadScalarPortSInt32
                0x000000000000cf58                gp_VEOS_PortApi_ReadScalarPortUInt32
                0x000000000000cf60                gp_VEOS_PortApi_ReadScalarPortSInt16
                0x000000000000cf68                gp_VEOS_PortApi_ReadScalarPortUInt16
                0x000000000000cf70                gp_VEOS_PortApi_ReadScalarPortSInt8
                0x000000000000cf78                gp_VEOS_PortApi_ReadScalarPortUInt8
                0x000000000000cf80                gp_VEOS_MsgApi_LogMessageVarArgs
                0x000000000000cf88                gp_VEOS_MsgApi_ShowMessageVarArgs
                0x000000000000cf90                gp_VEOS_MsgApi_ShowMessage
                0x000000000000cf98                gp_VEOS_NotiApi_CancelNotification
                0x000000000000cfa0                gp_VEOS_NotiApi_StartNotification
                0x000000000000cfa8                gp_VEOS_NotiApi_CreateNotification
                0x000000000000cfb0                gp_VEOS_SimApi_TerminateSimulationFatal
                0x000000000000cfb8                gp_VEOS_SimApi_TerminateSimulation
                0x000000000000cfc0                gp_VEOS_PauseSimulation
                0x000000000000cfc8                gp_VEOS_XcpRegisterDaqAddressExtension
                0x000000000000cfd0                gp_VEOS_ExpApi_XcpService
                0x000000000000cfd8                gp_VEOS_BusApi_LinMsgReadRxData
                0x000000000000cfe0                gp_VEOS_BusApi_LinMsgTransmitData
                0x000000000000cfe8                gp_VEOS_BusApi_LinRegisterHeaderReceiveEvent
                0x000000000000cff0                gp_VEOS_BusApi_LinMsgSetMaxDlc
                0x000000000000cff8                gp_VEOS_BusApi_LinMsgTransmitHeader
                0x000000000000d000                gp_VEOS_BusApi_CanChSetDataPhaseBaudRate
                0x000000000000d008                gp_VEOS_BusApi_CanChGetDataPhaseBaudRate
                0x000000000000d010                gp_VEOS_BusApi_CanMsgSetBaudRateFilter
                0x000000000000d018                gp_VEOS_BusApi_CanMsgReadRxData
                0x000000000000d020                gp_VEOS_BusApi_CanMsgTransmitData
                0x000000000000d028                gp_VEOS_BusApi_MsgSetFilter
                0x000000000000d030                gp_VEOS_BusApi_MsgGetQueueLength
                0x000000000000d038                gp_VEOS_BusApi_MsgGetMonitorHandle
                0x000000000000d040                gp_VEOS_BusApi_MsgGetMailboxHandle
                0x000000000000d048                gp_VEOS_BusApi_MsgClearQueue
                0x000000000000d050                gp_VEOS_BusApi_MsgApplyChanges
                0x000000000000d058                gp_VEOS_BusApi_MsgReadRxData
                0x000000000000d060                gp_VEOS_BusApi_MsgTransmitData
                0x000000000000d068                gp_VEOS_BusApi_MsgRegisterReceiveEvent
                0x000000000000d070                gp_VEOS_BusApi_MsgSetQueueSize
                0x000000000000d078                gp_VEOS_BusApi_MsgGetStatus
                0x000000000000d080                gp_VEOS_BusApi_MsgDeactivate
                0x000000000000d088                gp_VEOS_BusApi_MsgActivate
                0x000000000000d090                gp_VEOS_BusApi_ChSleep
                0x000000000000d098                gp_VEOS_BusApi_ChApplyChanges
                0x000000000000d0a0                gp_VEOS_BusApi_ChRegisterStatusEvent
                0x000000000000d0a8                gp_VEOS_BusApi_ChGetBaudrate
                0x000000000000d0b0                gp_VEOS_BusApi_ChSetBaudrate
                0x000000000000d0b8                gp_VEOS_BusApi_ChGetStatus
                0x000000000000d0c0                gp_VEOS_BusApi_ChDeactivate
                0x000000000000d0c8                gp_VEOS_BusApi_ChActivate
                0x000000000000d0d0                gp_VEOS_BusApi_ChGetHandle
                0x000000000000d0d8                g_VEOS_LastFuncCalled
                0x000000000000d0e0                g_VEOS_LastApiCalled
                0x000000000000d0e8                g_VEOS_LastError
 *fill*         0x000000000000d0ea        0x6 
 .bss           0x000000000000d0f0       0x18 C:/Users/DSPACE~1/AppData/Local/Temp/VEOS_S~1/GeneratedCode/LibraryFiles/ModelInit/NoEcuIoCore_HostPCLinux64_GCC_Debug.a(NoEcuInit.obj)
 *fill*         0x000000000000d108        0x8 
 .bss           0x000000000000d110       0x18 C:/Users/DSPACE~1/AppData/Local/Temp/VEOS_S~1/GeneratedCode/LibraryFiles/ModelInit/NoCanIoCore_HostPCLinux64_GCC_Debug.a(NoCanInit.obj)
 *fill*         0x000000000000d128        0x8 
 .bss           0x000000000000d130       0x18 C:/Users/DSPACE~1/AppData/Local/Temp/VEOS_S~1/GeneratedCode/LibraryFiles/ModelInit/NoLinIoCore_HostPCLinux64_GCC_Debug.a(NoLinInit.obj)
 *fill*         0x000000000000d148        0x8 
 .bss           0x000000000000d150       0x18 C:/Users/DSPACE~1/AppData/Local/Temp/VEOS_S~1/GeneratedCode/LibraryFiles/ModelInit/NoEthIoCore_HostPCLinux64_GCC_Debug.a(NoEthInit.obj)
 .bss           0x000000000000d168        0x0 c:/progra~1/common~1/dspace/gcc/103244~1.3_l/x86_64~1/bin/../lib/gcc/x86_64-linux-gnu/10.3.0/crtendS.o
 .bss           0x000000000000d168        0x0 c:/progra~1/common~1/dspace/gcc/103244~1.3_l/x86_64~1/bin/../../x86_64-linux-gnu/lib/crtn.o
 *(COMMON)
                0x000000000000d168                . = ALIGN ((. != 0x0)?0x8:0x1)

.lbss
 *(.dynlbss)
 *(.lbss .lbss.* .gnu.linkonce.lb.*)
 *(LARGE_COMMON)
                0x000000000000d168                . = ALIGN (0x8)
                0x000000000000d168                . = SEGMENT_START ("ldata-segment", .)

.lrodata
 *(.lrodata .lrodata.* .gnu.linkonce.lr.*)

.ldata          0x000000000000f168        0x0
 *(.ldata .ldata.* .gnu.linkonce.l.*)
                0x000000000000f168                . = ALIGN ((. != 0x0)?0x8:0x1)
                0x000000000000f168                . = ALIGN (0x8)
                [!provide]                        PROVIDE (_end = .)
                [!provide]                        PROVIDE (end = .)
                0x000000000000f168                . = DATA_SEGMENT_END (.)

.stab
 *(.stab)

.stabstr
 *(.stabstr)

.stab.excl
 *(.stab.excl)

.stab.exclstr
 *(.stab.exclstr)

.stab.index
 *(.stab.index)

.stab.indexstr
 *(.stab.indexstr)

.comment        0x0000000000000000       0x3c
 *(.comment)
 .comment       0x0000000000000000       0x2a c:/progra~1/common~1/dspace/gcc/103244~1.3_l/x86_64~1/bin/../lib/gcc/x86_64-linux-gnu/10.3.0/crtbeginS.o
                                         0x2b (size before relaxing)
 .comment       0x000000000000002a       0x12 .\BinaryArtifacts\turnlamp\HostPCLinux64_GCC\SmartServices_Cfg_generated.o
                                         0x13 (size before relaxing)
 .comment       0x000000000000003c       0x13 .\BinaryArtifacts\turnlamp\HostPCLinux64_GCC\SmartServices.o
 .comment       0x000000000000003c       0x13 .\BinaryArtifacts\turnlamp\HostPCLinux64_GCC\SicAppFrm_Task_generated.o
 .comment       0x000000000000003c       0x13 .\BinaryArtifacts\turnlamp\HostPCLinux64_GCC\SicAppFrm_AccPt_generated.o
 .comment       0x000000000000003c       0x13 .\BinaryArtifacts\turnlamp\HostPCLinux64_GCC\SicAppFrm.o
 .comment       0x000000000000003c       0x13 .\BinaryArtifacts\turnlamp\HostPCLinux64_GCC\SicAppFrm_Queue.o
 .comment       0x000000000000003c       0x13 .\BinaryArtifacts\turnlamp\HostPCLinux64_GCC\VEOS_Api.o
 .comment       0x000000000000003c       0x13 .\BinaryArtifacts\turnlamp\HostPCLinux64_GCC\VEOS_BusApi.o
 .comment       0x000000000000003c       0x13 .\BinaryArtifacts\turnlamp\HostPCLinux64_GCC\VEOS_ExpApi.o
 .comment       0x000000000000003c       0x13 .\BinaryArtifacts\turnlamp\HostPCLinux64_GCC\VEOS_SimApi.o
 .comment       0x000000000000003c       0x13 .\BinaryArtifacts\turnlamp\HostPCLinux64_GCC\VEOS_NotiApi.o
 .comment       0x000000000000003c       0x13 .\BinaryArtifacts\turnlamp\HostPCLinux64_GCC\VEOS_MsgApi.o
 .comment       0x000000000000003c       0x13 .\BinaryArtifacts\turnlamp\HostPCLinux64_GCC\VEOS_PortApi.o
 .comment       0x000000000000003c       0x13 .\BinaryArtifacts\turnlamp\HostPCLinux64_GCC\VEOS_OsTskApi.o
 .comment       0x000000000000003c       0x13 .\BinaryArtifacts\turnlamp\HostPCLinux64_GCC\VEOS_Interaction.o
 .comment       0x000000000000003c       0x13 .\BinaryArtifacts\turnlamp\HostPCLinux64_GCC\VEOS.o
 .comment       0x000000000000003c       0x13 .\BinaryArtifacts\turnlamp\HostPCLinux64_GCC\VEOS_Impl.o
 .comment       0x000000000000003c       0x13 .\BinaryArtifacts\turnlamp\HostPCLinux64_GCC\DsMsgApi.o
 .comment       0x000000000000003c       0x13 C:/Users/DSPACE~1/AppData/Local/Temp/VEOS_S~1/BinaryArtifacts/turnlamp/HostPCLinux64_GCC/VEOS_turnlamp.a(turnlamp_dsrtmdlfcn.obj)
 .comment       0x000000000000003c       0x13 C:/Users/DSPACE~1/AppData/Local/Temp/VEOS_S~1/BinaryArtifacts/turnlamp/HostPCLinux64_GCC/VEOS_turnlamp.a(turnlamp_dsrttf.obj)
 .comment       0x000000000000003c       0x13 C:/Users/DSPACE~1/AppData/Local/Temp/VEOS_S~1/BinaryArtifacts/turnlamp/HostPCLinux64_GCC/VEOS_turnlamp.a(turnlamp.obj)
 .comment       0x000000000000003c       0x13 C:/Users/DSPACE~1/AppData/Local/Temp/VEOS_S~1/BinaryArtifacts/turnlamp/HostPCLinux64_GCC/VEOS_turnlamp.a(rt_nonfinite.obj)
 .comment       0x000000000000003c       0x13 C:/Users/DSPACE~1/AppData/Local/Temp/VEOS_S~1/BinaryArtifacts/turnlamp/HostPCLinux64_GCC/VEOS_turnlamp.a(turnlamp_data.obj)
 .comment       0x000000000000003c       0x13 C:/Users/DSPACE~1/AppData/Local/Temp/VEOS_S~1/BinaryArtifacts/turnlamp/HostPCLinux64_GCC/VEOS_turnlamp.a(turnlamp_dsrtvdf.obj)
 .comment       0x000000000000003c       0x13 C:/Users/DSPACE~1/AppData/Local/Temp/VEOS_S~1/BinaryArtifacts/turnlamp/HostPCLinux64_GCC/VEOS_turnlamp.a(rtGetInf.obj)
 .comment       0x000000000000003c       0x13 C:/Users/DSPACE~1/AppData/Local/Temp/VEOS_S~1/BinaryArtifacts/turnlamp/HostPCLinux64_GCC/VEOS_turnlamp.a(rtGetNaN.obj)
 .comment       0x000000000000003c       0x13 C:/Users/DSPACE~1/AppData/Local/Temp/VEOS_S~1/GeneratedCode/LibraryFiles/ModelInit/ModelInit_HostPCLinux64_GCC_Debug.a(ModelInit.obj)
 .comment       0x000000000000003c       0x13 C:/Users/DSPACE~1/AppData/Local/Temp/VEOS_S~1/GeneratedCode/LibraryFiles/ModelInit/ModelInit_HostPCLinux64_GCC_Debug.a(VEOS_FrmRef.obj)
 .comment       0x000000000000003c       0x13 C:/Users/DSPACE~1/AppData/Local/Temp/VEOS_S~1/GeneratedCode/LibraryFiles/ModelInit/NoEcuIoCore_HostPCLinux64_GCC_Debug.a(NoEcuInit.obj)
 .comment       0x000000000000003c       0x13 C:/Users/DSPACE~1/AppData/Local/Temp/VEOS_S~1/GeneratedCode/LibraryFiles/ModelInit/NoCanIoCore_HostPCLinux64_GCC_Debug.a(NoCanInit.obj)
 .comment       0x000000000000003c       0x13 C:/Users/DSPACE~1/AppData/Local/Temp/VEOS_S~1/GeneratedCode/LibraryFiles/ModelInit/NoLinIoCore_HostPCLinux64_GCC_Debug.a(NoLinInit.obj)
 .comment       0x000000000000003c       0x13 C:/Users/DSPACE~1/AppData/Local/Temp/VEOS_S~1/GeneratedCode/LibraryFiles/ModelInit/NoEthIoCore_HostPCLinux64_GCC_Debug.a(NoEthInit.obj)
 .comment       0x000000000000003c       0x2b c:/progra~1/common~1/dspace/gcc/103244~1.3_l/x86_64~1/bin/../lib/gcc/x86_64-linux-gnu/10.3.0/crtendS.o

.gnu.build.attributes
 *(.gnu.build.attributes .gnu.build.attributes.*)

.debug
 *(.debug)

.line
 *(.line)

.debug_srcinfo
 *(.debug_srcinfo)

.debug_sfnames
 *(.debug_sfnames)

.debug_aranges  0x0000000000000000      0x640
 *(.debug_aranges)
 .debug_aranges
                0x0000000000000000       0x40 c:/progra~1/common~1/dspace/gcc/103244~1.3_l/x86_64~1/bin/../../x86_64-linux-gnu/lib/crti.o
 .debug_aranges
                0x0000000000000040       0x20 .\BinaryArtifacts\turnlamp\HostPCLinux64_GCC\SmartServices_Cfg_generated.o
 .debug_aranges
                0x0000000000000060       0x30 .\BinaryArtifacts\turnlamp\HostPCLinux64_GCC\SmartServices.o
 .debug_aranges
                0x0000000000000090       0x30 .\BinaryArtifacts\turnlamp\HostPCLinux64_GCC\SicAppFrm_Task_generated.o
 .debug_aranges
                0x00000000000000c0       0x30 .\BinaryArtifacts\turnlamp\HostPCLinux64_GCC\SicAppFrm_AccPt_generated.o
 .debug_aranges
                0x00000000000000f0       0x30 .\BinaryArtifacts\turnlamp\HostPCLinux64_GCC\SicAppFrm.o
 .debug_aranges
                0x0000000000000120       0x30 .\BinaryArtifacts\turnlamp\HostPCLinux64_GCC\SicAppFrm_Queue.o
 .debug_aranges
                0x0000000000000150       0x30 .\BinaryArtifacts\turnlamp\HostPCLinux64_GCC\VEOS_Api.o
 .debug_aranges
                0x0000000000000180       0x30 .\BinaryArtifacts\turnlamp\HostPCLinux64_GCC\VEOS_BusApi.o
 .debug_aranges
                0x00000000000001b0       0x30 .\BinaryArtifacts\turnlamp\HostPCLinux64_GCC\VEOS_ExpApi.o
 .debug_aranges
                0x00000000000001e0       0x30 .\BinaryArtifacts\turnlamp\HostPCLinux64_GCC\VEOS_SimApi.o
 .debug_aranges
                0x0000000000000210       0x30 .\BinaryArtifacts\turnlamp\HostPCLinux64_GCC\VEOS_NotiApi.o
 .debug_aranges
                0x0000000000000240       0x30 .\BinaryArtifacts\turnlamp\HostPCLinux64_GCC\VEOS_MsgApi.o
 .debug_aranges
                0x0000000000000270       0x30 .\BinaryArtifacts\turnlamp\HostPCLinux64_GCC\VEOS_PortApi.o
 .debug_aranges
                0x00000000000002a0       0x30 .\BinaryArtifacts\turnlamp\HostPCLinux64_GCC\VEOS_OsTskApi.o
 .debug_aranges
                0x00000000000002d0       0x20 .\BinaryArtifacts\turnlamp\HostPCLinux64_GCC\VEOS_Interaction.o
 .debug_aranges
                0x00000000000002f0       0x30 .\BinaryArtifacts\turnlamp\HostPCLinux64_GCC\VEOS.o
 .debug_aranges
                0x0000000000000320       0x30 .\BinaryArtifacts\turnlamp\HostPCLinux64_GCC\VEOS_Impl.o
 .debug_aranges
                0x0000000000000350       0x30 .\BinaryArtifacts\turnlamp\HostPCLinux64_GCC\DsMsgApi.o
 .debug_aranges
                0x0000000000000380       0x30 C:/Users/DSPACE~1/AppData/Local/Temp/VEOS_S~1/BinaryArtifacts/turnlamp/HostPCLinux64_GCC/VEOS_turnlamp.a(turnlamp_dsrtmdlfcn.obj)
 .debug_aranges
                0x00000000000003b0       0x30 C:/Users/DSPACE~1/AppData/Local/Temp/VEOS_S~1/BinaryArtifacts/turnlamp/HostPCLinux64_GCC/VEOS_turnlamp.a(turnlamp_dsrttf.obj)
 .debug_aranges
                0x00000000000003e0       0x30 C:/Users/DSPACE~1/AppData/Local/Temp/VEOS_S~1/BinaryArtifacts/turnlamp/HostPCLinux64_GCC/VEOS_turnlamp.a(turnlamp.obj)
 .debug_aranges
                0x0000000000000410       0x30 C:/Users/DSPACE~1/AppData/Local/Temp/VEOS_S~1/BinaryArtifacts/turnlamp/HostPCLinux64_GCC/VEOS_turnlamp.a(rt_nonfinite.obj)
 .debug_aranges
                0x0000000000000440       0x20 C:/Users/DSPACE~1/AppData/Local/Temp/VEOS_S~1/BinaryArtifacts/turnlamp/HostPCLinux64_GCC/VEOS_turnlamp.a(turnlamp_data.obj)
 .debug_aranges
                0x0000000000000460       0x30 C:/Users/DSPACE~1/AppData/Local/Temp/VEOS_S~1/BinaryArtifacts/turnlamp/HostPCLinux64_GCC/VEOS_turnlamp.a(turnlamp_dsrtvdf.obj)
 .debug_aranges
                0x0000000000000490       0x30 C:/Users/DSPACE~1/AppData/Local/Temp/VEOS_S~1/BinaryArtifacts/turnlamp/HostPCLinux64_GCC/VEOS_turnlamp.a(rtGetInf.obj)
 .debug_aranges
                0x00000000000004c0       0x30 C:/Users/DSPACE~1/AppData/Local/Temp/VEOS_S~1/BinaryArtifacts/turnlamp/HostPCLinux64_GCC/VEOS_turnlamp.a(rtGetNaN.obj)
 .debug_aranges
                0x00000000000004f0       0x30 C:/Users/DSPACE~1/AppData/Local/Temp/VEOS_S~1/GeneratedCode/LibraryFiles/ModelInit/ModelInit_HostPCLinux64_GCC_Debug.a(ModelInit.obj)
 .debug_aranges
                0x0000000000000520       0x20 C:/Users/DSPACE~1/AppData/Local/Temp/VEOS_S~1/GeneratedCode/LibraryFiles/ModelInit/ModelInit_HostPCLinux64_GCC_Debug.a(VEOS_FrmRef.obj)
 .debug_aranges
                0x0000000000000540       0x30 C:/Users/DSPACE~1/AppData/Local/Temp/VEOS_S~1/GeneratedCode/LibraryFiles/ModelInit/NoEcuIoCore_HostPCLinux64_GCC_Debug.a(NoEcuInit.obj)
 .debug_aranges
                0x0000000000000570       0x30 C:/Users/DSPACE~1/AppData/Local/Temp/VEOS_S~1/GeneratedCode/LibraryFiles/ModelInit/NoCanIoCore_HostPCLinux64_GCC_Debug.a(NoCanInit.obj)
 .debug_aranges
                0x00000000000005a0       0x30 C:/Users/DSPACE~1/AppData/Local/Temp/VEOS_S~1/GeneratedCode/LibraryFiles/ModelInit/NoLinIoCore_HostPCLinux64_GCC_Debug.a(NoLinInit.obj)
 .debug_aranges
                0x00000000000005d0       0x30 C:/Users/DSPACE~1/AppData/Local/Temp/VEOS_S~1/GeneratedCode/LibraryFiles/ModelInit/NoEthIoCore_HostPCLinux64_GCC_Debug.a(NoEthInit.obj)
 .debug_aranges
                0x0000000000000600       0x40 c:/progra~1/common~1/dspace/gcc/103244~1.3_l/x86_64~1/bin/../../x86_64-linux-gnu/lib/crtn.o

.debug_pubnames
 *(.debug_pubnames)

.debug_info     0x0000000000000000    0x126f7
 *(.debug_info .gnu.linkonce.wi.*)
 .debug_info    0x0000000000000000       0x22 c:/progra~1/common~1/dspace/gcc/103244~1.3_l/x86_64~1/bin/../../x86_64-linux-gnu/lib/crti.o
 .debug_info    0x0000000000000022      0x162 .\BinaryArtifacts\turnlamp\HostPCLinux64_GCC\SmartServices_Cfg_generated.o
 .debug_info    0x0000000000000184      0xb04 .\BinaryArtifacts\turnlamp\HostPCLinux64_GCC\SmartServices.o
 .debug_info    0x0000000000000c88      0x70f .\BinaryArtifacts\turnlamp\HostPCLinux64_GCC\SicAppFrm_Task_generated.o
 .debug_info    0x0000000000001397      0x4fc .\BinaryArtifacts\turnlamp\HostPCLinux64_GCC\SicAppFrm_AccPt_generated.o
 .debug_info    0x0000000000001893     0x1066 .\BinaryArtifacts\turnlamp\HostPCLinux64_GCC\SicAppFrm.o
 .debug_info    0x00000000000028f9      0x69c .\BinaryArtifacts\turnlamp\HostPCLinux64_GCC\SicAppFrm_Queue.o
 .debug_info    0x0000000000002f95      0x250 .\BinaryArtifacts\turnlamp\HostPCLinux64_GCC\VEOS_Api.o
 .debug_info    0x00000000000031e5      0x171 .\BinaryArtifacts\turnlamp\HostPCLinux64_GCC\VEOS_BusApi.o
 .debug_info    0x0000000000003356      0x726 .\BinaryArtifacts\turnlamp\HostPCLinux64_GCC\VEOS_ExpApi.o
 .debug_info    0x0000000000003a7c      0xbe8 .\BinaryArtifacts\turnlamp\HostPCLinux64_GCC\VEOS_SimApi.o
 .debug_info    0x0000000000004664      0x156 .\BinaryArtifacts\turnlamp\HostPCLinux64_GCC\VEOS_NotiApi.o
 .debug_info    0x00000000000047ba      0x51e .\BinaryArtifacts\turnlamp\HostPCLinux64_GCC\VEOS_MsgApi.o
 .debug_info    0x0000000000004cd8      0x174 .\BinaryArtifacts\turnlamp\HostPCLinux64_GCC\VEOS_PortApi.o
 .debug_info    0x0000000000004e4c      0x156 .\BinaryArtifacts\turnlamp\HostPCLinux64_GCC\VEOS_OsTskApi.o
 .debug_info    0x0000000000004fa2     0x2d68 .\BinaryArtifacts\turnlamp\HostPCLinux64_GCC\VEOS_Interaction.o
 .debug_info    0x0000000000007d0a      0x196 .\BinaryArtifacts\turnlamp\HostPCLinux64_GCC\VEOS.o
 .debug_info    0x0000000000007ea0      0xa98 .\BinaryArtifacts\turnlamp\HostPCLinux64_GCC\VEOS_Impl.o
 .debug_info    0x0000000000008938      0x4b8 .\BinaryArtifacts\turnlamp\HostPCLinux64_GCC\DsMsgApi.o
 .debug_info    0x0000000000008df0      0xbf4 C:/Users/DSPACE~1/AppData/Local/Temp/VEOS_S~1/BinaryArtifacts/turnlamp/HostPCLinux64_GCC/VEOS_turnlamp.a(turnlamp_dsrtmdlfcn.obj)
 .debug_info    0x00000000000099e4      0xae0 C:/Users/DSPACE~1/AppData/Local/Temp/VEOS_S~1/BinaryArtifacts/turnlamp/HostPCLinux64_GCC/VEOS_turnlamp.a(turnlamp_dsrttf.obj)
 .debug_info    0x000000000000a4c4     0x2040 C:/Users/DSPACE~1/AppData/Local/Temp/VEOS_S~1/BinaryArtifacts/turnlamp/HostPCLinux64_GCC/VEOS_turnlamp.a(turnlamp.obj)
 .debug_info    0x000000000000c504      0x41d C:/Users/DSPACE~1/AppData/Local/Temp/VEOS_S~1/BinaryArtifacts/turnlamp/HostPCLinux64_GCC/VEOS_turnlamp.a(rt_nonfinite.obj)
 .debug_info    0x000000000000c921      0x539 C:/Users/DSPACE~1/AppData/Local/Temp/VEOS_S~1/BinaryArtifacts/turnlamp/HostPCLinux64_GCC/VEOS_turnlamp.a(turnlamp_data.obj)
 .debug_info    0x000000000000ce5a      0xe80 C:/Users/DSPACE~1/AppData/Local/Temp/VEOS_S~1/BinaryArtifacts/turnlamp/HostPCLinux64_GCC/VEOS_turnlamp.a(turnlamp_dsrtvdf.obj)
 .debug_info    0x000000000000dcda      0x41e C:/Users/DSPACE~1/AppData/Local/Temp/VEOS_S~1/BinaryArtifacts/turnlamp/HostPCLinux64_GCC/VEOS_turnlamp.a(rtGetInf.obj)
 .debug_info    0x000000000000e0f8      0x325 C:/Users/DSPACE~1/AppData/Local/Temp/VEOS_S~1/BinaryArtifacts/turnlamp/HostPCLinux64_GCC/VEOS_turnlamp.a(rtGetNaN.obj)
 .debug_info    0x000000000000e41d      0x3ed C:/Users/DSPACE~1/AppData/Local/Temp/VEOS_S~1/GeneratedCode/LibraryFiles/ModelInit/ModelInit_HostPCLinux64_GCC_Debug.a(ModelInit.obj)
 .debug_info    0x000000000000e80a     0x22ef C:/Users/DSPACE~1/AppData/Local/Temp/VEOS_S~1/GeneratedCode/LibraryFiles/ModelInit/ModelInit_HostPCLinux64_GCC_Debug.a(VEOS_FrmRef.obj)
 .debug_info    0x0000000000010af9      0x6f7 C:/Users/DSPACE~1/AppData/Local/Temp/VEOS_S~1/GeneratedCode/LibraryFiles/ModelInit/NoEcuIoCore_HostPCLinux64_GCC_Debug.a(NoEcuInit.obj)
 .debug_info    0x00000000000111f0      0x6f7 C:/Users/DSPACE~1/AppData/Local/Temp/VEOS_S~1/GeneratedCode/LibraryFiles/ModelInit/NoCanIoCore_HostPCLinux64_GCC_Debug.a(NoCanInit.obj)
 .debug_info    0x00000000000118e7      0x6f7 C:/Users/DSPACE~1/AppData/Local/Temp/VEOS_S~1/GeneratedCode/LibraryFiles/ModelInit/NoLinIoCore_HostPCLinux64_GCC_Debug.a(NoLinInit.obj)
 .debug_info    0x0000000000011fde      0x6f7 C:/Users/DSPACE~1/AppData/Local/Temp/VEOS_S~1/GeneratedCode/LibraryFiles/ModelInit/NoEthIoCore_HostPCLinux64_GCC_Debug.a(NoEthInit.obj)
 .debug_info    0x00000000000126d5       0x22 c:/progra~1/common~1/dspace/gcc/103244~1.3_l/x86_64~1/bin/../../x86_64-linux-gnu/lib/crtn.o

.debug_abbrev   0x0000000000000000     0x2fb0
 *(.debug_abbrev)
 .debug_abbrev  0x0000000000000000       0x12 c:/progra~1/common~1/dspace/gcc/103244~1.3_l/x86_64~1/bin/../../x86_64-linux-gnu/lib/crti.o
 .debug_abbrev  0x0000000000000012       0x58 .\BinaryArtifacts\turnlamp\HostPCLinux64_GCC\SmartServices_Cfg_generated.o
 .debug_abbrev  0x000000000000006a      0x142 .\BinaryArtifacts\turnlamp\HostPCLinux64_GCC\SmartServices.o
 .debug_abbrev  0x00000000000001ac      0x199 .\BinaryArtifacts\turnlamp\HostPCLinux64_GCC\SicAppFrm_Task_generated.o
 .debug_abbrev  0x0000000000000345      0x11d .\BinaryArtifacts\turnlamp\HostPCLinux64_GCC\SicAppFrm_AccPt_generated.o
 .debug_abbrev  0x0000000000000462      0x265 .\BinaryArtifacts\turnlamp\HostPCLinux64_GCC\SicAppFrm.o
 .debug_abbrev  0x00000000000006c7      0x173 .\BinaryArtifacts\turnlamp\HostPCLinux64_GCC\SicAppFrm_Queue.o
 .debug_abbrev  0x000000000000083a       0xd4 .\BinaryArtifacts\turnlamp\HostPCLinux64_GCC\VEOS_Api.o
 .debug_abbrev  0x000000000000090e       0xab .\BinaryArtifacts\turnlamp\HostPCLinux64_GCC\VEOS_BusApi.o
 .debug_abbrev  0x00000000000009b9      0x276 .\BinaryArtifacts\turnlamp\HostPCLinux64_GCC\VEOS_ExpApi.o
 .debug_abbrev  0x0000000000000c2f      0x240 .\BinaryArtifacts\turnlamp\HostPCLinux64_GCC\VEOS_SimApi.o
 .debug_abbrev  0x0000000000000e6f       0xab .\BinaryArtifacts\turnlamp\HostPCLinux64_GCC\VEOS_NotiApi.o
 .debug_abbrev  0x0000000000000f1a      0x1f7 .\BinaryArtifacts\turnlamp\HostPCLinux64_GCC\VEOS_MsgApi.o
 .debug_abbrev  0x0000000000001111       0xab .\BinaryArtifacts\turnlamp\HostPCLinux64_GCC\VEOS_PortApi.o
 .debug_abbrev  0x00000000000011bc       0xab .\BinaryArtifacts\turnlamp\HostPCLinux64_GCC\VEOS_OsTskApi.o
 .debug_abbrev  0x0000000000001267      0x1ed .\BinaryArtifacts\turnlamp\HostPCLinux64_GCC\VEOS_Interaction.o
 .debug_abbrev  0x0000000000001454       0xbc .\BinaryArtifacts\turnlamp\HostPCLinux64_GCC\VEOS.o
 .debug_abbrev  0x0000000000001510      0x1cc .\BinaryArtifacts\turnlamp\HostPCLinux64_GCC\VEOS_Impl.o
 .debug_abbrev  0x00000000000016dc      0x175 .\BinaryArtifacts\turnlamp\HostPCLinux64_GCC\DsMsgApi.o
 .debug_abbrev  0x0000000000001851      0x1f0 C:/Users/DSPACE~1/AppData/Local/Temp/VEOS_S~1/BinaryArtifacts/turnlamp/HostPCLinux64_GCC/VEOS_turnlamp.a(turnlamp_dsrtmdlfcn.obj)
 .debug_abbrev  0x0000000000001a41      0x1a8 C:/Users/DSPACE~1/AppData/Local/Temp/VEOS_S~1/BinaryArtifacts/turnlamp/HostPCLinux64_GCC/VEOS_turnlamp.a(turnlamp_dsrttf.obj)
 .debug_abbrev  0x0000000000001be9      0x35e C:/Users/DSPACE~1/AppData/Local/Temp/VEOS_S~1/BinaryArtifacts/turnlamp/HostPCLinux64_GCC/VEOS_turnlamp.a(turnlamp.obj)
 .debug_abbrev  0x0000000000001f47      0x171 C:/Users/DSPACE~1/AppData/Local/Temp/VEOS_S~1/BinaryArtifacts/turnlamp/HostPCLinux64_GCC/VEOS_turnlamp.a(rt_nonfinite.obj)
 .debug_abbrev  0x00000000000020b8       0xbc C:/Users/DSPACE~1/AppData/Local/Temp/VEOS_S~1/BinaryArtifacts/turnlamp/HostPCLinux64_GCC/VEOS_turnlamp.a(turnlamp_data.obj)
 .debug_abbrev  0x0000000000002174      0x193 C:/Users/DSPACE~1/AppData/Local/Temp/VEOS_S~1/BinaryArtifacts/turnlamp/HostPCLinux64_GCC/VEOS_turnlamp.a(turnlamp_dsrtvdf.obj)
 .debug_abbrev  0x0000000000002307      0x13d C:/Users/DSPACE~1/AppData/Local/Temp/VEOS_S~1/BinaryArtifacts/turnlamp/HostPCLinux64_GCC/VEOS_turnlamp.a(rtGetInf.obj)
 .debug_abbrev  0x0000000000002444      0x129 C:/Users/DSPACE~1/AppData/Local/Temp/VEOS_S~1/BinaryArtifacts/turnlamp/HostPCLinux64_GCC/VEOS_turnlamp.a(rtGetNaN.obj)
 .debug_abbrev  0x000000000000256d      0x137 C:/Users/DSPACE~1/AppData/Local/Temp/VEOS_S~1/GeneratedCode/LibraryFiles/ModelInit/ModelInit_HostPCLinux64_GCC_Debug.a(ModelInit.obj)
 .debug_abbrev  0x00000000000026a4      0x112 C:/Users/DSPACE~1/AppData/Local/Temp/VEOS_S~1/GeneratedCode/LibraryFiles/ModelInit/ModelInit_HostPCLinux64_GCC_Debug.a(VEOS_FrmRef.obj)
 .debug_abbrev  0x00000000000027b6      0x1fa C:/Users/DSPACE~1/AppData/Local/Temp/VEOS_S~1/GeneratedCode/LibraryFiles/ModelInit/NoEcuIoCore_HostPCLinux64_GCC_Debug.a(NoEcuInit.obj)
 .debug_abbrev  0x00000000000029b0      0x1fa C:/Users/DSPACE~1/AppData/Local/Temp/VEOS_S~1/GeneratedCode/LibraryFiles/ModelInit/NoCanIoCore_HostPCLinux64_GCC_Debug.a(NoCanInit.obj)
 .debug_abbrev  0x0000000000002baa      0x1fa C:/Users/DSPACE~1/AppData/Local/Temp/VEOS_S~1/GeneratedCode/LibraryFiles/ModelInit/NoLinIoCore_HostPCLinux64_GCC_Debug.a(NoLinInit.obj)
 .debug_abbrev  0x0000000000002da4      0x1fa C:/Users/DSPACE~1/AppData/Local/Temp/VEOS_S~1/GeneratedCode/LibraryFiles/ModelInit/NoEthIoCore_HostPCLinux64_GCC_Debug.a(NoEthInit.obj)
 .debug_abbrev  0x0000000000002f9e       0x12 c:/progra~1/common~1/dspace/gcc/103244~1.3_l/x86_64~1/bin/../../x86_64-linux-gnu/lib/crtn.o

.debug_line     0x0000000000000000     0x6448
 *(.debug_line .debug_line.* .debug_line_end)
 .debug_line    0x0000000000000000       0x65 c:/progra~1/common~1/dspace/gcc/103244~1.3_l/x86_64~1/bin/../../x86_64-linux-gnu/lib/crti.o
 .debug_line    0x0000000000000065       0xd0 .\BinaryArtifacts\turnlamp\HostPCLinux64_GCC\SmartServices_Cfg_generated.o
 .debug_line    0x0000000000000135      0x173 .\BinaryArtifacts\turnlamp\HostPCLinux64_GCC\SmartServices.o
 .debug_line    0x00000000000002a8      0x36b .\BinaryArtifacts\turnlamp\HostPCLinux64_GCC\SicAppFrm_Task_generated.o
 .debug_line    0x0000000000000613      0x22e .\BinaryArtifacts\turnlamp\HostPCLinux64_GCC\SicAppFrm_AccPt_generated.o
 .debug_line    0x0000000000000841      0x752 .\BinaryArtifacts\turnlamp\HostPCLinux64_GCC\SicAppFrm.o
 .debug_line    0x0000000000000f93      0x492 .\BinaryArtifacts\turnlamp\HostPCLinux64_GCC\SicAppFrm_Queue.o
 .debug_line    0x0000000000001425      0x150 .\BinaryArtifacts\turnlamp\HostPCLinux64_GCC\VEOS_Api.o
 .debug_line    0x0000000000001575       0xd6 .\BinaryArtifacts\turnlamp\HostPCLinux64_GCC\VEOS_BusApi.o
 .debug_line    0x000000000000164b      0x366 .\BinaryArtifacts\turnlamp\HostPCLinux64_GCC\VEOS_ExpApi.o
 .debug_line    0x00000000000019b1      0x656 .\BinaryArtifacts\turnlamp\HostPCLinux64_GCC\VEOS_SimApi.o
 .debug_line    0x0000000000002007       0xd6 .\BinaryArtifacts\turnlamp\HostPCLinux64_GCC\VEOS_NotiApi.o
 .debug_line    0x00000000000020dd      0x2cf .\BinaryArtifacts\turnlamp\HostPCLinux64_GCC\VEOS_MsgApi.o
 .debug_line    0x00000000000023ac       0xd7 .\BinaryArtifacts\turnlamp\HostPCLinux64_GCC\VEOS_PortApi.o
 .debug_line    0x0000000000002483       0xd7 .\BinaryArtifacts\turnlamp\HostPCLinux64_GCC\VEOS_OsTskApi.o
 .debug_line    0x000000000000255a      0x197 .\BinaryArtifacts\turnlamp\HostPCLinux64_GCC\VEOS_Interaction.o
 .debug_line    0x00000000000026f1      0x206 .\BinaryArtifacts\turnlamp\HostPCLinux64_GCC\VEOS.o
 .debug_line    0x00000000000028f7      0x54f .\BinaryArtifacts\turnlamp\HostPCLinux64_GCC\VEOS_Impl.o
 .debug_line    0x0000000000002e46      0x250 .\BinaryArtifacts\turnlamp\HostPCLinux64_GCC\DsMsgApi.o
 .debug_line    0x0000000000003096      0x1cd C:/Users/DSPACE~1/AppData/Local/Temp/VEOS_S~1/BinaryArtifacts/turnlamp/HostPCLinux64_GCC/VEOS_turnlamp.a(turnlamp_dsrtmdlfcn.obj)
 .debug_line    0x0000000000003263      0x18c C:/Users/DSPACE~1/AppData/Local/Temp/VEOS_S~1/BinaryArtifacts/turnlamp/HostPCLinux64_GCC/VEOS_turnlamp.a(turnlamp_dsrttf.obj)
 .debug_line    0x00000000000033ef     0x1400 C:/Users/DSPACE~1/AppData/Local/Temp/VEOS_S~1/BinaryArtifacts/turnlamp/HostPCLinux64_GCC/VEOS_turnlamp.a(turnlamp.obj)
 .debug_line    0x00000000000047ef      0x1f3 C:/Users/DSPACE~1/AppData/Local/Temp/VEOS_S~1/BinaryArtifacts/turnlamp/HostPCLinux64_GCC/VEOS_turnlamp.a(rt_nonfinite.obj)
 .debug_line    0x00000000000049e2       0xa0 C:/Users/DSPACE~1/AppData/Local/Temp/VEOS_S~1/BinaryArtifacts/turnlamp/HostPCLinux64_GCC/VEOS_turnlamp.a(turnlamp_data.obj)
 .debug_line    0x0000000000004a82      0x1ae C:/Users/DSPACE~1/AppData/Local/Temp/VEOS_S~1/BinaryArtifacts/turnlamp/HostPCLinux64_GCC/VEOS_turnlamp.a(turnlamp_dsrtvdf.obj)